12-21 00:36:07.890  7757  9079 E BufferQueueProducer: [d0d8d2d SurfaceView[InputMethod]#199(BLAST Consumer)199](id:1e4d000000c7,api:0,p:-1,c:7757) disconnect: not connected (req=1)
12-21 00:36:07.890  7757  9079 W HWUI    : native_window_api_disconnect failed: No such device (-19)
12-21 00:36:07.891  7757  7757 W TooltipLifecycleManager: TooltipLifecycleManager.dismissTooltips():153 Tooltip with id SUGGESTION_VIEW_EDU_MINI_DIALOG not found in tooltipManager.
12-21 00:36:07.911  3231  6663 W PresentationStatsEventLogger: Bad view state for: -1, state: ViewState: [id=1073741828:i32@270720304, state:e01a, currentValue:android.view.autofill.AutofillValue@34, virtualBounds:Rect(60, 180 - 740, 320)]
12-21 00:36:07.911  7757  7757 W TooltipLifecycleManager: TooltipLifecycleManager.dismissTooltips():153 Tooltip with id SUGGESTION_VIEW_EDU_MINI_DIALOG not found in tooltipManager.
12-21 00:36:07.918 30213 30213 D Autofill Status: Autofill popup was hidden.
12-21 00:36:07.943  7757  7757 E BufferQueueProducer: [3b7d310 SurfaceView[InputMethod]#198(BLAST Consumer)198](id:1e4d000000c6,api:0,p:-1,c:7757) disconnect: not connected (req=2)
12-21 00:36:08.042  2320  2540 I SDM     : DisplayBase::CommitThread: Received Idle Timeout, panel: cmd, timeout: 70000 us
12-21 00:36:08.052  2324  2493 E PERFHAL-SSLITE: PERFHAL-SSLITE: CheckOngoingScenario() 53: SSLite is disabled on this target
12-21 00:36:08.052  2324  2493 E PERFHAL-SSLITE: PERFHAL-SSLITE: StartScenario() 75: SSLite is disabled on this target
12-21 00:36:08.068  4592  4592 W Paint   : The elegant text height cannot be turned off.
12-21 00:36:08.069  4592  4592 W Paint   : The elegant text height cannot be turned off.
12-21 00:36:08.069  4592  4592 W Paint   : The elegant text height cannot be turned off.
12-21 00:36:08.070  4592  4592 W Paint   : The elegant text height cannot be turned off.
12-21 00:36:08.070  4592  4592 W Paint   : The elegant text height cannot be turned off.
12-21 00:36:08.070  4592  4592 W Paint   : The elegant text height cannot be turned off.
12-21 00:36:08.094  5845  5845 V InlineSuggestionRenderService: Releasing inline suggestion view host
12-21 00:36:08.100  3231  7165 W WindowManager: Failed looking up window session=Session{a8e0db2 5845:u0a10336} callers=com.android.server.wm.WindowManagerService.removeClientToken:2153 com.android.server.wm.Session.remove:270 android.view.IWindowSession$Stub.onTransact:696 
12-21 00:36:08.102  5845  5845 V InlineSuggestionRenderService: Removed the inline suggestion from the cache, current size=0
12-21 00:36:08.184  2320  2540 I SDM     : DisplayBase::CommitThread: Received Idle Timeout, panel: cmd, timeout: 70000 us
12-21 00:36:08.228  2515  2515 D Vibrator: perform
12-21 00:36:08.230  2515  2515 D Vibrator: on
12-21 00:36:08.236  2324  2493 E PERFHAL-SSLITE: PERFHAL-SSLITE: CheckOngoingScenario() 53: SSLite is disabled on this target
12-21 00:36:08.236  2324  2493 E PERFHAL-SSLITE: PERFHAL-SSLITE: StartScenario() 75: SSLite is disabled on this target
12-21 00:36:08.241  2515 30889 D Vibrator: waitForComplete
12-21 00:36:08.265  2515 30889 D Vibrator: waitForComplete: Get STOP! Set active to 0.
12-21 00:36:08.266  2515  2515 D Vibrator: off
12-21 00:36:08.274  7757  7757 W TooltipLifecycleManager: TooltipLifecycleManager.dismissTooltips():153 Tooltip with id SUGGESTION_VIEW_EDU_MINI_DIALOG not found in tooltipManager.
12-21 00:36:08.291  3231  7165 W PresentationStatsEventLogger: Bad view state for: -1, state: ViewState: [id=1073741828:i32@270720304, state:e01a, currentValue:android.view.autofill.AutofillValue@662, virtualBounds:Rect(60, 180 - 740, 320)]
12-21 00:36:08.384  2320  2540 I SDM     : DisplayBase::CommitThread: Received Idle Timeout, panel: cmd, timeout: 70000 us
12-21 00:36:08.554  2426  3202 D DisplayModeController: setDesiredMode 147 {mode={fps=30.00 Hz, modePtr={id=4, vsyncRate=30.00 Hz, peakRefreshRate=30.00 Hz}}, emitEvent=false, force=false}
12-21 00:36:08.556  2324  2493 E PERFHAL-SSLITE: PERFHAL-SSLITE: CheckOngoingScenario() 53: SSLite is disabled on this target
12-21 00:36:08.556  2324  2493 E PERFHAL-SSLITE: PERFHAL-SSLITE: StartScenario() 75: SSLite is disabled on this target
12-21 00:36:08.557  2320  2320 W SDM     : HWDeviceDRM::GetSupportedBitClkRate: Requested rate not supported: 944000000
12-21 00:36:08.557  2320  2320 I SDM     : HWDeviceDRM::UpdateMixerAttributes: Mixer WxH 1080x2340-1 for Peripheral
12-21 00:36:08.676  2320  2540 I SDM     : DisplayBase::CommitThread: Received Idle Timeout, panel: cmd, timeout: 69999 us
12-21 00:36:08.813  2426  3202 D DisplayModeController: setDesiredMode 147 {mode={fps=120.00 Hz, modePtr={id=0, vsyncRate=120.00 Hz, peakRefreshRate=120.00 Hz}}, emitEvent=true, force=false}
12-21 00:36:08.814  2324  2493 E PERFHAL-SSLITE: PERFHAL-SSLITE: CheckOngoingScenario() 53: SSLite is disabled on this target
12-21 00:36:08.814  2324  2493 E PERFHAL-SSLITE: PERFHAL-SSLITE: StartScenario() 75: SSLite is disabled on this target
12-21 00:36:08.830  2320  2320 W SDM     : HWDeviceDRM::GetSupportedBitClkRate: Requested rate not supported: 944000000
12-21 00:36:08.830  2320  2320 I SDM     : HWDeviceDRM::UpdateMixerAttributes: Mixer WxH 1080x2340-1 for Peripheral
12-21 00:36:08.943  2320  2540 I SDM     : DisplayBase::CommitThread: Received Idle Timeout, panel: cmd, timeout: 70000 us
12-21 00:36:08.974  2515  2515 D Vibrator: perform
12-21 00:36:08.975  2515  2515 D Vibrator: on
12-21 00:36:08.979  2324  2493 E PERFHAL-SSLITE: PERFHAL-SSLITE: CheckOngoingScenario() 53: SSLite is disabled on this target
12-21 00:36:08.979  2324  2493 E PERFHAL-SSLITE: PERFHAL-SSLITE: StartScenario() 75: SSLite is disabled on this target
12-21 00:36:08.986  2515 30898 D Vibrator: waitForComplete
12-21 00:36:09.009  2515 30898 D Vibrator: waitForComplete: Get STOP! Set active to 0.
12-21 00:36:09.010  2515  2515 D Vibrator: off
12-21 00:36:09.036  7757  7757 W TooltipLifecycleManager: TooltipLifecycleManager.dismissTooltips():153 Tooltip with id SUGGESTION_VIEW_EDU_MINI_DIALOG not found in tooltipManager.
12-21 00:36:09.054  3231  7165 W PresentationStatsEventLogger: Bad view state for: -1, state: ViewState: [id=1073741828:i32@270720304, state:e01a, currentValue:android.view.autofill.AutofillValue@c5f9, virtualBounds:Rect(60, 180 - 740, 320)]
12-21 00:36:09.068  4592  4592 W Paint   : The elegant text height cannot be turned off.
12-21 00:36:09.068  4592  4592 W Paint   : The elegant text height cannot be turned off.
12-21 00:36:09.068  4592  4592 W Paint   : The elegant text height cannot be turned off.
12-21 00:36:09.069  4592  4592 W Paint   : The elegant text height cannot be turned off.
12-21 00:36:09.070  4592  4592 W Paint   : The elegant text height cannot be turned off.
12-21 00:36:09.070  4592  4592 W Paint   : The elegant text height cannot be turned off.
12-21 00:36:09.144  2320  2540 I SDM     : DisplayBase::CommitThread: Received Idle Timeout, panel: cmd, timeout: 70000 us
12-21 00:36:09.178  2327  2327 I vendor.qti.hardware.servicetrackeraidl-service: destroyService is called for service : com.google.android.gms/.chimera.UiIntentOperationService
12-21 00:36:09.313  2426  3202 D DisplayModeController: setDesiredMode 147 {mode={fps=30.00 Hz, modePtr={id=4, vsyncRate=30.00 Hz, peakRefreshRate=30.00 Hz}}, emitEvent=false, force=false}
12-21 00:36:09.315  2324  2493 E PERFHAL-SSLITE: PERFHAL-SSLITE: CheckOngoingScenario() 53: SSLite is disabled on this target
12-21 00:36:09.315  2324  2493 E PERFHAL-SSLITE: PERFHAL-SSLITE: StartScenario() 75: SSLite is disabled on this target
12-21 00:36:09.316  2320  2320 W SDM     : HWDeviceDRM::GetSupportedBitClkRate: Requested rate not supported: 944000000
12-21 00:36:09.316  2320  2320 I SDM     : HWDeviceDRM::UpdateMixerAttributes: Mixer WxH 1080x2340-1 for Peripheral
12-21 00:36:09.322  2426  3201 D DisplayModeController: setDesiredMode 147 {mode={fps=120.00 Hz, modePtr={id=0, vsyncRate=120.00 Hz, peakRefreshRate=120.00 Hz}}, emitEvent=true, force=false}
12-21 00:36:09.323  2515  2515 D Vibrator: perform
12-21 00:36:09.324  2320  2320 W SDM     : HWDeviceDRM::GetSupportedBitClkRate: Requested rate not supported: 944000000
12-21 00:36:09.324  2320  2320 I SDM     : HWDeviceDRM::UpdateMixerAttributes: Mixer WxH 1080x2340-1 for Peripheral
12-21 00:36:09.325  2515  2515 D Vibrator: on
12-21 00:36:09.335  2515 30902 D Vibrator: waitForComplete
12-21 00:36:09.359  2515 30902 D Vibrator: waitForComplete: Get STOP! Set active to 0.
12-21 00:36:09.359  2515  2515 D Vibrator: off
12-21 00:36:09.380  7757  7757 W TooltipLifecycleManager: TooltipLifecycleManager.dismissTooltips():153 Tooltip with id SUGGESTION_VIEW_EDU_MINI_DIALOG not found in tooltipManager.
12-21 00:36:09.401  3231  7165 W PresentationStatsEventLogger: Bad view state for: -1, state: ViewState: [id=1073741828:i32@270720304, state:e01a, currentValue:android.view.autofill.AutofillValue@17f939, virtualBounds:Rect(60, 180 - 740, 320)]
12-21 00:36:09.494  2320  2540 I SDM     : DisplayBase::CommitThread: Received Idle Timeout, panel: cmd, timeout: 69999 us
12-21 00:36:09.666  2426  3202 D DisplayModeController: setDesiredMode 147 {mode={fps=30.00 Hz, modePtr={id=4, vsyncRate=30.00 Hz, peakRefreshRate=30.00 Hz}}, emitEvent=false, force=false}
12-21 00:36:09.667  2324  2493 E PERFHAL-SSLITE: PERFHAL-SSLITE: CheckOngoingScenario() 53: SSLite is disabled on this target
12-21 00:36:09.668  2324  2493 E PERFHAL-SSLITE: PERFHAL-SSLITE: StartScenario() 75: SSLite is disabled on this target
12-21 00:36:09.668  2320  2320 W SDM     : HWDeviceDRM::GetSupportedBitClkRate: Requested rate not supported: 944000000
12-21 00:36:09.669  2320  2320 I SDM     : HWDeviceDRM::UpdateMixerAttributes: Mixer WxH 1080x2340-1 for Peripheral
12-21 00:36:09.786  2320  2540 I SDM     : DisplayBase::CommitThread: Received Idle Timeout, panel: cmd, timeout: 70000 us
12-21 00:36:09.924  2426  3202 D DisplayModeController: setDesiredMode 147 {mode={fps=120.00 Hz, modePtr={id=0, vsyncRate=120.00 Hz, peakRefreshRate=120.00 Hz}}, emitEvent=true, force=false}
12-21 00:36:09.925  2324  2493 E PERFHAL-SSLITE: PERFHAL-SSLITE: CheckOngoingScenario() 53: SSLite is disabled on this target
12-21 00:36:09.925  2324  2493 E PERFHAL-SSLITE: PERFHAL-SSLITE: StartScenario() 75: SSLite is disabled on this target
12-21 00:36:09.940  2320  2320 W SDM     : HWDeviceDRM::GetSupportedBitClkRate: Requested rate not supported: 944000000
12-21 00:36:09.940  2320  2320 I SDM     : HWDeviceDRM::UpdateMixerAttributes: Mixer WxH 1080x2340-1 for Peripheral
12-21 00:36:10.053  2320  2540 I SDM     : DisplayBase::CommitThread: Received Idle Timeout, panel: cmd, timeout: 70000 us
12-21 00:36:10.069  4592  4592 W Paint   : The elegant text height cannot be turned off.
12-21 00:36:10.070  4592  4592 W Paint   : The elegant text height cannot be turned off.
12-21 00:36:10.070  4592  4592 W Paint   : The elegant text height cannot be turned off.
12-21 00:36:10.073  4592  4592 W Paint   : The elegant text height cannot be turned off.
12-21 00:36:10.073  4592  4592 W Paint   : The elegant text height cannot be turned off.
12-21 00:36:10.073  4592  4592 W Paint   : The elegant text height cannot be turned off.
12-21 00:36:10.087  2515  2515 D Vibrator: perform
12-21 00:36:10.089  2515  2515 D Vibrator: on
12-21 00:36:10.097  2324  2493 E PERFHAL-SSLITE: PERFHAL-SSLITE: CheckOngoingScenario() 53: SSLite is disabled on this target
12-21 00:36:10.097  2324  2493 E PERFHAL-SSLITE: PERFHAL-SSLITE: StartScenario() 75: SSLite is disabled on this target
12-21 00:36:10.098  2324  2493 E PERFHAL-SSLITE: PERFHAL-SSLITE: CheckOngoingScenario() 53: SSLite is disabled on this target
12-21 00:36:10.098  2324  2493 E PERFHAL-SSLITE: PERFHAL-SSLITE: StartScenario() 75: SSLite is disabled on this target
12-21 00:36:10.100  2515 30915 D Vibrator: waitForComplete
12-21 00:36:10.108  7757  7757 W TooltipLifecycleManager: TooltipLifecycleManager.dismissTooltips():153 Tooltip with id SUGGESTION_VIEW_EDU_MINI_DIALOG not found in tooltipManager.
12-21 00:36:10.124  2515 30915 D Vibrator: waitForComplete: Get STOP! Set active to 0.
12-21 00:36:10.124  2515  2515 D Vibrator: off
12-21 00:36:10.129  3231  6663 W PresentationStatsEventLogger: Bad view state for: -1, state: ViewState: [id=1073741828:i32@270720304, state:e01a, currentValue:android.view.autofill.AutofillValue@2e72e00, virtualBounds:Rect(60, 180 - 740, 320)]
12-21 00:36:10.229  2515  2515 D Vibrator: perform
12-21 00:36:10.230  2515  2515 D Vibrator: on
12-21 00:36:10.237  2320  2540 I SDM     : DisplayBase::CommitThread: Received Idle Timeout, panel: cmd, timeout: 70000 us
12-21 00:36:10.240  2324  2493 E PERFHAL-SSLITE: PERFHAL-SSLITE: CheckOngoingScenario() 53: SSLite is disabled on this target
12-21 00:36:10.240  2324  2493 E PERFHAL-SSLITE: PERFHAL-SSLITE: StartScenario() 75: SSLite is disabled on this target
12-21 00:36:10.240  2515 30919 D Vibrator: waitForComplete
12-21 00:36:10.263  2515 30919 D Vibrator: waitForComplete: Get STOP! Set active to 0.
12-21 00:36:10.263  2515  2515 D Vibrator: off
12-21 00:36:10.272  7026  7327 D LogUtil_LogConfig: getLogFile(): logFilePath = /data/user/0/com.huawei.health/files/com.huawei.health/com.huawei.health_DaemonService/
12-21 00:36:10.300  7757  7757 W TooltipLifecycleManager: TooltipLifecycleManager.dismissTooltips():153 Tooltip with id SUGGESTION_VIEW_EDU_MINI_DIALOG not found in tooltipManager.
12-21 00:36:10.316  3231  6663 W PresentationStatsEventLogger: Bad view state for: -1, state: ViewState: [id=1073741828:i32@270720304, state:e01a, currentValue:android.view.autofill.AutofillValue@59fe9219, virtualBounds:Rect(60, 180 - 740, 320)]
12-21 00:36:10.411  2320  2540 I SDM     : DisplayBase::CommitThread: Received Idle Timeout, panel: cmd, timeout: 70000 us
12-21 00:36:10.581  2426  3202 D DisplayModeController: setDesiredMode 147 {mode={fps=30.00 Hz, modePtr={id=4, vsyncRate=30.00 Hz, peakRefreshRate=30.00 Hz}}, emitEvent=false, force=false}
12-21 00:36:10.582  2324  2493 E PERFHAL-SSLITE: PERFHAL-SSLITE: CheckOngoingScenario() 53: SSLite is disabled on this target
12-21 00:36:10.582  2324  2493 E PERFHAL-SSLITE: PERFHAL-SSLITE: StartScenario() 75: SSLite is disabled on this target
12-21 00:36:10.584  2320  2320 W SDM     : HWDeviceDRM::GetSupportedBitClkRate: Requested rate not supported: 944000000
12-21 00:36:10.584  2320  2320 I SDM     : HWDeviceDRM::UpdateMixerAttributes: Mixer WxH 1080x2340-1 for Peripheral
12-21 00:36:10.703  2320  2540 I SDM     : DisplayBase::CommitThread: Received Idle Timeout, panel: cmd, timeout: 70000 us
12-21 00:36:10.840  2426  3202 D DisplayModeController: setDesiredMode 147 {mode={fps=120.00 Hz, modePtr={id=0, vsyncRate=120.00 Hz, peakRefreshRate=120.00 Hz}}, emitEvent=true, force=false}
12-21 00:36:10.841  2324  2493 E PERFHAL-SSLITE: PERFHAL-SSLITE: CheckOngoingScenario() 53: SSLite is disabled on this target
12-21 00:36:10.841  2324  2493 E PERFHAL-SSLITE: PERFHAL-SSLITE: StartScenario() 75: SSLite is disabled on this target
12-21 00:36:10.857  2320  2320 W SDM     : HWDeviceDRM::GetSupportedBitClkRate: Requested rate not supported: 944000000
12-21 00:36:10.857  2320  2320 I SDM     : HWDeviceDRM::UpdateMixerAttributes: Mixer WxH 1080x2340-1 for Peripheral
12-21 00:36:10.970  2320  2540 I SDM     : DisplayBase::CommitThread: Received Idle Timeout, panel: cmd, timeout: 69999 us
12-21 00:36:11.069  4592  4592 W Paint   : The elegant text height cannot be turned off.
12-21 00:36:11.070  4592  4592 W Paint   : The elegant text height cannot be turned off.
12-21 00:36:11.070  4592  4592 W Paint   : The elegant text height cannot be turned off.
12-21 00:36:11.073  4592  4592 W Paint   : The elegant text height cannot be turned off.
12-21 00:36:11.073  4592  4592 W Paint   : The elegant text height cannot be turned off.
12-21 00:36:11.073  4592  4592 W Paint   : The elegant text height cannot be turned off.
12-21 00:36:11.091  2426  3202 D DisplayModeController: setDesiredMode 147 {mode={fps=30.00 Hz, modePtr={id=4, vsyncRate=30.00 Hz, peakRefreshRate=30.00 Hz}}, emitEvent=false, force=false}
12-21 00:36:11.091  2324  2493 E PERFHAL-SSLITE: PERFHAL-SSLITE: CheckOngoingScenario() 53: SSLite is disabled on this target
12-21 00:36:11.091  2324  2493 E PERFHAL-SSLITE: PERFHAL-SSLITE: StartScenario() 75: SSLite is disabled on this target
12-21 00:36:11.093  2320  2320 W SDM     : HWDeviceDRM::GetSupportedBitClkRate: Requested rate not supported: 944000000
12-21 00:36:11.093  2320  2320 I SDM     : HWDeviceDRM::UpdateMixerAttributes: Mixer WxH 1080x2340-1 for Peripheral
12-21 00:36:11.150  2426  3201 D DisplayModeController: setDesiredMode 147 {mode={fps=120.00 Hz, modePtr={id=0, vsyncRate=120.00 Hz, peakRefreshRate=120.00 Hz}}, emitEvent=true, force=false}
12-21 00:36:11.154  2515  2515 D Vibrator: perform
12-21 00:36:11.156  2515  2515 D Vibrator: on
12-21 00:36:11.165  2320  2320 W SDM     : HWDeviceDRM::GetSupportedBitClkRate: Requested rate not supported: 944000000
12-21 00:36:11.166  2320  2320 I SDM     : HWDeviceDRM::UpdateMixerAttributes: Mixer WxH 1080x2340-1 for Peripheral
12-21 00:36:11.166  2515 30930 D Vibrator: waitForComplete
12-21 00:36:11.190  2515 30930 D Vibrator: waitForComplete: Get STOP! Set active to 0.
12-21 00:36:11.190  2515  2515 D Vibrator: off
12-21 00:36:11.216  7757  7757 W TooltipLifecycleManager: TooltipLifecycleManager.dismissTooltips():153 Tooltip with id SUGGESTION_VIEW_EDU_MINI_DIALOG not found in tooltipManager.
12-21 00:36:11.234  2426  4306 W HWComposer: Ignoring duplicate VSYNC event from HWC for display 147 (t=64704166432000)
12-21 00:36:11.235  3231  7165 W PresentationStatsEventLogger: Bad view state for: -1, state: ViewState: [id=1073741828:i32@270720304, state:e01a, currentValue:android.view.autofill.AutofillValue@2e72e00, virtualBounds:Rect(60, 180 - 740, 320)]
12-21 00:36:11.242  2426  4306 W HWComposer: Ignoring duplicate VSYNC event from HWC for display 147 (t=64704174772000)
12-21 00:36:11.250  2426  2587 W HWComposer: Ignoring duplicate VSYNC event from HWC for display 147 (t=64704183111000)
12-21 00:36:11.259  2426  4306 W HWComposer: Ignoring duplicate VSYNC event from HWC for display 147 (t=64704191450000)
12-21 00:36:11.330  2320  2540 I SDM     : DisplayBase::CommitThread: Received Idle Timeout, panel: cmd, timeout: 69999 us
12-21 00:36:11.498  2426  3202 D DisplayModeController: setDesiredMode 147 {mode={fps=30.00 Hz, modePtr={id=4, vsyncRate=30.00 Hz, peakRefreshRate=30.00 Hz}}, emitEvent=false, force=false}
12-21 00:36:11.500  2324  2493 E PERFHAL-SSLITE: PERFHAL-SSLITE: CheckOngoingScenario() 53: SSLite is disabled on this target
12-21 00:36:11.500  2324  2493 E PERFHAL-SSLITE: PERFHAL-SSLITE: StartScenario() 75: SSLite is disabled on this target
12-21 00:36:11.501  2320  2320 W SDM     : HWDeviceDRM::GetSupportedBitClkRate: Requested rate not supported: 944000000
12-21 00:36:11.502  2320  2320 I SDM     : HWDeviceDRM::UpdateMixerAttributes: Mixer WxH 1080x2340-1 for Peripheral
12-21 00:36:11.621  2320  2540 I SDM     : DisplayBase::CommitThread: Received Idle Timeout, panel: cmd, timeout: 70000 us
12-21 00:36:11.758  2426  3202 D DisplayModeController: setDesiredMode 147 {mode={fps=120.00 Hz, modePtr={id=0, vsyncRate=120.00 Hz, peakRefreshRate=120.00 Hz}}, emitEvent=true, force=false}
12-21 00:36:11.758  2324  2493 E PERFHAL-SSLITE: PERFHAL-SSLITE: CheckOngoingScenario() 53: SSLite is disabled on this target
12-21 00:36:11.759  2324  2493 E PERFHAL-SSLITE: PERFHAL-SSLITE: StartScenario() 75: SSLite is disabled on this target
12-21 00:36:11.774  2320  2320 W SDM     : HWDeviceDRM::GetSupportedBitClkRate: Requested rate not supported: 944000000
12-21 00:36:11.775  2320  2320 I SDM     : HWDeviceDRM::UpdateMixerAttributes: Mixer WxH 1080x2340-1 for Peripheral
12-21 00:36:11.888  2320  2540 I SDM     : DisplayBase::CommitThread: Received Idle Timeout, panel: cmd, timeout: 70000 us
12-21 00:36:12.008  2426  3202 D DisplayModeController: setDesiredMode 147 {mode={fps=30.00 Hz, modePtr={id=4, vsyncRate=30.00 Hz, peakRefreshRate=30.00 Hz}}, emitEvent=false, force=false}
12-21 00:36:12.009  2324  2493 E PERFHAL-SSLITE: PERFHAL-SSLITE: CheckOngoingScenario() 53: SSLite is disabled on this target
12-21 00:36:12.009  2324  2493 E PERFHAL-SSLITE: PERFHAL-SSLITE: StartScenario() 75: SSLite is disabled on this target
12-21 00:36:12.010  2320  2320 W SDM     : HWDeviceDRM::GetSupportedBitClkRate: Requested rate not supported: 944000000
12-21 00:36:12.011  2320  2320 I SDM     : HWDeviceDRM::UpdateMixerAttributes: Mixer WxH 1080x2340-1 for Peripheral
12-21 00:36:12.069  4592  4592 W Paint   : The elegant text height cannot be turned off.
12-21 00:36:12.070  4592  4592 W Paint   : The elegant text height cannot be turned off.
12-21 00:36:12.070  4592  4592 W Paint   : The elegant text height cannot be turned off.
12-21 00:36:12.072  4592  4592 W Paint   : The elegant text height cannot be turned off.
12-21 00:36:12.072  4592  4592 W Paint   : The elegant text height cannot be turned off.
12-21 00:36:12.072  4592  4592 W Paint   : The elegant text height cannot be turned off.
12-21 00:36:12.089  2426  3201 D DisplayModeController: setDesiredMode 147 {mode={fps=120.00 Hz, modePtr={id=0, vsyncRate=120.00 Hz, peakRefreshRate=120.00 Hz}}, emitEvent=true, force=false}
12-21 00:36:12.092  2515  2515 D Vibrator: perform
12-21 00:36:12.096  2515  2515 D Vibrator: on
12-21 00:36:12.107  2515 30940 D Vibrator: waitForComplete
12-21 00:36:12.116  2320  2320 W SDM     : HWDeviceDRM::GetSupportedBitClkRate: Requested rate not supported: 944000000
12-21 00:36:12.116  2320  2320 I SDM     : HWDeviceDRM::UpdateMixerAttributes: Mixer WxH 1080x2340-1 for Peripheral
12-21 00:36:12.130  2515 30940 D Vibrator: waitForComplete: Get STOP! Set active to 0.
12-21 00:36:12.131  2515  2515 D Vibrator: off
12-21 00:36:12.144  7757  7757 W TooltipLifecycleManager: TooltipLifecycleManager.dismissTooltips():153 Tooltip with id SUGGESTION_VIEW_EDU_MINI_DIALOG not found in tooltipManager.
12-21 00:36:12.161  2327  2327 I vendor.qti.hardware.servicetrackeraidl-service: unbindService is called for service : com.google.android.gms/.chimera.PersistentApiService and for client com.google.android.gms.persistent
12-21 00:36:12.164  3231  7165 W PresentationStatsEventLogger: Bad view state for: -1, state: ViewState: [id=1073741828:i32@270720304, state:e01a, currentValue:android.view.autofill.AutofillValue@59fe9218, virtualBounds:Rect(60, 180 - 740, 320)]
12-21 00:36:12.263  2320  2540 I SDM     : DisplayBase::CommitThread: Received Idle Timeout, panel: cmd, timeout: 70000 us
12-21 00:36:12.427  2426  3202 D DisplayModeController: setDesiredMode 147 {mode={fps=30.00 Hz, modePtr={id=4, vsyncRate=30.00 Hz, peakRefreshRate=30.00 Hz}}, emitEvent=false, force=false}
12-21 00:36:12.429  2324  2493 E PERFHAL-SSLITE: PERFHAL-SSLITE: CheckOngoingScenario() 53: SSLite is disabled on this target
12-21 00:36:12.430  2324  2493 E PERFHAL-SSLITE: PERFHAL-SSLITE: StartScenario() 75: SSLite is disabled on this target
12-21 00:36:12.430  2320  2320 W SDM     : HWDeviceDRM::GetSupportedBitClkRate: Requested rate not supported: 944000000
12-21 00:36:12.430  2320  2320 I SDM     : HWDeviceDRM::UpdateMixerAttributes: Mixer WxH 1080x2340-1 for Peripheral
12-21 00:36:12.546  2320  2540 I SDM     : DisplayBase::CommitThread: Received Idle Timeout, panel: cmd, timeout: 70000 us
12-21 00:36:12.594  5342 30736 I NearbyMediums: No BLE Fast/GATT advertisements found in the latest cycle.
12-21 00:36:12.594  5342 30736 I NearbyMediums: Current Tracked Scanning Clients are : {NearbyConnections.EnvironmentMonitor, NearbySharing}
12-21 00:36:12.685  2426  3202 D DisplayModeController: setDesiredMode 147 {mode={fps=120.00 Hz, modePtr={id=0, vsyncRate=120.00 Hz, peakRefreshRate=120.00 Hz}}, emitEvent=true, force=false}
12-21 00:36:12.685  2324  2493 E PERFHAL-SSLITE: PERFHAL-SSLITE: CheckOngoingScenario() 53: SSLite is disabled on this target
12-21 00:36:12.685  2324  2493 E PERFHAL-SSLITE: PERFHAL-SSLITE: StartScenario() 75: SSLite is disabled on this target
12-21 00:36:12.701  2320  2320 W SDM     : HWDeviceDRM::GetSupportedBitClkRate: Requested rate not supported: 944000000
12-21 00:36:12.701  2320  2320 I SDM     : HWDeviceDRM::UpdateMixerAttributes: Mixer WxH 1080x2340-1 for Peripheral
12-21 00:36:12.813  2320  2540 I SDM     : DisplayBase::CommitThread: Received Idle Timeout, panel: cmd, timeout: 70000 us
12-21 00:36:12.905  2515  2515 D Vibrator: perform
12-21 00:36:12.907  2515  2515 D Vibrator: on
12-21 00:36:12.915  2324  2493 E PERFHAL-SSLITE: PERFHAL-SSLITE: CheckOngoingScenario() 53: SSLite is disabled on this target
12-21 00:36:12.915  2324  2493 E PERFHAL-SSLITE: PERFHAL-SSLITE: StartScenario() 75: SSLite is disabled on this target
12-21 00:36:12.918  2515 30949 D Vibrator: waitForComplete
12-21 00:36:12.942  2515 30949 D Vibrator: waitForComplete: Get STOP! Set active to 0.
12-21 00:36:12.942  2515  2515 D Vibrator: off
12-21 00:36:12.974  7757  7757 W TooltipLifecycleManager: TooltipLifecycleManager.dismissTooltips():153 Tooltip with id SUGGESTION_VIEW_EDU_MINI_DIALOG not found in tooltipManager.
12-21 00:36:12.992  3231  8112 W PresentationStatsEventLogger: Bad view state for: -1, state: ViewState: [id=1073741828:i32@270720304, state:e01a, currentValue:android.view.autofill.AutofillValue@e5d3b0fb, virtualBounds:Rect(60, 180 - 740, 320)]
12-21 00:36:13.069  4592  4592 W Paint   : The elegant text height cannot be turned off.
12-21 00:36:13.069  4592  4592 W Paint   : The elegant text height cannot be turned off.
12-21 00:36:13.070  4592  4592 W Paint   : The elegant text height cannot be turned off.
12-21 00:36:13.072  4592  4592 W Paint   : The elegant text height cannot be turned off.
12-21 00:36:13.072  4592  4592 W Paint   : The elegant text height cannot be turned off.
12-21 00:36:13.072  4592  4592 W Paint   : The elegant text height cannot be turned off.
12-21 00:36:13.080  2320  2540 I SDM     : DisplayBase::CommitThread: Received Idle Timeout, panel: cmd, timeout: 70000 us
12-21 00:36:13.106  6948  6948 W SMARTNET: [WifiLinkLayerStatsCollector] Unable to fetch link layer stats. Refresh is aborted: Operation already in progress
12-21 00:36:13.250  2426  3202 D DisplayModeController: setDesiredMode 147 {mode={fps=30.00 Hz, modePtr={id=4, vsyncRate=30.00 Hz, peakRefreshRate=30.00 Hz}}, emitEvent=false, force=false}
12-21 00:36:13.252  2324  2493 E PERFHAL-SSLITE: PERFHAL-SSLITE: CheckOngoingScenario() 53: SSLite is disabled on this target
12-21 00:36:13.252  2324  2493 E PERFHAL-SSLITE: PERFHAL-SSLITE: StartScenario() 75: SSLite is disabled on this target
12-21 00:36:13.252  2320  2320 W SDM     : HWDeviceDRM::GetSupportedBitClkRate: Requested rate not supported: 944000000
12-21 00:36:13.253  2320  2320 I SDM     : HWDeviceDRM::UpdateMixerAttributes: Mixer WxH 1080x2340-1 for Peripheral
12-21 00:36:13.328  2426  3201 D DisplayModeController: setDesiredMode 147 {mode={fps=120.00 Hz, modePtr={id=0, vsyncRate=120.00 Hz, peakRefreshRate=120.00 Hz}}, emitEvent=true, force=false}
12-21 00:36:13.332  2515  2515 D Vibrator: perform
12-21 00:36:13.334  2515  2515 D Vibrator: on
12-21 00:36:13.345  2515 30954 D Vibrator: waitForComplete
12-21 00:36:13.351  2320  2320 W SDM     : HWDeviceDRM::GetSupportedBitClkRate: Requested rate not supported: 944000000
12-21 00:36:13.351  2320  2320 I SDM     : HWDeviceDRM::UpdateMixerAttributes: Mixer WxH 1080x2340-1 for Peripheral
12-21 00:36:13.369  2515 30954 D Vibrator: waitForComplete: Get STOP! Set active to 0.
12-21 00:36:13.370  2515  2515 D Vibrator: off
12-21 00:36:13.410  7757  7757 W TooltipLifecycleManager: TooltipLifecycleManager.dismissTooltips():153 Tooltip with id SUGGESTION_VIEW_EDU_MINI_DIALOG not found in tooltipManager.
12-21 00:36:13.430  3231  7165 W PresentationStatsEventLogger: Bad view state for: -1, state: ViewState: [id=1073741828:i32@270720304, state:e01a, currentValue:android.view.autofill.AutofillValue@d4a26e79, virtualBounds:Rect(60, 180 - 740, 320)]
12-21 00:36:13.531  2320  2540 I SDM     : DisplayBase::CommitThread: Received Idle Timeout, panel: cmd, timeout: 70000 us
12-21 00:36:13.692  2426  3202 D DisplayModeController: setDesiredMode 147 {mode={fps=30.00 Hz, modePtr={id=4, vsyncRate=30.00 Hz, peakRefreshRate=30.00 Hz}}, emitEvent=false, force=false}
12-21 00:36:13.693  2324  2493 E PERFHAL-SSLITE: PERFHAL-SSLITE: CheckOngoingScenario() 53: SSLite is disabled on this target
12-21 00:36:13.693  2324  2493 E PERFHAL-SSLITE: PERFHAL-SSLITE: StartScenario() 75: SSLite is disabled on this target
12-21 00:36:13.694  2320  2320 W SDM     : HWDeviceDRM::GetSupportedBitClkRate: Requested rate not supported: 944000000
12-21 00:36:13.695  2320  2320 I SDM     : HWDeviceDRM::UpdateMixerAttributes: Mixer WxH 1080x2340-1 for Peripheral
12-21 00:36:13.841  2320  2540 I SDM     : DisplayBase::CommitThread: Received Idle Timeout, panel: cmd, timeout: 70000 us
12-21 00:36:13.976  2426  3202 D DisplayModeController: setDesiredMode 147 {mode={fps=120.00 Hz, modePtr={id=0, vsyncRate=120.00 Hz, peakRefreshRate=120.00 Hz}}, emitEvent=true, force=false}
12-21 00:36:13.977  2324  2493 E PERFHAL-SSLITE: PERFHAL-SSLITE: CheckOngoingScenario() 53: SSLite is disabled on this target
12-21 00:36:13.977  2324  2493 E PERFHAL-SSLITE: PERFHAL-SSLITE: StartScenario() 75: SSLite is disabled on this target
12-21 00:36:13.993  2320  2320 W SDM     : HWDeviceDRM::GetSupportedBitClkRate: Requested rate not supported: 944000000
12-21 00:36:13.993  2320  2320 I SDM     : HWDeviceDRM::UpdateMixerAttributes: Mixer WxH 1080x2340-1 for Peripheral
12-21 00:36:14.068  4592  4592 W Paint   : The elegant text height cannot be turned off.
12-21 00:36:14.069  4592  4592 W Paint   : The elegant text height cannot be turned off.
12-21 00:36:14.069  4592  4592 W Paint   : The elegant text height cannot be turned off.
12-21 00:36:14.072  4592  4592 W Paint   : The elegant text height cannot be turned off.
12-21 00:36:14.072  4592  4592 W Paint   : The elegant text height cannot be turned off.
12-21 00:36:14.072  4592  4592 W Paint   : The elegant text height cannot be turned off.
12-21 00:36:14.107  2320  2540 I SDM     : DisplayBase::CommitThread: Received Idle Timeout, panel: cmd, timeout: 70000 us
12-21 00:36:14.135  2515  2515 D Vibrator: perform
12-21 00:36:14.136  2515  2515 D Vibrator: on
12-21 00:36:14.143  2324  2493 E PERFHAL-SSLITE: PERFHAL-SSLITE: CheckOngoingScenario() 53: SSLite is disabled on this target
12-21 00:36:14.143  2324  2493 E PERFHAL-SSLITE: PERFHAL-SSLITE: StartScenario() 75: SSLite is disabled on this target
12-21 00:36:14.147  2515 30965 D Vibrator: waitForComplete
12-21 00:36:14.170  2515 30965 D Vibrator: waitForComplete: Get STOP! Set active to 0.
12-21 00:36:14.171  2515  2515 D Vibrator: off
12-21 00:36:14.189  7757  7757 W TooltipLifecycleManager: TooltipLifecycleManager.dismissTooltips():153 Tooltip with id SUGGESTION_VIEW_EDU_MINI_DIALOG not found in tooltipManager.
12-21 00:36:14.209  3231  8112 W PresentationStatsEventLogger: Bad view state for: -1, state: ViewState: [id=1073741828:i32@270720304, state:e01a, currentValue:android.view.autofill.AutofillValue@bfab60be, virtualBounds:Rect(60, 180 - 740, 320)]
12-21 00:36:14.306  2320  2540 I SDM     : DisplayBase::CommitThread: Received Idle Timeout, panel: cmd, timeout: 70000 us
12-21 00:36:14.476  2426  3202 D DisplayModeController: setDesiredMode 147 {mode={fps=30.00 Hz, modePtr={id=4, vsyncRate=30.00 Hz, peakRefreshRate=30.00 Hz}}, emitEvent=false, force=false}
12-21 00:36:14.477  2324  2493 E PERFHAL-SSLITE: PERFHAL-SSLITE: CheckOngoingScenario() 53: SSLite is disabled on this target
12-21 00:36:14.477  2324  2493 E PERFHAL-SSLITE: PERFHAL-SSLITE: StartScenario() 75: SSLite is disabled on this target
12-21 00:36:14.480  2320  2320 W SDM     : HWDeviceDRM::GetSupportedBitClkRate: Requested rate not supported: 944000000
12-21 00:36:14.480  2320  2320 I SDM     : HWDeviceDRM::UpdateMixerAttributes: Mixer WxH 1080x2340-1 for Peripheral
12-21 00:36:14.624  2320  2540 I SDM     : DisplayBase::CommitThread: Received Idle Timeout, panel: cmd, timeout: 70000 us
12-21 00:36:14.761  2426  3202 D DisplayModeController: setDesiredMode 147 {mode={fps=120.00 Hz, modePtr={id=0, vsyncRate=120.00 Hz, peakRefreshRate=120.00 Hz}}, emitEvent=true, force=false}
12-21 00:36:14.762  2324  2493 E PERFHAL-SSLITE: PERFHAL-SSLITE: CheckOngoingScenario() 53: SSLite is disabled on this target
12-21 00:36:14.762  2324  2493 E PERFHAL-SSLITE: PERFHAL-SSLITE: StartScenario() 75: SSLite is disabled on this target
12-21 00:36:14.778  2320  2320 W SDM     : HWDeviceDRM::GetSupportedBitClkRate: Requested rate not supported: 944000000
12-21 00:36:14.778  2320  2320 I SDM     : HWDeviceDRM::UpdateMixerAttributes: Mixer WxH 1080x2340-1 for Peripheral
12-21 00:36:14.890  2320  2540 I SDM     : DisplayBase::CommitThread: Received Idle Timeout, panel: cmd, timeout: 70000 us
12-21 00:36:15.012  2426  3202 D DisplayModeController: setDesiredMode 147 {mode={fps=30.00 Hz, modePtr={id=4, vsyncRate=30.00 Hz, peakRefreshRate=30.00 Hz}}, emitEvent=false, force=false}
12-21 00:36:15.013  2324  2493 E PERFHAL-SSLITE: PERFHAL-SSLITE: CheckOngoingScenario() 53: SSLite is disabled on this target
12-21 00:36:15.013  2324  2493 E PERFHAL-SSLITE: PERFHAL-SSLITE: StartScenario() 75: SSLite is disabled on this target
12-21 00:36:15.013  2320  2320 W SDM     : HWDeviceDRM::GetSupportedBitClkRate: Requested rate not supported: 944000000
12-21 00:36:15.013  2320  2320 I SDM     : HWDeviceDRM::UpdateMixerAttributes: Mixer WxH 1080x2340-1 for Peripheral
12-21 00:36:15.069  4592  4592 W Paint   : The elegant text height cannot be turned off.
12-21 00:36:15.070  4592  4592 W Paint   : The elegant text height cannot be turned off.
12-21 00:36:15.070  4592  4592 W Paint   : The elegant text height cannot be turned off.
12-21 00:36:15.072  4592  4592 W Paint   : The elegant text height cannot be turned off.
12-21 00:36:15.072  4592  4592 W Paint   : The elegant text height cannot be turned off.
12-21 00:36:15.072  4592  4592 W Paint   : The elegant text height cannot be turned off.
12-21 00:36:15.132  2320  2540 I SDM     : DisplayBase::CommitThread: Received Idle Timeout, panel: cmd, timeout: 70000 us
12-21 00:36:15.236  2426  3202 D DisplayModeController: setDesiredMode 147 {mode={fps=120.00 Hz, modePtr={id=0, vsyncRate=120.00 Hz, peakRefreshRate=120.00 Hz}}, emitEvent=true, force=false}
12-21 00:36:15.237  2324  2493 E PERFHAL-SSLITE: PERFHAL-SSLITE: CheckOngoingScenario() 53: SSLite is disabled on this target
12-21 00:36:15.237  2324  2493 E PERFHAL-SSLITE: PERFHAL-SSLITE: StartScenario() 75: SSLite is disabled on this target
12-21 00:36:15.253  2320  2320 W SDM     : HWDeviceDRM::GetSupportedBitClkRate: Requested rate not supported: 944000000
12-21 00:36:15.253  2320  2320 I SDM     : HWDeviceDRM::UpdateMixerAttributes: Mixer WxH 1080x2340-1 for Peripheral
12-21 00:36:15.263  2426  4306 W HWComposer: Ignoring duplicate VSYNC event from HWC for display 147 (t=64708195004000)
12-21 00:36:15.271  2426  2587 W HWComposer: Ignoring duplicate VSYNC event from HWC for display 147 (t=64708203344000)
12-21 00:36:15.278  2327  2327 I vendor.qti.hardware.servicetrackeraidl-service: unbindService is called for service : com.google.android.gms/.chimera.GmsApiService and for client com.google.android.googlequicksearchbox:googleapp
12-21 00:36:15.278  2327  2327 I vendor.qti.hardware.servicetrackeraidl-service: size of service connections for service: com.google.android.gms/.chimera.GmsApiServiceafter removal is 3
12-21 00:36:15.278  2327  2327 I vendor.qti.hardware.servicetrackeraidl-service: size of client connections for client: com.google.android.googlequicksearchbox:googleappafter removal is 5
12-21 00:36:15.279  2426  4306 W HWComposer: Ignoring duplicate VSYNC event from HWC for display 147 (t=64708211684000)
12-21 00:36:15.280  7516  7516 D BoundBrokerSvc: onUnbind: Intent { act=com.google.android.gms.inappreach.service.START dat=chimera-action:/... xflg=0x4 cmp=com.google.android.gms/.chimera.GmsApiService }
12-21 00:36:15.288  2426  2587 W HWComposer: Ignoring duplicate VSYNC event from HWC for display 147 (t=64708220024000)
12-21 00:36:15.296  2426  4306 W HWComposer: Ignoring duplicate VSYNC event from HWC for display 147 (t=64708228365000)
12-21 00:36:15.304  2426  2587 W HWComposer: Ignoring duplicate VSYNC event from HWC for display 147 (t=64708236706000)
12-21 00:36:15.312  2426  4306 W HWComposer: Ignoring duplicate VSYNC event from HWC for display 147 (t=64708245047000)
12-21 00:36:15.321  2426  2587 W HWComposer: Ignoring duplicate VSYNC event from HWC for display 147 (t=64708253388000)
12-21 00:36:15.329  2426  4306 W HWComposer: Ignoring duplicate VSYNC event from HWC for display 147 (t=64708261728000)
12-21 00:36:15.366  2320  2540 I SDM     : DisplayBase::CommitThread: Received Idle Timeout, panel: cmd, timeout: 70000 us
12-21 00:36:15.487  2426  3202 D DisplayModeController: setDesiredMode 147 {mode={fps=30.00 Hz, modePtr={id=4, vsyncRate=30.00 Hz, peakRefreshRate=30.00 Hz}}, emitEvent=false, force=false}
12-21 00:36:15.489  2324  2493 E PERFHAL-SSLITE: PERFHAL-SSLITE: CheckOngoingScenario() 53: SSLite is disabled on this target
12-21 00:36:15.489  2324  2493 E PERFHAL-SSLITE: PERFHAL-SSLITE: StartScenario() 75: SSLite is disabled on this target
12-21 00:36:15.489  2320  2320 W SDM     : HWDeviceDRM::GetSupportedBitClkRate: Requested rate not supported: 944000000
12-21 00:36:15.490  2320  2320 I SDM     : HWDeviceDRM::UpdateMixerAttributes: Mixer WxH 1080x2340-1 for Peripheral
12-21 00:36:15.608  2320  2540 I SDM     : DisplayBase::CommitThread: Received Idle Timeout, panel: cmd, timeout: 69999 us
12-21 00:36:15.748  2426  3202 D DisplayModeController: setDesiredMode 147 {mode={fps=120.00 Hz, modePtr={id=0, vsyncRate=120.00 Hz, peakRefreshRate=120.00 Hz}}, emitEvent=true, force=false}
12-21 00:36:15.749  2324  2493 E PERFHAL-SSLITE: PERFHAL-SSLITE: CheckOngoingScenario() 53: SSLite is disabled on this target
12-21 00:36:15.749  2324  2493 E PERFHAL-SSLITE: PERFHAL-SSLITE: StartScenario() 75: SSLite is disabled on this target
12-21 00:36:15.761  2426  2426 D DisplayModeController: setDesiredMode 147 {mode={fps=30.00 Hz, modePtr={id=4, vsyncRate=30.00 Hz, peakRefreshRate=30.00 Hz}}, emitEvent=true, force=false}
12-21 00:36:15.835  2320  2540 I SDM     : DisplayBase::CommitThread: Received Idle Timeout, panel: cmd, timeout: 70000 us
12-21 00:36:16.069  4592  4592 W Paint   : The elegant text height cannot be turned off.
12-21 00:36:16.069  4592  4592 W Paint   : The elegant text height cannot be turned off.
12-21 00:36:16.069  4592  4592 W Paint   : The elegant text height cannot be turned off.
12-21 00:36:16.072  4592  4592 W Paint   : The elegant text height cannot be turned off.
12-21 00:36:16.072  4592  4592 W Paint   : The elegant text height cannot be turned off.
12-21 00:36:16.072  4592  4592 W Paint   : The elegant text height cannot be turned off.
12-21 00:36:16.246  2324  2493 E PERFHAL-SSLITE: PERFHAL-SSLITE: CheckOngoingScenario() 53: SSLite is disabled on this target
12-21 00:36:16.246  2324  2493 E PERFHAL-SSLITE: PERFHAL-SSLITE: StartScenario() 75: SSLite is disabled on this target
12-21 00:36:16.246  3231  3348 I DisplayDeviceRepository: Display device changed render timings: "", renderFrameRate=30.000002, presentationDeadlineNanos=17666666, appVsyncOffsetNanos=3000001, frameRateOverrides=[]
12-21 00:36:16.247  3231  3344 D WindowManager: DeferredDisplayUpdater: partially applying DisplayInfo(1080 x 2340) immediately
12-21 00:36:16.247  2397  6540 D DeviceHalAidl: [default] setParameters: parameters: "screen_state=on"
12-21 00:36:16.250  2305 24950 I PAL: ResourceManager: setParameter: 10961: Screen State:1
12-21 00:36:16.250  2397  6540 D DeviceHalAidl: [usb] setParameters: parameters: "screen_state=on"
12-21 00:36:16.250  2305  2316 D AHAL_Module: updateScreenState: usb: 1
12-21 00:36:16.251  2397  6540 D DeviceHalAidl: [r_submix] setParameters: parameters: "screen_state=on"
12-21 00:36:16.251  2305  2316 D AHAL_Module: updateScreenState: r_submix: 1
12-21 00:36:16.251  2397  6540 D DeviceHalAidl: [bluetooth] setParameters: parameters: "screen_state=on"
12-21 00:36:16.251  2305 24950 D AHAL_Module: updateScreenState: bluetooth: 1
12-21 00:36:16.362  2320  2540 I SDM     : DisplayBase::CommitThread: Received Idle Timeout, panel: cmd, timeout: 70000 us
12-21 00:36:16.746  2324  2493 E PERFHAL-SSLITE: PERFHAL-SSLITE: CheckOngoingScenario() 53: SSLite is disabled on this target
12-21 00:36:16.746  2324  2493 E PERFHAL-SSLITE: PERFHAL-SSLITE: StartScenario() 75: SSLite is disabled on this target
12-21 00:36:16.861  2320  2540 I SDM     : DisplayBase::CommitThread: Received Idle Timeout, panel: cmd, timeout: 70000 us
12-21 00:36:17.069  4592  4592 W Paint   : The elegant text height cannot be turned off.
12-21 00:36:17.069  4592  4592 W Paint   : The elegant text height cannot be turned off.
12-21 00:36:17.069  4592  4592 W Paint   : The elegant text height cannot be turned off.
12-21 00:36:17.073  4592  4592 W Paint   : The elegant text height cannot be turned off.
12-21 00:36:17.074  4592  4592 W Paint   : The elegant text height cannot be turned off.
12-21 00:36:17.074  4592  4592 W Paint   : The elegant text height cannot be turned off.
12-21 00:36:17.184  2327  2327 I vendor.qti.hardware.servicetrackeraidl-service: unbindService is called for service : com.google.android.gms/.chimera.GmsBoundBrokerService and for client com.google.android.inputmethod.latin
12-21 00:36:17.184  2327  2327 I vendor.qti.hardware.servicetrackeraidl-service: size of service connections for service: com.google.android.gms/.chimera.GmsBoundBrokerServiceafter removal is 1
12-21 00:36:17.184  2327  2327 I vendor.qti.hardware.servicetrackeraidl-service: size of client connections for client: com.google.android.inputmethod.latinafter removal is 2
12-21 00:36:17.185  7516  7516 D BoundBrokerSvc: onUnbind: Intent { act=com.google.firebase.dynamiclinks.service.START xflg=0x4 pkg=com.google.android.gms }
12-21 00:36:17.187  2327  2327 I vendor.qti.hardware.servicetrackeraidl-service: unbindService is called for service : com.google.android.gms/.wallet.service.PaymentService and for client com.google.android.gms.persistent
12-21 00:36:17.187  2327  2327 I vendor.qti.hardware.servicetrackeraidl-service: size of service connections for service: com.google.android.gms/.wallet.service.PaymentServiceafter removal is 0
12-21 00:36:17.187  2327  2327 I vendor.qti.hardware.servicetrackeraidl-service: size of client connections for client: com.google.android.gms.persistentafter removal is 9
12-21 00:36:17.187  2327  2327 I vendor.qti.hardware.servicetrackeraidl-service: destroyService is called for service : com.google.android.gms/.wallet.service.PaymentService
12-21 00:36:17.187  7516  7516 D BoundBrokerSvc: onUnbind: Intent { act=com.google.android.gms.wallet.service.BIND xflg=0x4 pkg=com.google.android.gms }
12-21 00:36:17.188  2327  2327 I vendor.qti.hardware.servicetrackeraidl-service: unbindService is called for service : com.google.android.gms/.chimera.PersistentBoundBrokerService and for client com.google.android.gms.persistent
12-21 00:36:17.188  2327  2327 I vendor.qti.hardware.servicetrackeraidl-service: size of service connections for service: com.google.android.gms/.chimera.PersistentBoundBrokerServiceafter removal is 2
12-21 00:36:17.189  2327  2327 I vendor.qti.hardware.servicetrackeraidl-service: size of client connections for client: com.google.android.gms.persistentafter removal is 8
12-21 00:36:17.189  2327  2327 I vendor.qti.hardware.servicetrackeraidl-service: unbindService is called for service : com.google.android.gms/.chimera.PersistentApiService and for client com.google.android.gms
12-21 00:36:17.190  2327  2327 I vendor.qti.hardware.servicetrackeraidl-service: unbindService is called for service : com.google.android.gms/.chimera.GmsApiService and for client com.google.android.gms.persistent
12-21 00:36:17.190  2327  2327 I vendor.qti.hardware.servicetrackeraidl-service: unbindService is called for service : com.google.android.gms/.chimera.PersistentApiService and for client com.google.android.gms
12-21 00:36:17.191  5342  5342 D BoundBrokerSvc: onUnbind: Intent { act=com.google.android.gms.auth.aang.events.services.START dat=chimera-action:/... xflg=0x4 cmp=com.google.android.gms/.chimera.PersistentApiService }
12-21 00:36:17.206  2327  2327 I vendor.qti.hardware.servicetrackeraidl-service: unbindService is called for service : com.google.android.gms/.chimera.GmsApiService and for client com.google.android.gms.persistent
12-21 00:36:17.206  2327  2327 I vendor.qti.hardware.servicetrackeraidl-service: size of service connections for service: com.google.android.gms/.chimera.GmsApiServiceafter removal is 2
12-21 00:36:17.206  2327  2327 I vendor.qti.hardware.servicetrackeraidl-service: size of client connections for client: com.google.android.gms.persistentafter removal is 7
12-21 00:36:17.208  2327  2327 I vendor.qti.hardware.servicetrackeraidl-service: unbindService is called for service : com.google.android.gms/.chimera.GmsApiService and for client com.google.android.gms.ui
12-21 00:36:17.208  2327  2327 I vendor.qti.hardware.servicetrackeraidl-service: size of service connections for service: com.google.android.gms/.chimera.GmsApiServiceafter removal is 1
12-21 00:36:17.208  2327  2327 I vendor.qti.hardware.servicetrackeraidl-service: size of client connections for client: com.google.android.gms.uiafter removal is 2
12-21 00:36:17.211  2327  2327 I vendor.qti.hardware.servicetrackeraidl-service: unbindService is called for service : com.google.android.gms/.chimera.GmsBoundBrokerService and for client com.google.android.gms.persistent
12-21 00:36:17.211  2327  2327 I vendor.qti.hardware.servicetrackeraidl-service: size of service connections for service: com.google.android.gms/.chimera.GmsBoundBrokerServiceafter removal is 0
12-21 00:36:17.211  2327  2327 I vendor.qti.hardware.servicetrackeraidl-service: size of client connections for client: com.google.android.gms.persistentafter removal is 6
12-21 00:36:17.211  2327  2327 I vendor.qti.hardware.servicetrackeraidl-service: destroyService is called for service : com.google.android.gms/.chimera.GmsBoundBrokerService
12-21 00:36:17.211  7516  7516 D BoundBrokerSvc: onUnbind: Intent { act=com.google.android.mdd.service.START dat=chimera-action:/... xflg=0x4 cmp=com.google.android.gms/.chimera.GmsBoundBrokerService }
12-21 00:36:17.212  2327  2327 I vendor.qti.hardware.servicetrackeraidl-service: unbindService is called for service : com.google.android.gms/.chimera.PersistentDirectBootAwareApiService and for client com.google.android.gms.persistent
12-21 00:36:17.246  2324  2493 E PERFHAL-SSLITE: PERFHAL-SSLITE: CheckOngoingScenario() 53: SSLite is disabled on this target
12-21 00:36:17.246  2324  2493 E PERFHAL-SSLITE: PERFHAL-SSLITE: StartScenario() 75: SSLite is disabled on this target
12-21 00:36:17.361  2320  2540 I SDM     : DisplayBase::CommitThread: Received Idle Timeout, panel: cmd, timeout: 69999 us
12-21 00:36:17.697  2818  2818 I cnss-daemon: nl80211 response handler invoked
12-21 00:36:17.697  2818  2818 I cnss-daemon: nl80211_response_handler: cmd 103, vendorID 4980, subcmd 10  received
12-21 00:36:17.697  2304  6202 I WifiHAL : event received NL80211_CMD_VENDOR, vendor_id = 0x1374, subcmd = 0xa
12-21 00:36:17.698  6207  6207 I wpa_supplicant: wlan0: CTRL-EVENT-AVOID-FREQ ranges=
12-21 00:36:17.746  2324  2493 E PERFHAL-SSLITE: PERFHAL-SSLITE: CheckOngoingScenario() 53: SSLite is disabled on this target
12-21 00:36:17.746  2324  2493 E PERFHAL-SSLITE: PERFHAL-SSLITE: StartScenario() 75: SSLite is disabled on this target
12-21 00:36:17.861  2320  2540 I SDM     : DisplayBase::CommitThread: Received Idle Timeout, panel: cmd, timeout: 70000 us
12-21 00:36:18.069  4592  4592 W Paint   : The elegant text height cannot be turned off.
12-21 00:36:18.070  4592  4592 W Paint   : The elegant text height cannot be turned off.
12-21 00:36:18.070  4592  4592 W Paint   : The elegant text height cannot be turned off.
12-21 00:36:18.072  4592  4592 W Paint   : The elegant text height cannot be turned off.
12-21 00:36:18.072  4592  4592 W Paint   : The elegant text height cannot be turned off.
12-21 00:36:18.072  4592  4592 W Paint   : The elegant text height cannot be turned off.
12-21 00:36:18.245  2324  2493 E PERFHAL-SSLITE: PERFHAL-SSLITE: CheckOngoingScenario() 53: SSLite is disabled on this target
12-21 00:36:18.245  2324  2493 E PERFHAL-SSLITE: PERFHAL-SSLITE: StartScenario() 75: SSLite is disabled on this target
12-21 00:36:18.361  2320  2540 I SDM     : DisplayBase::CommitThread: Received Idle Timeout, panel: cmd, timeout: 70000 us
12-21 00:36:18.746  2324  2493 E PERFHAL-SSLITE: PERFHAL-SSLITE: CheckOngoingScenario() 53: SSLite is disabled on this target
12-21 00:36:18.746  2324  2493 E PERFHAL-SSLITE: PERFHAL-SSLITE: StartScenario() 75: SSLite is disabled on this target
12-21 00:36:18.826  2320  2540 I SDM     : DisplayBase::CommitThread: Received Idle Timeout, panel: cmd, timeout: 70000 us
12-21 00:36:19.069  4592  4592 W Paint   : The elegant text height cannot be turned off.
12-21 00:36:19.069  4592  4592 W Paint   : The elegant text height cannot be turned off.
12-21 00:36:19.069  4592  4592 W Paint   : The elegant text height cannot be turned off.
12-21 00:36:19.071  4592  4592 W Paint   : The elegant text height cannot be turned off.
12-21 00:36:19.071  4592  4592 W Paint   : The elegant text height cannot be turned off.
12-21 00:36:19.071  4592  4592 W Paint   : The elegant text height cannot be turned off.
12-21 00:36:19.145  6948  6948 W SMARTNET: [WifiLinkLayerStatsCollector] Unable to fetch link layer stats. Refresh is aborted: Operation already in progress
12-21 00:36:19.219  3231  4275 D ActivityManager: freezing 12163 com.google.android.gms.ui
