--------- beginning of system
12-21 00:35:50.189  4592  4659 V WindowManagerShell: Transition animation finished (aborted=false), notifying core (#1563) android.os.BinderProxy@3a5dd7a@0
12-21 00:35:50.191  3231  3343 V WindowManager: Finish Transition (#1563): created at 12-21 00:35:49.916 collect-started=0.08ms request-sent=0.142ms started=3.217ms ready=8.795ms sent=9.897ms commit=11.024ms finished=274.05ms
12-21 00:35:50.192  4592  4659 V WindowManagerShell: Track 0 became idle
12-21 00:35:50.192  4592  4659 V WindowManagerShell: All active transition animations finished
12-21 00:35:50.192  3231  3348 W ActivityTaskManager: servicetracker HIDL not available
12-21 00:35:50.192  3231  3348 E ActivityTaskManager: Unable to get servicetracker HAL instance
12-21 00:35:50.192  3231  3348 W ActivityTaskManager: servicetracker HIDL not available
12-21 00:35:50.192  3231  3348 E ActivityTaskManager: Unable to get servicetracker HAL instance
12-21 00:35:50.192  3231  3348 W ActivityTaskManager: servicetracker HIDL not available
12-21 00:35:50.192  3231  3348 E ActivityTaskManager: Unable to get servicetracker HAL instance
12-21 00:35:50.192  3231  3348 W ActivityTaskManager: servicetracker HIDL not available
12-21 00:35:50.192  3231  3348 E ActivityTaskManager: Unable to get servicetracker HAL instance
12-21 00:35:50.205  3231  6669 D CoreBackPreview: Window{b286abd u0 com.android.systemui/com.android.systemui.usb.UsbDebuggingActivity}: Setting back callback null
12-21 00:35:50.207  3231  6669 W ActivityTaskManager: servicetracker HIDL not available
12-21 00:35:50.207  3231  6669 E ActivityTaskManager: Unable to get servicetracker HAL instance
12-21 00:35:50.207  3231  6669 W ActivityTaskManager: servicetracker HIDL not available
12-21 00:35:50.207  3231  6669 E ActivityTaskManager: Unable to get servicetracker HAL instance
12-21 00:35:50.207  3231  4496 D BackgroundInstallControlService: Package event received: 0
12-21 00:35:57.053  4592  4659 V ShellRecents: RecentsTransitionHandler.startRecentsTransition
12-21 00:35:57.053  4592  4659 V WindowManagerShell: Directly starting a new transition type=TO_FRONT wct=WindowContainerTransaction { changes= {} hops= [{pendingIntent: options=Bundle[{android.activity.splashScreenStyle=-1, android.activity.sourceInfo=Supplier{VAL_PARCELABLE@148+104}, android.pendingIntent.backgroundActivityAllowed=3, android:activity.animAbortListener=null, android.activity.transientLaunch=true}]}] errorCallbackToken=null taskFragmentOrganizer=null } handler=com.android.wm.shell.recents.RecentsTransitionHandler@6b00f23
12-21 00:35:57.055  3231  3348 I ActivityManager: updateOomAdj start time is before than pendingPid added, don't delete it
12-21 00:35:57.056  3231  4925 W ActivityTaskManager: servicetracker HIDL not available
12-21 00:35:57.056  3231  4925 E ActivityTaskManager: Unable to get servicetracker HAL instance
12-21 00:35:57.058  4592  4659 V ShellRecents: [209511927] RecentsController.setTransition: id=android.os.BinderProxy@2571df6
12-21 00:35:57.060  3231  4496 D BackgroundInstallControlService: Package event received: 0
12-21 00:35:57.060  3231  4496 D BackgroundInstallControlService: Package event received: 0
12-21 00:35:57.064  3231  4496 D BackgroundInstallControlService: Package event received: 0
12-21 00:35:57.068  3231  4253 D ActivityManager: sync unfroze 3788 com.android.vending for 6
12-21 00:35:57.069  3231  4253 D ActivityManager: sync unfroze 7382 com.android.chrome for 6
12-21 00:35:57.069  3231  4253 D ActivityManager: sync unfroze 16678 com.android.chrome:sandboxed_process0:org.chromium.content.app.SandboxedProcessService0:20 for 6
12-21 00:35:57.070  3231  4253 D ActivityManager: sync unfroze 9259 com.android.chrome:privileged_process0 for 6
12-21 00:35:57.070  3231  4253 D ActivityManager: sync unfroze 9445 com.android.chrome:sandboxed_process0:org.chromium.content.app.SandboxedProcessService0:0 for 6
12-21 00:35:57.072  3231  4253 W JobServiceContext: Sending onNetworkChanged for a job that isn't started. JobStatus{99459f2 #u0a252/107 com.android.chrome/org.chromium.components.background_task_scheduler.internal.BackgroundTaskJobService u=0 s=10252 TIME=-7s257ms:+23h59m53s743ms NET PERSISTED READY}
12-21 00:35:57.094  3231  4910 W JobScheduler: Job didn't exist in JobStore: 99459f2 #u0a252/107 com.android.chrome/org.chromium.components.background_task_scheduler.internal.BackgroundTaskJobService
12-21 00:35:57.097  4592 18472 V WindowManagerShell: onTransitionReady(transaction=13877039463056)
12-21 00:35:57.098  4592  4659 V WindowManagerShell: onTransitionReady (#1564) android.os.BinderProxy@2571df6: {id=1564 t=TO_FRONT f=0x80 trk=0 r=[0@Point(0, 0)] c=[
12-21 00:35:57.098  4592  4659 V WindowManagerShell:         {m=TO_FRONT f=SHOW_WALLPAPER|MOVE_TO_TOP leash=Surface(name=Task=1)/@0x3495c64 sb=Rect(0, 0 - 1080, 2340) eb=Rect(0, 0 - 1080, 2340) epz=Point(1080, 2340) d=0 taskParent=-1},
12-21 00:35:57.098  4592  4659 V WindowManagerShell:         {m=TO_BACK f=NONE leash=Surface(name=Task=5950)/@0x9bafecd sb=Rect(0, 0 - 1080, 2340) eb=Rect(0, 0 - 1080, 2340) epz=Point(1080, 2340) d=0 taskParent=-1},
12-21 00:35:57.098  4592  4659 V WindowManagerShell:         {m=TO_FRONT f=IS_WALLPAPER leash=Surface(name=WallpaperWindowToken{9f18b87 showWhenLocked=false})/@0xdcf2382 sb=Rect(0, 0 - 1080, 2340) eb=Rect(0, 0 - 1080, 2340) epz=Point(1080, 2340) d=0}
12-21 00:35:57.098  4592  4659 V WindowManagerShell:     ]}
12-21 00:35:57.098  4592  4659 V WindowManagerShell: Playing animation for (#1564) android.os.BinderProxy@2571df6@0
12-21 00:35:57.098  4592  4659 V WindowManagerShell:  try firstHandler com.android.wm.shell.recents.RecentsTransitionHandler@6b00f23
12-21 00:35:57.098  4592  4659 V ShellRecents: [209511927] RecentsController.start
12-21 00:35:57.098  4592  4659 V ShellRecents:   not handling home taskId=1
12-21 00:35:57.098  4592  4659 V ShellRecents:   adding pausing leaf taskId=5950 at layer=8
12-21 00:35:57.098  4592  4659 V ShellRecents: Applying transaction=13877039463056
12-21 00:35:57.099  3231  3343 V WindowManager: Sent Transition (#1564) createdAt=12-21 00:35:57.053
12-21 00:35:57.099  3231  3343 V WindowManager:     startWCT=WindowContainerTransaction { changes= {} hops= [{pendingIntent: options=Bundle[{android.activity.splashScreenStyle=-1, android.activity.sourceInfo=android.app.ActivityOptions$SourceInfo@8748379, android.pendingIntent.backgroundActivityAllowed=3, android:activity.animAbortListener=null, android.activity.transientLaunch=true}]}] errorCallbackToken=null taskFragmentOrganizer=null }
12-21 00:35:57.099  4592  4659 V ShellRecents: No matching remote found to takeover (#1564)
12-21 00:35:57.099  4592  4659 V ShellSplitScreen: getSplitBoundsForTaskId: expected split bounds for taskId=5950 but not found
12-21 00:35:57.099  4592  4659 V ShellRecents: [209511927] RecentsController.start: calling onAnimationStart with 2 apps
12-21 00:35:57.099  3231  3343 V WindowManager:     info={id=1564 t=TO_FRONT f=0x80 trk=0 r=[0@Point(0, 0)] c=[
12-21 00:35:57.099  3231  3343 V WindowManager:         {WCT{RemoteToken{2e7e4bc Task{40dd88d #1 type=home}}} m=TO_FRONT f=SHOW_WALLPAPER|MOVE_TO_TOP leash=Surface(name=Task=1)/@0x5714dd sb=Rect(0, 0 - 1080, 2340) eb=Rect(0, 0 - 1080, 2340) epz=Point(1080, 2340) d=0 taskParent=-1},
12-21 00:35:57.099  3231  3343 V WindowManager:         {WCT{RemoteToken{d24668d Task{7926fbf #5950 type=standard A=1000:com.android.settings.root}}} m=TO_BACK f=NONE leash=Surface(name=Task=5950)/@0x64f7eb6 sb=Rect(0, 0 - 1080, 2340) eb=Rect(0, 0 - 1080, 2340) epz=Point(1080, 2340) d=0 taskParent=-1},
12-21 00:35:57.099  3231  3343 V WindowManager:         {m=TO_FRONT f=IS_WALLPAPER leash=Surface(name=WallpaperWindowToken{9f18b87 showWhenLocked=false})/@0xe62e987 sb=Rect(0, 0 - 1080, 2340) eb=Rect(0, 0 - 1080, 2340) epz=Point(1080, 2340) d=0}
12-21 00:35:57.099  3231  3343 V WindowManager:     ]}
12-21 00:35:57.103  4592  4659 V WindowManagerShell:  animated by firstHandler
12-21 00:35:57.105  4592  4659 V ShellRecents: [209511927] RecentsController.setInputConsumerEnabled: set focus to recents
12-21 00:35:57.112  3231  4318 E HandwritingModeController: Cannot get requestId: Handwriting was not initialized.
12-21 00:35:57.128  3231  4496 D BackgroundInstallControlService: Package event received: 0
12-21 00:35:57.138  3231  3348 V WindowManager: Unknown focus tokens, dropping reportFocusChanged
12-21 00:35:57.171  4592 18472 V ShellRecents: [209511927] RecentsController.detachNavigationBarFromApp
12-21 00:35:57.172  4592  4659 D WindowManagerShell: setLauncherKeepClearAreaHeight: visible=true, height=360
12-21 00:35:57.172  3231  4496 D BackgroundInstallControlService: Package event received: 0
12-21 00:35:57.188  3231  4496 D BackgroundInstallControlService: Package event received: 0
12-21 00:35:57.188  3231  4496 D BackgroundInstallControlService: Package event received: 0
12-21 00:35:57.188  3231  4496 D BackgroundInstallControlService: Package event received: 0
12-21 00:35:57.603  3231  4496 D BackgroundInstallControlService: Package event received: 0
12-21 00:35:57.605  4592  4659 V ShellRecents: [209511927] RecentsController.finishInner: toHome=true userLeave=true willFinishToHome=true state=0 hasPausingTasks=true reason=requested
12-21 00:35:57.605  4592  4659 V ShellRecents:   normal finish
12-21 00:35:57.605  4592  4659 V ShellRecents: [209511927] RecentsController.finishInner: Completing finish
12-21 00:35:57.605  4592  4659 V ShellRecents: [209511927] RecentsController.cleanup
12-21 00:35:57.605  4592  4659 V WindowManagerShell: Transition animation finished (aborted=false), notifying core (#1564) android.os.BinderProxy@2571df6@0
12-21 00:35:57.606  3231  3343 V WindowManager: Finish Transition (#1564): created at 12-21 00:35:57.053 collect-started=0.166ms started=0.183ms ready=3.414ms sent=43.459ms commit=3.862ms finished=552.584ms
12-21 00:35:57.607  3231  7165 W ActivityTaskManager: servicetracker HIDL not available
12-21 00:35:57.607  3231  7165 E ActivityTaskManager: Unable to get servicetracker HAL instance
12-21 00:35:57.607  3231  7165 W ActivityTaskManager: servicetracker HIDL not available
12-21 00:35:57.607  3231  7165 E ActivityTaskManager: Unable to get servicetracker HAL instance
12-21 00:35:57.608  4592  4659 V WindowManagerShell: Track 0 became idle
12-21 00:35:57.608  4592  4659 V WindowManagerShell: All active transition animations finished
12-21 00:35:57.608  4592  4659 V ShellRecents: [209511927] RecentsController.finishInner: calling finish callback
12-21 00:35:57.609  3231  3348 W ActivityTaskManager: servicetracker HIDL not available
12-21 00:35:57.609  3231  3348 E ActivityTaskManager: Unable to get servicetracker HAL instance
12-21 00:35:57.609  3231  3348 W ActivityTaskManager: servicetracker HIDL not available
12-21 00:35:57.609  3231  3348 E ActivityTaskManager: Unable to get servicetracker HAL instance
12-21 00:35:57.609  3231  4496 D BackgroundInstallControlService: Package event received: 0
12-21 00:35:57.610  3231  6669 W AutofillManagerServiceImpl: getFillEventHistory() called by UID 10181, but service UID is 10201
12-21 00:35:57.612  3231  3348 V WindowManager: Unknown focus tokens, dropping reportFocusChanged
12-21 00:35:57.619  3231  7165 W ActivityTaskManager: servicetracker HIDL not available
12-21 00:35:57.619  3231  7165 E ActivityTaskManager: Unable to get servicetracker HAL instance
12-21 00:35:57.619  3231  7165 W ActivityTaskManager: servicetracker HIDL not available
12-21 00:35:57.619  3231  7165 E ActivityTaskManager: Unable to get servicetracker HAL instance
12-21 00:35:57.619  3231  4496 D BackgroundInstallControlService: Package event received: 0
12-21 00:35:57.620  3231  7165 D OomAdjuster: App adj change from previous state to cached state : 30213 tokyo.isseikuzumaki.vibeterminal
12-21 00:35:57.623  3231  6663 W PackageConfigPersister: App-specific configuration not found for packageName: com.sonymobile.launcher and userId: 0
12-21 00:35:57.843  3231  4275 D ActivityManager: freezing 17480 com.google.android.apps.messaging
12-21 00:35:59.725  3231  4797 W ActivityTaskManager: servicetracker HIDL not available
12-21 00:35:59.725  3231  4797 E ActivityTaskManager: Unable to get servicetracker HAL instance
12-21 00:35:59.725  3231  4797 W ActivityTaskManager: servicetracker HIDL not available
12-21 00:35:59.725  3231  4797 E ActivityTaskManager: Unable to get servicetracker HAL instance
12-21 00:35:59.725  3231  4797 W OptProp : Cannot read opt property android.window.PROPERTY_COMPAT_ALLOW_RESIZEABLE_ACTIVITY_OVERRIDES
12-21 00:35:59.725  3231  4797 W OptProp : Cannot read opt property android.window.PROPERTY_COMPAT_ALLOW_MIN_ASPECT_RATIO_OVERRIDE
12-21 00:35:59.727  3231  4797 W ActivityTaskManager: servicetracker HIDL not available
12-21 00:35:59.727  3231  4797 E ActivityTaskManager: Unable to get servicetracker HAL instance
12-21 00:35:59.728  3231  4797 I ActivityTaskManager: START u0 {act=android.intent.action.MAIN cat=[android.intent.category.LAUNCHER] flg=0x10200000 xflg=0x4 cmp=tokyo.isseikuzumaki.vibeterminal/.MainActivity bnds=[852,625][1060,890]} with LAUNCH_MULTIPLE from uid 10269 (sr=144643346) (BAL_ALLOW_VISIBLE_WINDOW) result code=2
12-21 00:35:59.728  4592  4659 V WindowManagerShell: Transition requested (#1565): android.os.BinderProxy@b9b7132 TransitionRequestInfo { type = OPEN, triggerTask = TaskInfo{userId=0 taskId=5955 effectiveUid=10018 displayId=0 isRunning=true baseIntent=Intent { act=android.intent.action.MAIN cat=[android.intent.category.LAUNCHER] flg=0x34100000 pkg=tokyo.isseikuzumaki.vibeterminal cmp=tokyo.isseikuzumaki.vibeterminal/.MainActivity } baseActivity=ComponentInfo{tokyo.isseikuzumaki.vibeterminal/tokyo.isseikuzumaki.vibeterminal.MainActivity} topActivity=ComponentInfo{tokyo.isseikuzumaki.vibeterminal/tokyo.isseikuzumaki.vibeterminal.MainActivity} origActivity=null realActivity=ComponentInfo{tokyo.isseikuzumaki.vibeterminal/tokyo.isseikuzumaki.vibeterminal.MainActivity} numActivities=1 lastActiveTime=97532048 supportsMultiWindow=true resizeMode=1 isResizeable=true minWidth=-1 minHeight=-1 defaultMinSize=220 token=WCT{android.window.IWindowContainerToken$Stub$Proxy@c589e83} topActivityType=1 pictureInPictureParams=null shouldDockBigOverlays=false launchIntoPipHostTaskId=-1 lastParentTaskIdBeforePip=-1 displayCutoutSafeInsets=Rect(0, 0 - 0, 0) topActivityInfo=ActivityInfo{e599800 tokyo.isseikuzumaki.vibeterminal.MainActivity} launchCookies=[android.os.BinderProxy@875e839] positionInParent=Point(0, 0) parentTaskId=-1 isFocused=false isVisible=false isVisibleRequested=false isTopActivityNoDisplay=false isSleeping=false locusId=null displayAreaFeatureId=1 isTopActivityTransparent=false isActivityStackTransparent=false lastNonFullscreenBounds=Rect(278, 630 - 803, 1710) capturedLink=null capturedLinkTimestamp=0 requestedVisibleTypes=-9 topActivityRequestOpenInBrowserEducationTimestamp=0 appCompatTaskInfo=AppCompatTaskInfo { topActivityInSizeCompat=false eligibleForLetterboxEducation= false isLetterboxEducationEnabled= false isLetterboxDoubleTapEnabled= false eligibleForUserAspectRatioButton= false topActivityBoundsLetterboxed= false isFromLetterboxDoubleTap= false topActivityLetterboxVerticalPosition= -1 topActivityLetterboxHorizontalPosition= -1 topActivityLetterboxWidth=-1 topActivityLetterboxHeight=-1 topActivityAppBounds=Rect(0, 0 - 1080, 2340) isUserFullscreenOverrideEnabled=false isSystemFullscreenOverrideEnabled=false hasMinAspectRatioOverride=false topActivityLetterboxBounds=null cameraCompatTaskInfo=CameraCompatTaskInfo { freeformCameraCompatMode=inactive}} topActivityMainWindowFrame=null}, pipChange = null, remoteTransition = RemoteTransition { remoteTransition = android.window.IRemoteTransition$Stub$Proxy@c0b6e7e, appThread = android.app.IApplicationThread$Stub$Proxy@ffc9fdf, debugName = QuickstepLaunch }, displayChange = null, flags = 0, debugId = 1565 }
12-21 00:35:59.728  4592  4659 D ShellSplitScreen: logExit: no-op, mLoggerSessionId is null
12-21 00:35:59.729  4592  4659 V WindowManagerShell: RemoteTransition directly requested for (#1565) android.os.BinderProxy@b9b7132: RemoteTransition { remoteTransition = android.window.IRemoteTransition$Stub$Proxy@c0b6e7e, appThread = android.app.IApplicationThread$Stub$Proxy@ffc9fdf, debugName = QuickstepLaunch }
12-21 00:35:59.729  4592  4659 V WindowManagerShell: Transition (#1565): request handled by DefaultMixedHandler
12-21 00:35:59.730  4592  4659 D WindowManagerShell: onActivityRestartAttempt: topActivity=ComponentInfo{tokyo.isseikuzumaki.vibeterminal/tokyo.isseikuzumaki.vibeterminal.MainActivity}, wasVisible=false
12-21 00:35:59.731  4592  4659 D WindowManagerShell: setLauncherKeepClearAreaHeight: visible=false, height=360
12-21 00:35:59.732  3231  6663 W ActivityTaskManager: servicetracker HIDL not available
12-21 00:35:59.732  3231  6663 E ActivityTaskManager: Unable to get servicetracker HAL instance
12-21 00:35:59.732  3231  4496 D BackgroundInstallControlService: Package event received: 0
12-21 00:35:59.733  3231  7165 W AutofillManagerServiceImpl: getFillEventHistory() called by UID 10181, but service UID is 10201
12-21 00:35:59.733  3231  6663 W ActivityTaskManager: servicetracker HIDL not available
12-21 00:35:59.733  3231  6663 E ActivityTaskManager: Unable to get servicetracker HAL instance
12-21 00:35:59.733  3231  4496 D BackgroundInstallControlService: Package event received: 0
12-21 00:35:59.733  3231  4496 D BackgroundInstallControlService: Package event received: 0
12-21 00:35:59.734  3231  3348 D OomAdjuster: App adj change from cached state to fg state : 30213 tokyo.isseikuzumaki.vibeterminal
12-21 00:35:59.734  3231  4496 D BackgroundInstallControlService: Package event received: 0
12-21 00:35:59.735  4592 18473 V WindowManagerShell: onTransitionReady(transaction=13877039463223)
12-21 00:35:59.735  3231  3343 V WindowManager: Sent Transition (#1565) createdAt=12-21 00:35:59.726 via request=TransitionRequestInfo { type = OPEN, triggerTask = TaskInfo{userId=0 taskId=5955 effectiveUid=10018 displayId=0 isRunning=true baseIntent=Intent { act=android.intent.action.MAIN cat=[android.intent.category.LAUNCHER] flg=0x34100000 pkg=tokyo.isseikuzumaki.vibeterminal cmp=tokyo.isseikuzumaki.vibeterminal/.MainActivity } baseActivity=ComponentInfo{tokyo.isseikuzumaki.vibeterminal/tokyo.isseikuzumaki.vibeterminal.MainActivity} topActivity=ComponentInfo{tokyo.isseikuzumaki.vibeterminal/tokyo.isseikuzumaki.vibeterminal.MainActivity} origActivity=null realActivity=ComponentInfo{tokyo.isseikuzumaki.vibeterminal/tokyo.isseikuzumaki.vibeterminal.MainActivity} numActivities=1 lastActiveTime=97532048 supportsMultiWindow=true resizeMode=1 isResizeable=true minWidth=-1 minHeight=-1 defaultMinSize=220 token=WCT{RemoteToken{7f2babf Task{9819456 #5955 type=standard A=10018:tokyo.isseikuzumaki.vibeterminal}}} topActivityType=1 pictureInPictureParams=null shouldDockBigOverlays=false launchIntoPipHostTaskId=-1 lastParentTaskIdBeforePip=-1 displayCutoutSafeInsets=Rect(0, 0 - 0, 0) topActivityInfo=ActivityInfo{2f08cc8 tokyo.isseikuzumaki.vibeterminal.MainActivity} launchCookies=[android.os.BinderProxy@6c1f279] positionInParent=Point(0, 0) parentTaskId=-1 isFocused=false isVisible=false isVisibleRequested=false isTopActivityNoDisplay=false isSleeping=false locusId=null displayAreaFeatureId=1 isTopActivityTransparent=false isActivityStackTransparent=false lastNonFullscreenBounds=Rect(278, 630 - 803, 1710) capturedLink=null capturedLinkTimestamp=0 requestedVisibleTypes=-9 topActivityRequestOpenInBrowserEducationTimestamp=0 appCompatTaskInfo=AppCompatTaskInfo { topActivityInSizeCompat=false eligibleForLetterboxEducation= false isLetterboxEducationEnabled= false isLetterboxDoubleTapEnabled= false eligibleForUserAspectRatioButton= false topActivityBoundsLetterboxed= false isFromLetterboxDoubleTap= false topActivityLetterboxVerticalPosition= -1 topActivityLetterboxHorizontalPosition= -1 topActivityLetterboxWidth=-1 topActivityLetterboxHeight=-1 topActivityAppBounds=Rect(0, 0 - 1080, 2340) isUserFullscreenOverrideEnabled=false isSystemFullscreenOverrideEnabled=false hasMinAspectRatioOverride=false topActivityLetterboxBounds=null cameraCompatTaskInfo=CameraCompatTaskInfo { freeformCameraCompatMode=inactive}} topActivityMainWindowFrame=null}, pipChange = null, remoteTransition = RemoteTransition { remoteTransition = android.window.IRemoteTransition$Stub$Proxy@b0b4bbe, appThread = android.app.IApplicationThread$Stub$Proxy@7d7541f, debugName = QuickstepLaunch }, displayChange = null, flags = 0, debugId = 1565 }
12-21 00:35:59.735  3231  3343 V WindowManager:     startWCT=WindowContainerTransaction { changes= {} hops= [] errorCallbackToken=null taskFragmentOrganizer=null }
12-21 00:35:59.735  3231  3343 V WindowManager:     info={id=1565 t=OPEN f=0x0 trk=0 r=[0@Point(0, 0)] c=[
12-21 00:35:59.735  3231  3343 V WindowManager:         {WCT{RemoteToken{7f2babf Task{9819456 #5955 type=standard A=10018:tokyo.isseikuzumaki.vibeterminal}}} m=TO_FRONT f=MOVE_TO_TOP leash=Surface(name=Task=5955)/@0x6c60dae sb=Rect(0, 0 - 1080, 2340) eb=Rect(0, 0 - 1080, 2340) epz=Point(1080, 2340) d=0 taskParent=-1},
12-21 00:35:59.735  3231  3343 V WindowManager:         {WCT{RemoteToken{2e7e4bc Task{40dd88d #1 type=home}}} m=TO_BACK f=SHOW_WALLPAPER leash=Surface(name=Task=1)/@0x5714dd sb=Rect(0, 0 - 1080, 2340) eb=Rect(0, 0 - 1080, 2340) epz=Point(1080, 2340) d=0 taskParent=-1},
12-21 00:35:59.735  3231  3343 V WindowManager:         {m=TO_BACK f=IS_WALLPAPER leash=Surface(name=WallpaperWindowToken{9f18b87 showWhenLocked=false})/@0xe62e987 sb=Rect(0, 0 - 1080, 2340) eb=Rect(0, 0 - 1080, 2340) epz=Point(1080, 2340) d=0}
12-21 00:35:59.735  3231  3343 V WindowManager:     ]}
12-21 00:35:59.736  4592  4659 V WindowManagerShell: onTransitionReady (#1565) android.os.BinderProxy@b9b7132: {id=1565 t=OPEN f=0x0 trk=0 r=[0@Point(0, 0)] c=[
12-21 00:35:59.736  4592  4659 V WindowManagerShell:         {m=TO_FRONT f=MOVE_TO_TOP leash=Surface(name=Task=5955)/@0x3c3cef5 sb=Rect(0, 0 - 1080, 2340) eb=Rect(0, 0 - 1080, 2340) epz=Point(1080, 2340) d=0 taskParent=-1},
12-21 00:35:59.736  4592  4659 V WindowManagerShell:         {m=TO_BACK f=SHOW_WALLPAPER leash=Surface(name=Task=1)/@0x9ebf48a sb=Rect(0, 0 - 1080, 2340) eb=Rect(0, 0 - 1080, 2340) epz=Point(1080, 2340) d=0 taskParent=-1},
12-21 00:35:59.736  4592  4659 V WindowManagerShell:         {m=TO_BACK f=IS_WALLPAPER leash=Surface(name=WallpaperWindowToken{9f18b87 showWhenLocked=false})/@0xab55afb sb=Rect(0, 0 - 1080, 2340) eb=Rect(0, 0 - 1080, 2340) epz=Point(1080, 2340) d=0}
12-21 00:35:59.736  4592  4659 V WindowManagerShell:     ]}
12-21 00:35:59.737  4592  4659 V WindowManagerShell: Playing animation for (#1565) android.os.BinderProxy@b9b7132@0
12-21 00:35:59.737  4592  4659 V WindowManagerShell:  try firstHandler com.android.wm.shell.transition.DefaultMixedHandler@b2cf931
12-21 00:35:59.737  4592  4659 V WindowManagerShell: Mixed transition for opening an intent with a remote transition and PIP or Desktop #1565
12-21 00:35:59.737  4592  4659 V WindowManagerShell: tryAnimateOpenIntentWithRemoteAndPipOrDesktop
12-21 00:35:59.737  4592  4659 V WindowManagerShell:  Delegate animation for (#1565) to RemoteTransition { remoteTransition = android.window.IRemoteTransition$Stub$Proxy@c0b6e7e, appThread = android.app.IApplicationThread$Stub$Proxy@ffc9fdf, debugName = QuickstepLaunch }
12-21 00:35:59.737  4592  4659 V WindowManagerShell:  animated by firstHandler
12-21 00:35:59.790  3231  4925 W PackageConfigPersister: App-specific configuration not found for packageName: tokyo.isseikuzumaki.vibeterminal and userId: 0
12-21 00:36:00.249  4592  4659 V WindowManagerShell: Transition animation finished (aborted=false), notifying core (#1565) android.os.BinderProxy@b9b7132@0
12-21 00:36:00.250  3231  3343 V WindowManager: Finish Transition (#1565): created at 12-21 00:35:59.726 collect-started=0.023ms request-sent=1.69ms started=3.845ms ready=7.951ms sent=8.835ms commit=10.122ms finished=524.506ms
12-21 00:36:00.251  4592  4659 V WindowManagerShell: Track 0 became idle
12-21 00:36:00.251  4592  4659 V WindowManagerShell: All active transition animations finished
12-21 00:36:00.252  3231  3348 W ActivityTaskManager: servicetracker HIDL not available
12-21 00:36:00.252  3231  3348 E ActivityTaskManager: Unable to get servicetracker HAL instance
12-21 00:36:00.252  3231  3348 W ActivityTaskManager: servicetracker HIDL not available
12-21 00:36:00.252  3231  3348 E ActivityTaskManager: Unable to get servicetracker HAL instance
12-21 00:36:00.265  3231  8112 W ActivityTaskManager: servicetracker HIDL not available
12-21 00:36:00.265  3231  8112 E ActivityTaskManager: Unable to get servicetracker HAL instance
12-21 00:36:00.265  3231  8112 W ActivityTaskManager: servicetracker HIDL not available
12-21 00:36:00.265  3231  8112 E ActivityTaskManager: Unable to get servicetracker HAL instance
12-21 00:36:00.265  3231  4496 D BackgroundInstallControlService: Package event received: 0
12-21 00:36:01.066  3231  4925 D CoreBackPreview: Window{b77af21 u0 tokyo.isseikuzumaki.vibeterminal/tokyo.isseikuzumaki.vibeterminal.MainActivity}: Setting back callback OnBackInvokedCallbackInfo{mCallback=android.window.IOnBackInvokedCallback$Stub$Proxy@968aaa3, mPriority=-1, mIsAnimationCallback=false, mOverrideBehavior=0}
12-21 00:36:01.066  3231  4925 D CoreBackPreview: Window{b77af21 u0 tokyo.isseikuzumaki.vibeterminal/tokyo.isseikuzumaki.vibeterminal.MainActivity}: Setting back callback OnBackInvokedCallbackInfo{mCallback=android.window.IOnBackInvokedCallback$Stub$Proxy@2a081a0, mPriority=0, mIsAnimationCallback=true, mOverrideBehavior=0}
12-21 00:36:01.140  3231  7165 W PackageConfigPersister: App-specific configuration not found for packageName: tokyo.isseikuzumaki.vibeterminal and userId: 0
12-21 00:36:02.096  3231  4925 V AutofillSession: Primary service component name: ComponentInfo{com.google.android.gms/com.google.android.gms.autofill.service.AutofillService}, secondary service component name: ComponentInfo{com.android.credentialmanager/com.android.credentialmanager.autofill.CredentialAutofillService}
12-21 00:36:02.096  3231  4925 V SecondaryProviderHandler: Creating a secondary provider handler with component name, ComponentInfo{com.android.credentialmanager/com.android.credentialmanager.autofill.CredentialAutofillService}
12-21 00:36:02.096  3231  4925 D PresentationStatsEventLogger: Started new PresentationStatsEvent
12-21 00:36:02.097  3231  4925 I AppsFilter: interaction: PackageSetting{2222397 tokyo.isseikuzumaki.vibeterminal/10018} -> PackageSetting{aeb1b51 com.google.android.inputmethod.latin/10217} BLOCKED
12-21 00:36:02.097  3231  4925 W FillRequestEventLogger: Couldn't find packageName: com.google.android.inputmethod.latin
12-21 00:36:02.098  3231  9943 W FillRequestEventLogger: Shouldn't be logging AutofillFillRequestReported again for same event
12-21 00:36:02.098  3231  9943 W FillResponseEventLogger: Shouldn't be logging AutofillFillRequestReported again for same event
12-21 00:36:02.098  3231  9943 D AutofillSession: clearPendingIntentLocked
12-21 00:36:02.100  3231  4496 D BackgroundInstallControlService: Package event received: 0
12-21 00:36:02.125 30213 30213 D InsetsController: Setting requestedVisibleTypes to -1 (was -9)
12-21 00:36:02.128  3231  4799 W PackageConfigPersister: App-specific configuration not found for packageName: tokyo.isseikuzumaki.vibeterminal and userId: 0
12-21 00:36:02.129  3231  4496 D BackgroundInstallControlService: Package event received: 0
12-21 00:36:02.129  3231  8112 W PackageConfigPersister: App-specific configuration not found for packageName: tokyo.isseikuzumaki.vibeterminal and userId: 0
12-21 00:36:02.130  3231  6663 D AutofillSession: createPendingIntent for request 432
12-21 00:36:02.140  3231  6663 D CoreBackPreview: Window{b77af21 u0 tokyo.isseikuzumaki.vibeterminal/tokyo.isseikuzumaki.vibeterminal.MainActivity}: Setting back callback OnBackInvokedCallbackInfo{mCallback=android.window.IOnBackInvokedCallback$Stub$Proxy@63a4756, mPriority=0, mIsAnimationCallback=true, mOverrideBehavior=0}
12-21 00:36:02.142  4592  4659 D WindowManagerShell: onKeepClearAreasChanged: restricted={}, unrestricted={Rect(0, 2220 - 1080, 2340)}
12-21 00:36:02.144  4592  4659 D WindowManagerShell: onKeepClearAreasChanged: restricted={}, unrestricted={Rect(0, 1262 - 1080, 2340)}
12-21 00:36:02.164  3231  7165 D ActivityManager: sync unfroze 12163 com.google.android.gms.ui for 6
12-21 00:36:02.209  3231  3231 D AutofillSession: Service did not request to wait for delayed fill response.
12-21 00:36:02.226  3231  7165 W WindowManager: Requires INTERNAL_SYSTEM_WINDOW permission if assign type to input. New type will be 0.
12-21 00:36:02.227  3231  3343 D AutofillSession: onShown(): 2, 1
12-21 00:36:03.158  3231  7165 W PresentationStatsEventLogger: Bad view state for: -1, state: ViewState: [id=1073741828:i32@270720304, state:2012, currentValue:android.view.autofill.AutofillValue@35, virtualBounds:Rect(60, 180 - 740, 320)]
12-21 00:36:03.360  3231  7165 W WindowManager: Failed looking up window session=Session{a8e0db2 5845:u0a10336} callers=com.android.server.wm.WindowManagerService.removeClientToken:2153 com.android.server.wm.Session.remove:270 android.view.IWindowSession$Stub.onTransact:696 
12-21 00:36:05.013  3231  6663 W PresentationStatsEventLogger: Bad view state for: -1, state: ViewState: [id=1073741828:i32@270720304, state:601a, currentValue:android.view.autofill.AutofillValue@1, virtualBounds:Rect(60, 180 - 740, 320)]
12-21 00:36:05.018  3231  6663 W WindowManager: Requires INTERNAL_SYSTEM_WINDOW permission if assign type to input. New type will be 0.
12-21 00:36:05.959  3231  6663 W PresentationStatsEventLogger: Bad view state for: -1, state: ViewState: [id=1073741828:i32@270720304, state:e01a, currentValue:android.view.autofill.AutofillValue@34, virtualBounds:Rect(60, 180 - 740, 320)]
12-21 00:36:06.112  3231  6663 W PresentationStatsEventLogger: Bad view state for: -1, state: ViewState: [id=1073741828:i32@270720304, state:e01a, currentValue:android.view.autofill.AutofillValue@661, virtualBounds:Rect(60, 180 - 740, 320)]
12-21 00:36:06.156  3231  6663 W WindowManager: Failed looking up window session=Session{a8e0db2 5845:u0a10336} callers=com.android.server.wm.WindowManagerService.removeClientToken:2153 com.android.server.wm.Session.remove:270 android.view.IWindowSession$Stub.onTransact:696 
12-21 00:36:06.850  3231  6663 W PresentationStatsEventLogger: Bad view state for: -1, state: ViewState: [id=1073741828:i32@270720304, state:e01a, currentValue:android.view.autofill.AutofillValue@34, virtualBounds:Rect(60, 180 - 740, 320)]
12-21 00:36:07.032  3231  6663 W PresentationStatsEventLogger: Bad view state for: -1, state: ViewState: [id=1073741828:i32@270720304, state:e01a, currentValue:android.view.autofill.AutofillValue@1, virtualBounds:Rect(60, 180 - 740, 320)]
12-21 00:36:07.038  3231  6663 W WindowManager: Requires INTERNAL_SYSTEM_WINDOW permission if assign type to input. New type will be 0.
12-21 00:36:07.099  3231  4275 D ActivityManager: freezing 3788 com.android.vending
12-21 00:36:07.101  3231  4275 D ActivityManager: freezing 7382 com.android.chrome
12-21 00:36:07.103  3231  4275 D ActivityManager: freezing 16678 com.android.chrome:sandboxed_process0:org.chromium.content.app.SandboxedProcessService0:20
12-21 00:36:07.104  3231  4275 D ActivityManager: freezing 9259 com.android.chrome:privileged_process0
12-21 00:36:07.105  3231  4275 D ActivityManager: freezing 9445 com.android.chrome:sandboxed_process0:org.chromium.content.app.SandboxedProcessService0:0
12-21 00:36:07.911  3231  6663 W PresentationStatsEventLogger: Bad view state for: -1, state: ViewState: [id=1073741828:i32@270720304, state:e01a, currentValue:android.view.autofill.AutofillValue@34, virtualBounds:Rect(60, 180 - 740, 320)]
12-21 00:36:08.100  3231  7165 W WindowManager: Failed looking up window session=Session{a8e0db2 5845:u0a10336} callers=com.android.server.wm.WindowManagerService.removeClientToken:2153 com.android.server.wm.Session.remove:270 android.view.IWindowSession$Stub.onTransact:696 
12-21 00:36:08.291  3231  7165 W PresentationStatsEventLogger: Bad view state for: -1, state: ViewState: [id=1073741828:i32@270720304, state:e01a, currentValue:android.view.autofill.AutofillValue@662, virtualBounds:Rect(60, 180 - 740, 320)]
12-21 00:36:09.054  3231  7165 W PresentationStatsEventLogger: Bad view state for: -1, state: ViewState: [id=1073741828:i32@270720304, state:e01a, currentValue:android.view.autofill.AutofillValue@c5f9, virtualBounds:Rect(60, 180 - 740, 320)]
12-21 00:36:09.401  3231  7165 W PresentationStatsEventLogger: Bad view state for: -1, state: ViewState: [id=1073741828:i32@270720304, state:e01a, currentValue:android.view.autofill.AutofillValue@17f939, virtualBounds:Rect(60, 180 - 740, 320)]
12-21 00:36:10.129  3231  6663 W PresentationStatsEventLogger: Bad view state for: -1, state: ViewState: [id=1073741828:i32@270720304, state:e01a, currentValue:android.view.autofill.AutofillValue@2e72e00, virtualBounds:Rect(60, 180 - 740, 320)]
12-21 00:36:10.316  3231  6663 W PresentationStatsEventLogger: Bad view state for: -1, state: ViewState: [id=1073741828:i32@270720304, state:e01a, currentValue:android.view.autofill.AutofillValue@59fe9219, virtualBounds:Rect(60, 180 - 740, 320)]
12-21 00:36:11.235  3231  7165 W PresentationStatsEventLogger: Bad view state for: -1, state: ViewState: [id=1073741828:i32@270720304, state:e01a, currentValue:android.view.autofill.AutofillValue@2e72e00, virtualBounds:Rect(60, 180 - 740, 320)]
12-21 00:36:12.164  3231  7165 W PresentationStatsEventLogger: Bad view state for: -1, state: ViewState: [id=1073741828:i32@270720304, state:e01a, currentValue:android.view.autofill.AutofillValue@59fe9218, virtualBounds:Rect(60, 180 - 740, 320)]
12-21 00:36:12.992  3231  8112 W PresentationStatsEventLogger: Bad view state for: -1, state: ViewState: [id=1073741828:i32@270720304, state:e01a, currentValue:android.view.autofill.AutofillValue@e5d3b0fb, virtualBounds:Rect(60, 180 - 740, 320)]
12-21 00:36:13.430  3231  7165 W PresentationStatsEventLogger: Bad view state for: -1, state: ViewState: [id=1073741828:i32@270720304, state:e01a, currentValue:android.view.autofill.AutofillValue@d4a26e79, virtualBounds:Rect(60, 180 - 740, 320)]
12-21 00:36:14.209  3231  8112 W PresentationStatsEventLogger: Bad view state for: -1, state: ViewState: [id=1073741828:i32@270720304, state:e01a, currentValue:android.view.autofill.AutofillValue@bfab60be, virtualBounds:Rect(60, 180 - 740, 320)]
12-21 00:36:16.246  3231  3348 I DisplayDeviceRepository: Display device changed render timings: "内蔵スクリーン", renderFrameRate=30.000002, presentationDeadlineNanos=17666666, appVsyncOffsetNanos=3000001, frameRateOverrides=[]
12-21 00:36:16.247  3231  3344 D WindowManager: DeferredDisplayUpdater: partially applying DisplayInfo(1080 x 2340) immediately
12-21 00:36:19.219  3231  4275 D ActivityManager: freezing 12163 com.google.android.gms.ui
12-21 00:36:22.633  3231  3348 I DisplayDeviceRepository: Display device changed render timings: "内蔵スクリーン", renderFrameRate=120.00001, presentationDeadlineNanos=11333333, appVsyncOffsetNanos=1000000, frameRateOverrides=[]
12-21 00:36:22.634  3231  3344 D WindowManager: DeferredDisplayUpdater: partially applying DisplayInfo(1080 x 2340) immediately
--------- beginning of crash
12-21 00:36:22.676 30213 30213 E AndroidRuntime: FATAL EXCEPTION: main
12-21 00:36:22.676 30213 30213 E AndroidRuntime: Process: tokyo.isseikuzumaki.vibeterminal, PID: 30213
12-21 00:36:22.676 30213 30213 E AndroidRuntime: java.lang.NoClassDefFoundError: Failed resolution of: Lorg/koin/compose/stable/StableHoldersKt;
12-21 00:36:22.676 30213 30213 E AndroidRuntime: 	at tokyo.isseikuzumaki.vibeterminal.ui.screens.TerminalScreen.Content(TerminalScreen.kt:182)
12-21 00:36:22.676 30213 30213 E AndroidRuntime: 	at cafe.adriel.voyager.navigator.NavigatorKt$CurrentScreen$1.invoke(Navigator.kt:48)
12-21 00:36:22.676 30213 30213 E AndroidRuntime: 	at cafe.adriel.voyager.navigator.NavigatorKt$CurrentScreen$1.invoke(Navigator.kt:47)
12-21 00:36:22.676 30213 30213 E AndroidRuntime: 	at androidx.compose.runtime.internal.ComposableLambdaImpl.invoke(ComposableLambda.kt:121)
12-21 00:36:22.676 30213 30213 E AndroidRuntime: 	at androidx.compose.runtime.internal.ComposableLambdaImpl.invoke(ComposableLambda.kt:51)
12-21 00:36:22.676 30213 30213 E AndroidRuntime: 	at androidx.compose.runtime.CompositionLocalKt.CompositionLocalProvider(CompositionLocal.kt:370)
12-21 00:36:22.676 30213 30213 E AndroidRuntime: 	at androidx.compose.runtime.saveable.SaveableStateHolderImpl.SaveableStateProvider(SaveableStateHolder.kt:82)
12-21 00:36:22.676 30213 30213 E AndroidRuntime: 	at cafe.adriel.voyager.navigator.Navigator$saveableState$2.invoke(Navigator.kt:150)
12-21 00:36:22.676 30213 30213 E AndroidRuntime: 	at cafe.adriel.voyager.navigator.Navigator$saveableState$2.invoke(Navigator.kt:149)
12-21 00:36:22.676 30213 30213 E AndroidRuntime: 	at androidx.compose.runtime.internal.ComposableLambdaImpl.invoke(ComposableLambda.kt:121)
12-21 00:36:22.676 30213 30213 E AndroidRuntime: 	at androidx.compose.runtime.internal.ComposableLambdaImpl.invoke(ComposableLambda.kt:51)
12-21 00:36:22.676 30213 30213 E AndroidRuntime: 	at cafe.adriel.voyager.core.lifecycle.MultipleScreenLifecycleOwnerUtilKt$RecursiveProvideBeforeScreenContent$4.invoke(multipleScreenLifecycleOwnerUtil.kt:57)
12-21 00:36:22.676 30213 30213 E AndroidRuntime: 	at cafe.adriel.voyager.core.lifecycle.MultipleScreenLifecycleOwnerUtilKt$RecursiveProvideBeforeScreenContent$4.invoke(multipleScreenLifecycleOwnerUtil.kt:56)
12-21 00:36:22.676 30213 30213 E AndroidRuntime: 	at androidx.compose.runtime.internal.ComposableLambdaImpl.invoke(ComposableLambda.kt:121)
12-21 00:36:22.676 30213 30213 E AndroidRuntime: 	at androidx.compose.runtime.internal.ComposableLambdaImpl.invoke(ComposableLambda.kt:51)
12-21 00:36:22.676 30213 30213 E AndroidRuntime: 	at cafe.adriel.voyager.androidx.AndroidScreenLifecycleOwner$ProvideBeforeScreenContent$1$1.invoke(AndroidScreenLifecycleOwner.kt:120)
12-21 00:36:22.676 30213 30213 E AndroidRuntime: 	at cafe.adriel.voyager.androidx.AndroidScreenLifecycleOwner$ProvideBeforeScreenContent$1$1.invoke(AndroidScreenLifecycleOwner.kt:119)
12-21 00:36:22.676 30213 30213 E AndroidRuntime: 	at androidx.compose.runtime.internal.ComposableLambdaImpl.invoke(ComposableLambda.kt:121)
12-21 00:36:22.676 30213 30213 E AndroidRuntime: 	at androidx.compose.runtime.internal.ComposableLambdaImpl.invoke(ComposableLambda.kt:51)
12-21 00:36:22.676 30213 30213 E AndroidRuntime: 	at androidx.compose.runtime.CompositionLocalKt.CompositionLocalProvider(CompositionLocal.kt:370)
12-21 00:36:22.676 30213 30213 E AndroidRuntime: 	at cafe.adriel.voyager.androidx.AndroidScreenLifecycleOwner$ProvideBeforeScreenContent$1.invoke(AndroidScreenLifecycleOwner.kt:119)
12-21 00:36:22.676 30213 30213 E AndroidRuntime: 	at cafe.adriel.voyager.androidx.AndroidScreenLifecycleOwner$ProvideBeforeScreenContent$1.invoke(AndroidScreenLifecycleOwner.kt:114)
12-21 00:36:22.676 30213 30213 E AndroidRuntime: 	at androidx.compose.runtime.internal.ComposableLambdaImpl.invoke(ComposableLambda.kt:121)
12-21 00:36:22.676 30213 30213 E AndroidRuntime: 	at androidx.compose.runtime.internal.ComposableLambdaImpl.invoke(ComposableLambda.kt:51)
12-21 00:36:22.676 30213 30213 E AndroidRuntime: 	at androidx.compose.runtime.CompositionLocalKt.CompositionLocalProvider(CompositionLocal.kt:370)
12-21 00:36:22.676 30213 30213 E AndroidRuntime: 	at androidx.compose.runtime.saveable.SaveableStateHolderImpl.SaveableStateProvider(SaveableStateHolder.kt:82)
12-21 00:36:22.676 30213 30213 E AndroidRuntime: 	at cafe.adriel.voyager.navigator.Navigator.saveableState$provideSaveableState(Navigator.kt:137)
12-21 00:36:22.676 30213 30213 E AndroidRuntime: 	at cafe.adriel.voyager.navigator.Navigator.access$saveableState$provideSaveableState(Navigator.kt:105)
12-21 00:36:22.676 30213 30213 E AndroidRuntime: 	at cafe.adriel.voyager.navigator.Navigator$saveableState$1.invoke(Navigator.kt:148)
12-21 00:36:22.676 30213 30213 E AndroidRuntime: 	at cafe.adriel.voyager.navigator.Navigator$saveableState$1.invoke(Navigator.kt:148)
12-21 00:36:22.676 30213 30213 E AndroidRuntime: 	at androidx.compose.runtime.internal.ComposableLambdaImpl.invoke(ComposableLambda.kt:142)
12-21 00:36:22.676 30213 30213 E AndroidRuntime: 	at androidx.compose.runtime.internal.ComposableLambdaImpl.invoke(ComposableLambda.kt:51)
12-21 00:36:22.676 30213 30213 E AndroidRuntime: 	at cafe.adriel.voyager.core.lifecycle.MultipleScreenLifecycleOwnerUtilKt$RecursiveProvideBeforeScreenContent$3.invoke(multipleScreenLifecycleOwnerUtil.kt:54)
12-21 00:36:22.676 30213 30213 E AndroidRuntime: 	at cafe.adriel.voyager.core.lifecycle.MultipleScreenLifecycleOwnerUtilKt$RecursiveProvideBeforeScreenContent$3.invoke(multipleScreenLifecycleOwnerUtil.kt:53)
12-21 00:36:22.676 30213 30213 E AndroidRuntime: 	at androidx.compose.runtime.internal.ComposableLambdaImpl.invoke(ComposableLambda.kt:142)
12-21 00:36:22.676 30213 30213 E AndroidRuntime: 	at androidx.compose.runtime.internal.ComposableLambdaImpl.invoke(ComposableLambda.kt:51)
12-21 00:36:22.676 30213 30213 E AndroidRuntime: 	at cafe.adriel.voyager.androidx.AndroidScreenLifecycleOwner.ProvideBeforeScreenContent(AndroidScreenLifecycleOwner.kt:114)
12-21 00:36:22.676 30213 30213 E AndroidRuntime: 	at cafe.adriel.voyager.core.lifecycle.MultipleScreenLifecycleOwnerUtilKt.RecursiveProvideBeforeScreenContent(multipleScreenLifecycleOwnerUtil.kt:52)
12-21 00:36:22.676 30213 30213 E AndroidRuntime: 	at cafe.adriel.voyager.core.lifecycle.MultipleScreenLifecycleOwnerUtilKt.access$RecursiveProvideBeforeScreenContent(multipleScreenLifecycleOwnerUtil.kt:1)
12-21 00:36:22.676 30213 30213 E AndroidRuntime: 	at cafe.adriel.voyager.core.lifecycle.MultipleScreenLifecycleOwnerUtilKt$RecursiveProvideBeforeScreenContent$recursiveContent$1.invoke(multipleScreenLifecycleOwnerUtil.kt:37)
12-21 00:36:22.676 30213 30213 E AndroidRuntime: 	at cafe.adriel.voyager.core.lifecycle.MultipleScreenLifecycleOwnerUtilKt$RecursiveProvideBeforeScreenContent$recursiveContent$1.invoke(multipleScreenLifecycleOwnerUtil.kt:36)
12-21 00:36:22.676 30213 30213 E AndroidRuntime: 	at androidx.compose.runtime.internal.ComposableLambdaImpl.invoke(ComposableLambda.kt:121)
12-21 00:36:22.676 30213 30213 E AndroidRuntime: 	at androidx.compose.runtime.internal.ComposableLambdaImpl.invoke(ComposableLambda.kt:51)
12-21 00:36:22.676 30213 30213 E AndroidRuntime: 	at cafe.adriel.voyager.core.lifecycle.MultipleScreenLifecycleOwnerUtilKt$RecursiveProvideBeforeScreenContent$2.invoke(multipleScreenLifecycleOwnerUtil.kt:49)
12-21 00:36:22.676 30213 30213 E AndroidRuntime: 	at cafe.adriel.voyager.core.lifecycle.MultipleScreenLifecycleOwnerUtilKt$RecursiveProvideBeforeScreenContent$2.invoke(multipleScreenLifecycleOwnerUtil.kt:48)
12-21 00:36:22.676 30213 30213 E AndroidRuntime: 	at androidx.compose.runtime.internal.ComposableLambdaImpl.invoke(ComposableLambda.kt:121)
12-21 00:36:22.676 30213 30213 E AndroidRuntime: 	at androidx.compose.runtime.internal.ComposableLambdaImpl$invoke$1.invoke(ComposableLambda.kt:122)
12-21 00:36:22.676 30213 30213 E AndroidRuntime: 	at androidx.compose.runtime.internal.ComposableLambdaImpl$invoke$1.invoke(ComposableLambda.kt:122)
12-21 00:36:22.676 30213 30213 E AndroidRuntime: 	at androidx.compose.runtime.RecomposeScopeImpl.compose(RecomposeScopeImpl.kt:196)
12-21 00:36:22.676 30213 30213 E AndroidRuntime: 	at androidx.compose.runtime.ComposerImpl.recomposeToGroupEnd(Composer.kt:2895)
12-21 00:36:22.676 30213 30213 E AndroidRuntime: 	at androidx.compose.runtime.ComposerImpl.skipToGroupEnd(Composer.kt:3289)
12-21 00:36:22.676 30213 30213 E AndroidRuntime: 	at cafe.adriel.voyager.core.lifecycle.ScreenLifecycleContentProvider$DefaultImpls.ProvideBeforeScreenContent(ScreenLifecycleOwner.kt:19)
12-21 00:36:22.676 30213 30213 E AndroidRuntime: 	at cafe.adriel.voyager.core.lifecycle.ScreenLifecycleOwner$DefaultImpls.ProvideBeforeScreenContent(ScreenLifecycleOwner.kt:7)
12-21 00:36:22.676 30213 30213 E AndroidRuntime: 	at cafe.adriel.voyager.core.lifecycle.DefaultScreenLifecycleOwner.ProvideBeforeScreenContent(ScreenLifecycleOwner.kt:29)
12-21 00:36:22.676 30213 30213 E AndroidRuntime: 	at cafe.adriel.voyager.core.lifecycle.MultipleScreenLifecycleOwnerUtilKt.RecursiveProvideBeforeScreenContent(multipleScreenLifecycleOwnerUtil.kt:44)
12-21 00:36:22.676 30213 30213 E AndroidRuntime: 	at cafe.adriel.voyager.core.lifecycle.MultipleScreenLifecycleOwnerUtilKt.MultipleProvideBeforeScreenContent(multipleScreenLifecycleOwnerUtil.kt:16)
12-21 00:36:22.676 30213 30213 E AndroidRuntime: 	at cafe.adriel.voyager.navigator.Navigator.saveableState(Navigator.kt:146)
12-21 00:36:22.676 30213 30213 E AndroidRuntime: 	at cafe.adriel.voyager.navigator.NavigatorKt.CurrentScreen(Navigator.kt:47)
12-21 00:36:22.676 30213 30213 E AndroidRuntime: 	at cafe.adriel.voyager.navigator.NavigatorKt$CurrentScreen$2.invoke(Unknown Source:8)
12-21 00:36:22.676 30213 30213 E AndroidRuntime: 	at cafe.adriel.voyager.navigator.NavigatorKt$CurrentScreen$2.invoke(Unknown Source:10)
12-21 00:36:22.676 30213 30213 E AndroidRuntime: 	at androidx.compose.runtime.RecomposeScopeImpl.compose(RecomposeScopeImpl.kt:196)
12-21 00:36:22.676 30213 30213 E AndroidRuntime: 	at androidx.compose.runtime.ComposerImpl.recomposeToGroupEnd(Composer.kt:2895)
12-21 00:36:22.676 30213 30213 E AndroidRuntime: 	at androidx.compose.runtime.ComposerImpl.skipCurrentGroup(Composer.kt:3231)
12-21 00:36:22.676 30213 30213 E AndroidRuntime: 	at androidx.compose.runtime.ComposerImpl.doCompose-aFTiNEg(Composer.kt:3855)
12-21 00:36:22.676 30213 30213 E AndroidRuntime: 	at androidx.compose.runtime.ComposerImpl.recompose-aFTiNEg$runtime(Composer.kt:3779)
12-21 00:36:22.676 30213 30213 E AndroidRuntime: 	at androidx.compose.runtime.CompositionImpl.recompose(Composition.kt:1075)
12-21 00:36:22.676 30213 30213 E AndroidRuntime: 	at androidx.compose.runtime.Recomposer.performRecompose(Recomposer.kt:1364)
12-21 00:36:22.676 30213 30213 E AndroidRuntime: 	at androidx.compose.runtime.Recomposer.access$performRecompose(Recomposer.kt:156)
12-21 00:36:22.676 30213 30213 E AndroidRuntime: 	at androidx.compose.runtime.Recomposer$runRecomposeAndApplyChanges$2.invokeSuspend$lambda$22(Recomposer.kt:627)
12-21 00:36:22.676 30213 30213 E AndroidRuntime: 	at androidx.compose.runtime.Recomposer$runRecomposeAndApplyChanges$2.$r8$lambda$OqADLCDYmRw1RgNUvn1CR0kX32M(Unknown Source:0)
12-21 00:36:22.676 30213 30213 E AndroidRuntime: 	at androidx.compose.runtime.Recomposer$runRecomposeAndApplyChanges$2$$ExternalSyntheticLambda0.invoke(D8$$SyntheticClass:0)
12-21 00:36:22.676 30213 30213 E AndroidRuntime: 	at androidx.compose.ui.platform.AndroidUiFrameClock$withFrameNanos$2$callback$1.doFrame(AndroidUiFrameClock.android.kt:39)
12-21 00:36:22.677 30213 30213 E AndroidRuntime: 	at androidx.compose.ui.platform.AndroidUiDispatcher.performFrameDispatch(AndroidUiDispatcher.android.kt:108)
12-21 00:36:22.677 30213 30213 E AndroidRuntime: 	at androidx.compose.ui.platform.AndroidUiDispatcher.access$performFrameDispatch(AndroidUiDispatcher.android.kt:41)
12-21 00:36:22.677 30213 30213 E AndroidRuntime: 	at androidx.compose.ui.platform.AndroidUiDispatcher$dispatchCallback$1.doFrame(AndroidUiDispatcher.android.kt:69)
12-21 00:36:22.677 30213 30213 E AndroidRuntime: 	at android.view.Choreographer$CallbackRecord.run(Choreographer.java:1592)
12-21 00:36:22.677 30213 30213 E AndroidRuntime: 	at android.view.Choreographer$CallbackRecord.run(Choreographer.java:1603)
12-21 00:36:22.677 30213 30213 E AndroidRuntime: 	at android.view.Choreographer.doCallbacks(Choreographer.java:1202)
12-21 00:36:22.677 30213 30213 E AndroidRuntime: 	at android.view.Choreographer.doFrame(Choreographer.java:1124)
12-21 00:36:22.677 30213 30213 E AndroidRuntime: 	at android.view.Choreographer$FrameDisplayEventReceiver.run(Choreographer.java:1577)
12-21 00:36:22.677 30213 30213 E AndroidRuntime: 	at android.os.Handler.handleCallback(Handler.java:995)
12-21 00:36:22.677 30213 30213 E AndroidRuntime: 	at android.os.Handler.dispatchMessage(Handler.java:103)
12-21 00:36:22.677 30213 30213 E AndroidRuntime: 	at android.os.Looper.loopOnce(Looper.java:248)
12-21 00:36:22.677 30213 30213 E AndroidRuntime: 	at android.os.Looper.loop(Looper.java:338)
12-21 00:36:22.677 30213 30213 E AndroidRuntime: 	at android.app.ActivityThread.main(ActivityThread.java:9137)
12-21 00:36:22.677 30213 30213 E AndroidRuntime: 	at java.lang.reflect.Method.invoke(Native Method)
12-21 00:36:22.677 30213 30213 E AndroidRuntime: 	at com.android.internal.os.RuntimeInit$MethodAndArgsCaller.run(RuntimeInit.java:593)
12-21 00:36:22.677 30213 30213 E AndroidRuntime: 	at com.android.internal.os.ZygoteInit.main(ZygoteInit.java:940)
12-21 00:36:22.677 30213 30213 E AndroidRuntime: 	Suppressed: kotlinx.coroutines.internal.DiagnosticCoroutineContextException: [androidx.compose.runtime.PausableMonotonicFrameClock@e53eec6, androidx.compose.ui.platform.MotionDurationScaleImpl@fa12e87, StandaloneCoroutine{Cancelling}@73821b4, AndroidUiDispatcher@26361dd]
12-21 00:36:22.677 30213 30213 E AndroidRuntime: Caused by: java.lang.ClassNotFoundException: Didn't find class "org.koin.compose.stable.StableHoldersKt" on path: DexPathList[[zip file "/data/app/~~zZ1v-Ypyg5x1SA0t5sydRg==/tokyo.isseikuzumaki.vibeterminal-U_yF3WkCLKzacxdRTS0Gbw==/base.apk"],nativeLibraryDirectories=[/data/app/~~zZ1v-Ypyg5x1SA0t5sydRg==/tokyo.isseikuzumaki.vibeterminal-U_yF3WkCLKzacxdRTS0Gbw==/lib/arm64, /data/app/~~zZ1v-Ypyg5x1SA0t5sydRg==/tokyo.isseikuzumaki.vibeterminal-U_yF3WkCLKzacxdRTS0Gbw==/base.apk!/lib/arm64-v8a, /system/lib64, /system_ext/lib64]]
