--------- beginning of main
12-21 00:35:50.068  4592  4592 W Paint   : The elegant text height cannot be turned off.
12-21 00:35:50.068  4592  4592 W Paint   : The elegant text height cannot be turned off.
12-21 00:35:50.068  4592  4592 W Paint   : The elegant text height cannot be turned off.
12-21 00:35:50.070  4592  4592 W Paint   : The elegant text height cannot be turned off.
12-21 00:35:50.070  4592  4592 W Paint   : The elegant text height cannot be turned off.
12-21 00:35:50.070  4592  4592 W Paint   : The elegant text height cannot be turned off.
--------- beginning of system
12-21 00:35:50.189  4592  4659 V WindowManagerShell: Transition animation finished (aborted=false), notifying core (#1563) android.os.BinderProxy@3a5dd7a@0
12-21 00:35:50.191  3231  3343 V WindowManager: Finish Transition (#1563): created at 12-21 00:35:49.916 collect-started=0.08ms request-sent=0.142ms started=3.217ms ready=8.795ms sent=9.897ms commit=11.024ms finished=274.05ms
12-21 00:35:50.191  4592  4592 D VRI[UsbDebuggingActivity]: visibilityChanged oldVisibility=true newVisibility=false
12-21 00:35:50.192  3231  3348 I HidlServiceManagement: Trying to get transport of vendor.qti.hardware.servicetracker@1.2::IServicetracker/default without hwservicemanager
12-21 00:35:50.192  4592  4659 V WindowManagerShell: Track 0 became idle
12-21 00:35:50.192  4592  4659 V WindowManagerShell: All active transition animations finished
12-21 00:35:50.192  3231  3348 W ActivityTaskManager: servicetracker HIDL not available
12-21 00:35:50.192  3231  3348 E ActivityTaskManager: Unable to get servicetracker HAL instance
12-21 00:35:50.192  3231  3348 I HidlServiceManagement: Trying to get transport of vendor.qti.hardware.servicetracker@1.2::IServicetracker/default without hwservicemanager
12-21 00:35:50.192  3231  3348 W ActivityTaskManager: servicetracker HIDL not available
12-21 00:35:50.192  3231  3348 E ActivityTaskManager: Unable to get servicetracker HAL instance
12-21 00:35:50.192  3231  3348 I HidlServiceManagement: Trying to get transport of vendor.qti.hardware.servicetracker@1.2::IServicetracker/default without hwservicemanager
12-21 00:35:50.192  3231  3348 W ActivityTaskManager: servicetracker HIDL not available
12-21 00:35:50.192  3231  3348 E ActivityTaskManager: Unable to get servicetracker HAL instance
12-21 00:35:50.192  3231  3348 I HidlServiceManagement: Trying to get transport of vendor.qti.hardware.servicetracker@1.2::IServicetracker/default without hwservicemanager
12-21 00:35:50.192  3231  3348 W ActivityTaskManager: servicetracker HIDL not available
12-21 00:35:50.192  3231  3348 E ActivityTaskManager: Unable to get servicetracker HAL instance
12-21 00:35:50.193  4741  4800 W DynamicDDSService: appName is not found in cache: com.android.systemui
12-21 00:35:50.199  4592  4907 D HWUI    : endAllActiveAnimators on 0xb400007ce6fc9390 (RippleDrawable) with handle 0xb400007cd6d2b2b0
12-21 00:35:50.205  4592  4592 W WindowOnBackDispatcher: sendCancelIfRunning: isInProgress=false callback=android.app.Activity$$ExternalSyntheticLambda0@5220d45
12-21 00:35:50.205  3231  6669 D CoreBackPreview: Window{b286abd u0 com.android.systemui/com.android.systemui.usb.UsbDebuggingActivity}: Setting back callback null
12-21 00:35:50.206  4592  4592 D ViewRootImpl: Skipping stats log for color mode
12-21 00:35:50.207  3231  6669 I HidlServiceManagement: Trying to get transport of vendor.qti.hardware.servicetracker@1.2::IServicetracker/default without hwservicemanager
12-21 00:35:50.207  3231  6669 W ActivityTaskManager: servicetracker HIDL not available
12-21 00:35:50.207  3231  6669 E ActivityTaskManager: Unable to get servicetracker HAL instance
12-21 00:35:50.207  3231  6669 I HidlServiceManagement: Trying to get transport of vendor.qti.hardware.servicetracker@1.2::IServicetracker/default without hwservicemanager
12-21 00:35:50.207  3231  6669 W ActivityTaskManager: servicetracker HIDL not available
12-21 00:35:50.207  3231  6669 E ActivityTaskManager: Unable to get servicetracker HAL instance
12-21 00:35:50.207  3231  4496 D BackgroundInstallControlService: Package event received: 0
12-21 00:35:50.209  5088  5088 D RecentsView: onTaskRemoved: 5956, not handling task stack changes
12-21 00:35:50.209  5088  5088 D RecentsView: onTaskRemoved: 5956, not handling task stack changes
12-21 00:35:50.300  2320  2540 I SDM     : DisplayBase::CommitThread: Received Idle Timeout, panel: cmd, timeout: 70000 us
12-21 00:35:50.470  2426  3202 D DisplayModeController: setDesiredMode 147 {mode={fps=30.00 Hz, modePtr={id=4, vsyncRate=30.00 Hz, peakRefreshRate=30.00 Hz}}, emitEvent=false, force=false}
12-21 00:35:50.472  2324  2493 E PERFHAL-SSLITE: PERFHAL-SSLITE: CheckOngoingScenario() 53: SSLite is disabled on this target
12-21 00:35:50.472  2324  2493 E PERFHAL-SSLITE: PERFHAL-SSLITE: StartScenario() 75: SSLite is disabled on this target
12-21 00:35:50.473  2320  2320 W SDM     : HWDeviceDRM::GetSupportedBitClkRate: Requested rate not supported: 944000000
12-21 00:35:50.473  2320  2320 I SDM     : HWDeviceDRM::UpdateMixerAttributes: Mixer WxH 1080x2340-1 for Peripheral
12-21 00:35:50.592  2320  2540 I SDM     : DisplayBase::CommitThread: Received Idle Timeout, panel: cmd, timeout: 69999 us
12-21 00:35:51.069  4592  4592 W Paint   : The elegant text height cannot be turned off.
12-21 00:35:51.069  4592  4592 W Paint   : The elegant text height cannot be turned off.
12-21 00:35:51.069  4592  4592 W Paint   : The elegant text height cannot be turned off.
12-21 00:35:51.072  4592  4592 W Paint   : The elegant text height cannot be turned off.
12-21 00:35:51.072  4592  4592 W Paint   : The elegant text height cannot be turned off.
12-21 00:35:51.072  4592  4592 W Paint   : The elegant text height cannot be turned off.
12-21 00:35:51.568  2426  3202 D DisplayModeController: setDesiredMode 147 {mode={fps=120.00 Hz, modePtr={id=0, vsyncRate=120.00 Hz, peakRefreshRate=120.00 Hz}}, emitEvent=true, force=false}
12-21 00:35:51.569  2324  2493 E PERFHAL-SSLITE: PERFHAL-SSLITE: CheckOngoingScenario() 53: SSLite is disabled on this target
12-21 00:35:51.569  2324  2493 E PERFHAL-SSLITE: PERFHAL-SSLITE: StartScenario() 75: SSLite is disabled on this target
12-21 00:35:51.580  2320  2320 W SDM     : HWDeviceDRM::GetSupportedBitClkRate: Requested rate not supported: 944000000
12-21 00:35:51.580  2320  2320 I SDM     : HWDeviceDRM::UpdateMixerAttributes: Mixer WxH 1080x2340-1 for Peripheral
12-21 00:35:51.657  2426  4306 W HWComposer: Ignoring duplicate VSYNC event from HWC for display 147 (t=64684588961000)
12-21 00:35:51.665  2426  4306 W HWComposer: Ignoring duplicate VSYNC event from HWC for display 147 (t=64684597302000)
12-21 00:35:51.885  2320  2540 I SDM     : DisplayBase::CommitThread: Received Idle Timeout, panel: cmd, timeout: 70000 us
12-21 00:35:51.983  6948  6948 W SMARTNET: [WifiLinkLayerStatsCollector] Unable to fetch link layer stats. Refresh is aborted: Operation already in progress
12-21 00:35:52.055  2426  3202 D DisplayModeController: setDesiredMode 147 {mode={fps=30.00 Hz, modePtr={id=4, vsyncRate=30.00 Hz, peakRefreshRate=30.00 Hz}}, emitEvent=false, force=false}
12-21 00:35:52.056  2324  2493 E PERFHAL-SSLITE: PERFHAL-SSLITE: CheckOngoingScenario() 53: SSLite is disabled on this target
12-21 00:35:52.056  2324  2493 E PERFHAL-SSLITE: PERFHAL-SSLITE: StartScenario() 75: SSLite is disabled on this target
12-21 00:35:52.058  2320  2320 W SDM     : HWDeviceDRM::GetSupportedBitClkRate: Requested rate not supported: 944000000
12-21 00:35:52.058  2320  2320 I SDM     : HWDeviceDRM::UpdateMixerAttributes: Mixer WxH 1080x2340-1 for Peripheral
12-21 00:35:52.069  4592  4592 W Paint   : The elegant text height cannot be turned off.
12-21 00:35:52.069  4592  4592 W Paint   : The elegant text height cannot be turned off.
12-21 00:35:52.069  4592  4592 W Paint   : The elegant text height cannot be turned off.
12-21 00:35:52.071  4592  4592 W Paint   : The elegant text height cannot be turned off.
12-21 00:35:52.071  4592  4592 W Paint   : The elegant text height cannot be turned off.
12-21 00:35:52.071  4592  4592 W Paint   : The elegant text height cannot be turned off.
12-21 00:35:52.166  2426  4306 W HWComposer: Ignoring duplicate VSYNC event from HWC for display 147 (t=64685097856000)
12-21 00:35:52.199  2426  4306 W HWComposer: Ignoring duplicate VSYNC event from HWC for display 147 (t=64685131213000)
12-21 00:35:52.202  2320  2540 I SDM     : DisplayBase::CommitThread: Received Idle Timeout, panel: cmd, timeout: 69999 us
12-21 00:35:52.232  2426  3306 W HWComposer: Ignoring duplicate VSYNC event from HWC for display 147 (t=64685164572000)
12-21 00:35:52.265  2426  4306 W HWComposer: Ignoring duplicate VSYNC event from HWC for display 147 (t=64685197929000)
12-21 00:35:52.589  5342 30522 I NearbyMediums: No BLE Fast/GATT advertisements found in the latest cycle.
12-21 00:35:52.590  5342 30522 I NearbyMediums: Current Tracked Scanning Clients are : {NearbyConnections.EnvironmentMonitor, NearbySharing}
12-21 00:35:52.974  2327  2327 I vendor.qti.hardware.servicetrackeraidl-service: unbindService is called for service : com.google.android.gms/.chimera.PersistentDirectBootAwareApiService and for client com.google.android.googlequicksearchbox:search
12-21 00:35:52.974  2327  2327 I vendor.qti.hardware.servicetrackeraidl-service: size of service connections for service: com.google.android.gms/.chimera.PersistentDirectBootAwareApiServiceafter removal is 30
12-21 00:35:52.974  2327  2327 I vendor.qti.hardware.servicetrackeraidl-service: size of client connections for client: com.google.android.googlequicksearchbox:searchafter removal is 4
12-21 00:35:53.069  4592  4592 W Paint   : The elegant text height cannot be turned off.
12-21 00:35:53.069  4592  4592 W Paint   : The elegant text height cannot be turned off.
12-21 00:35:53.069  4592  4592 W Paint   : The elegant text height cannot be turned off.
12-21 00:35:53.072  4592  4592 W Paint   : The elegant text height cannot be turned off.
12-21 00:35:53.072  4592  4592 W Paint   : The elegant text height cannot be turned off.
12-21 00:35:53.072  4592  4592 W Paint   : The elegant text height cannot be turned off.
12-21 00:35:53.129  6722  6722 V McoSdkLib_PerfAgent: PerfAgent setParam error : android.os.ServiceSpecificException:  (code 0)
12-21 00:35:53.747  4931  4931 D TransmitPower: AccSensorObserverMOTION_DETECTION:onMotionStateChanged() : isStable = false
12-21 00:35:53.750  4931  5844 D TransmitPower: TransmitPowerService:setPowerBackOffFactor() : key = 8, value = 8
12-21 00:35:54.069  4592  4592 W Paint   : The elegant text height cannot be turned off.
12-21 00:35:54.070  4592  4592 W Paint   : The elegant text height cannot be turned off.
12-21 00:35:54.070  4592  4592 W Paint   : The elegant text height cannot be turned off.
12-21 00:35:54.072  4592  4592 W Paint   : The elegant text height cannot be turned off.
12-21 00:35:54.073  4592  4592 W Paint   : The elegant text height cannot be turned off.
12-21 00:35:54.073  4592  4592 W Paint   : The elegant text height cannot be turned off.
12-21 00:35:54.212  2327  2327 I vendor.qti.hardware.servicetrackeraidl-service: unbindService is called for service : com.google.android.gms/.tapandpay.globalactions.WalletQuickAccessWalletService and for client com.android.systemui
12-21 00:35:55.069  4592  4592 W Paint   : The elegant text height cannot be turned off.
12-21 00:35:55.069  4592  4592 W Paint   : The elegant text height cannot be turned off.
12-21 00:35:55.069  4592  4592 W Paint   : The elegant text height cannot be turned off.
12-21 00:35:55.071  4592  4592 W Paint   : The elegant text height cannot be turned off.
12-21 00:35:55.071  4592  4592 W Paint   : The elegant text height cannot be turned off.
12-21 00:35:55.071  4592  4592 W Paint   : The elegant text height cannot be turned off.
12-21 00:35:56.069  4592  4592 W Paint   : The elegant text height cannot be turned off.
12-21 00:35:56.070  4592  4592 W Paint   : The elegant text height cannot be turned off.
12-21 00:35:56.070  4592  4592 W Paint   : The elegant text height cannot be turned off.
12-21 00:35:56.072  4592  4592 W Paint   : The elegant text height cannot be turned off.
12-21 00:35:56.073  4592  4592 W Paint   : The elegant text height cannot be turned off.
12-21 00:35:56.073  4592  4592 W Paint   : The elegant text height cannot be turned off.
12-21 00:35:57.044  2426  3201 D DisplayModeController: setDesiredMode 147 {mode={fps=120.00 Hz, modePtr={id=0, vsyncRate=120.00 Hz, peakRefreshRate=120.00 Hz}}, emitEvent=true, force=false}
12-21 00:35:57.044  2324  2493 E PERFHAL-SSLITE: PERFHAL-SSLITE: CheckOngoingScenario() 53: SSLite is disabled on this target
12-21 00:35:57.044  2324  2493 E PERFHAL-SSLITE: PERFHAL-SSLITE: StartScenario() 75: SSLite is disabled on this target
12-21 00:35:57.045  5088  5088 D OtherActivityInputConsumer: ACTION_DOWN: mIsDeferredDownTarget=false
12-21 00:35:57.047  5088  5088 D ContextTracker: Registering callback: com.android.launcher3.LauncherInitListener@1b25da4, reason=OtherActivityInputConsumer.startTouchTrackingForWindowAnimation
12-21 00:35:57.047  5088  5088 D RecentsView: onGestureAnimationStart - groupedTaskInfo: Desk ID= -1, Desk Display ID=-1, Tasks=[id=5950 winMode=fullscreen visReq=true vis=true excluded=false baseIntent=com.android.settings/.homepage.SettingsHomepageActivity], Type=FULLSCREEN, Minimized Task IDs=null
12-21 00:35:57.048  5088  5088 D RecentsView: showCurrentTask(onGestureAnimationStart) - groupedTaskInfo: Desk ID= -1, Desk Display ID=-1, Tasks=[id=5950 winMode=fullscreen visReq=true vis=true excluded=false baseIntent=com.android.settings/.homepage.SettingsHomepageActivity], Type=FULLSCREEN, Minimized Task IDs=null
12-21 00:35:57.048  5088  5088 D OverviewActionsView: updateForGroupedTask() called with: isGroupedTask = [false], canSaveAppPair = [false]
12-21 00:35:57.049  5088  5088 D OverviewActionsView: updateActionButtonsVisibility() called: showSingleTaskActions = [true], showGroupActions = [false]
12-21 00:35:57.049  5088  5088 D RecentsView: reloadIfNeeded - getTasks: 2646
12-21 00:35:57.049  5088  5088 D OtherActivityInputConsumer: startTouchTrackingForWindowAnimation: isRecentsAnimationRunning=false
12-21 00:35:57.050  5088  5088 D OtherActivityInputConsumer: ACTION_MOVE: passedSlop=false ( false || (0.0 >= 2449.2603 && true ))
12-21 00:35:57.050  5088  5088 D OtherActivityInputConsumer: ACTION_MOVE: mPassedPilferInputSlop=false
12-21 00:35:57.053  4592  4659 V ShellRecents: RecentsTransitionHandler.startRecentsTransition
12-21 00:35:57.053  4592  4659 V WindowManagerShell: Directly starting a new transition type=TO_FRONT wct=WindowContainerTransaction { changes= {} hops= [{pendingIntent: options=Bundle[{android.activity.splashScreenStyle=-1, android.activity.sourceInfo=Supplier{VAL_PARCELABLE@148+104}, android.pendingIntent.backgroundActivityAllowed=3, android:activity.animAbortListener=null, android.activity.transientLaunch=true}]}] errorCallbackToken=null taskFragmentOrganizer=null } handler=com.android.wm.shell.recents.RecentsTransitionHandler@6b00f23
12-21 00:35:57.055  3231  3348 I ActivityManager: updateOomAdj start time is before than pendingPid added, don't delete it
12-21 00:35:57.055  2426  4306 I BpBinder: onLastStrongRef automatically unlinking death recipients: 
12-21 00:35:57.055  3231  4925 I HidlServiceManagement: Trying to get transport of vendor.qti.hardware.servicetracker@1.2::IServicetracker/default without hwservicemanager
12-21 00:35:57.056 30369 30369 D VRI[XperiaLauncher]: visibilityChanged oldVisibility=false newVisibility=true
12-21 00:35:57.056  3231  4925 W ActivityTaskManager: servicetracker HIDL not available
12-21 00:35:57.056  5088  5088 D RecentsView: applyLoadPlan - taskGroups: [type=SINGLE task=[id=5913 windowingMode=1 user=0 lastActiveTime=80139170] null, type=SINGLE task=[id=5915 windowingMode=1 user=0 lastActiveTime=81021806] null, type=SINGLE task=[id=5877 windowingMode=1 user=0 lastActiveTime=81900979] null, type=SINGLE task=[id=5918 windowingMode=1 user=0 lastActiveTime=89775227] null, type=SINGLE task=[id=5920 windowingMode=1 user=0 lastActiveTime=89796710] null, type=SINGLE task=[id=5856 windowingMode=1 user=0 lastActiveTime=89803493] null, type=SINGLE task=[id=5921 windowingMode=1 user=0 lastActiveTime=91591201] null, type=SINGLE task=[id=5909 windowingMode=1 user=0 lastActiveTime=91691522] null, type=SINGLE task=[id=5926 windowingMode=1 user=0 lastActiveTime=91840913] null, type=SINGLE task=[id=5895 windowingMode=1 user=0 lastActiveTime=91857863] null, type=SINGLE task=[id=5872 windowingMode=1 user=0 lastActiveTime=92011369] null, type=SINGLE task=[id=5821 windowingMode=1 user=0 lastActiveTime=92630398] null, type=SINGLE task=[id=5847 windowingMode=1 user=0 lastActiveTime=92906790] null, type=SINGLE task=[id=5928 windowingMode=1 user=0 lastActiveTime=94436488] null, type=SINGLE task=[id=5922 windowingMode=1 user=0 lastActiveTime=94936212] null, type=SINGLE task=[id=5832 windowingMode=1 user=0 lastActiveTime=94987750] null, type=SINGLE task=[id=5929 windowingMode=1 user=0 lastActiveTime=95006438] null, type=SINGLE task=[id=5930 windowingMode=1 user=0 lastActiveTime=95451399] null, type=SINGLE task=[id=5946 windowingMode=1 user=0 lastActiveTime=96763769] null, type=SINGLE task=[id=5952 windowingMode=1 user=0 lastActiveTime=96853035] null, type=SINGLE task=[id=5911 windowingMode=1 user=0 lastActiveTime=97073861] null, type=SINGLE task=[id=5931 windowingMode=1 user=0 lastActiveTime=97489493] null, type=SINGLE task=[id=5955 windowingMode=1 user=0 lastActiveTime=97532048] null, type=SINGLE task=[id=5950 windowingMode=1 user=0 lastActiveTime=97557150] null]
12-21 00:35:57.056  3231  4925 E ActivityTaskManager: Unable to get servicetracker HAL instance
12-21 00:35:57.058  4592  4659 V ShellRecents: [209511927] RecentsController.setTransition: id=android.os.BinderProxy@2571df6
12-21 00:35:57.058  2426  2426 I BpBinder: onLastStrongRef automatically unlinking death recipients: 
12-21 00:35:57.059  2320  2320 W SDM     : HWDeviceDRM::GetSupportedBitClkRate: Requested rate not supported: 944000000
12-21 00:35:57.059  2320  2320 I SDM     : HWDeviceDRM::UpdateMixerAttributes: Mixer WxH 1080x2340-1 for Peripheral
12-21 00:35:57.058  5994  6293 V OsAgent : broadcastSystemEvent - 7
12-21 00:35:57.060  3231  4496 D BackgroundInstallControlService: Package event received: 0
12-21 00:35:57.060  3231  4496 D BackgroundInstallControlService: Package event received: 0
12-21 00:35:57.060  6911  9898 I swiqisystemservice: AidlSwiqiAccessor: setMultiWindowMode +
12-21 00:35:57.060  2556  2556 I AidlSwiqi: setMultiWindowMode 0
12-21 00:35:57.061  6911  9898 I swiqisystemservice: AidlSwiqiAccessor: setMultiWindowMode -
12-21 00:35:57.061  6911  9898 I swiqisystemservice: AidlSwiqiAccessor: setIsEffectWhiteList +
12-21 00:35:57.061  2556  2556 I AidlSwiqi: setIsEffectWhiteList 0
12-21 00:35:57.061  6911  9898 I swiqisystemservice: AidlSwiqiAccessor: setIsEffectWhiteList -
12-21 00:35:57.062  6696  6706 D DisplayBooster: DisplayColorManager: foregroundChanged :com.sonymobile.launcher
12-21 00:35:57.062  6696  6706 D DisplayBooster: DisplayColorManager: foregroundChanged :com.android.settings
12-21 00:35:57.062  6696  6706 D DisplayBooster: FpsModeManager: foregroundChanged :com.sonymobile.launcher
12-21 00:35:57.062  6696  6706 D DisplayBooster: FpsModeManager: foregroundChanged :com.android.settings
12-21 00:35:57.062  6696  6706 D DisplayBooster: FpsModeManager: setAutoHighRefreshRateMode: false
12-21 00:35:57.062  6696  6706 D DisplayBooster: FpsModeManager: No need to change config
12-21 00:35:57.063  2327  2327 I vendor.qti.hardware.servicetrackeraidl-service: bindService is called for service : com.android.chrome/org.chromium.components.background_task_scheduler.internal.BackgroundTaskJobService and for client system
12-21 00:35:57.063  2327  2327 I vendor.qti.hardware.servicetrackeraidl-service: total connections for service : com.android.chrome/org.chromium.components.background_task_scheduler.internal.BackgroundTaskJobServiceare :1
12-21 00:35:57.063  2327  2327 I vendor.qti.hardware.servicetrackeraidl-service: total connections for client : systemare :38
12-21 00:35:57.063  5088  5088 D OverviewActionsView: updateForGroupedTask() called with: isGroupedTask = [false], canSaveAppPair = [false]
12-21 00:35:57.063  5088  5088 D OverviewActionsView: updateActionButtonsVisibility() called: showSingleTaskActions = [true], showGroupActions = [false]
12-21 00:35:57.063  5088  5088 D OverviewActionsView: updateForGroupedTask() called with: isGroupedTask = [false], canSaveAppPair = [false]
12-21 00:35:57.063  5088  5088 D OverviewActionsView: updateActionButtonsVisibility() called: showSingleTaskActions = [true], showGroupActions = [false]
12-21 00:35:57.063  3231  4425 W IPCThreadState: Sending oneway calls to frozen process.
12-21 00:35:57.063  5088  5088 D OtherActivityInputConsumer: ACTION_MOVE: passedSlop=false ( false || (0.0 >= 2449.2603 && true ))
12-21 00:35:57.063  3231  4425 W IPCThreadState: Sending oneway calls to frozen process.
12-21 00:35:57.063  5088  5088 D OtherActivityInputConsumer: ACTION_MOVE: mPassedPilferInputSlop=false
12-21 00:35:57.063  3231  4425 W IPCThreadState: Sending oneway calls to frozen process.
12-21 00:35:57.064  3231  4425 W IPCThreadState: Sending oneway calls to frozen process.
12-21 00:35:57.064  5088  5088 D StateManager: goToState - fromState: Normal, toState: Background, partial trace:
12-21 00:35:57.064  5088  5088 D StateManager: 	at com.android.quickstep.BaseActivityInterface$DefaultAnimationFactory.initBackgroundStateUI(BaseActivityInterface.java:177)
12-21 00:35:57.064  5088  5088 D StateManager: 	at com.android.quickstep.LauncherActivityInterface.prepareRecentsUI(LauncherActivityInterface.java:128)
12-21 00:35:57.064  5088  5088 D StateManager: 	at com.android.quickstep.AbsSwipeUpHandler.lambda$onLauncherStart$7(AbsSwipeUpHandler.java:620)
12-21 00:35:57.064  5088  5088 D StateManager: onStateTransitionStart - state: Background
12-21 00:35:57.064  5088  5088 D BaseDepthController: mSurface is null and mCurrentBlur is: 23
12-21 00:35:57.064  3231  4496 D BackgroundInstallControlService: Package event received: 0
12-21 00:35:57.065  5088  5088 D StateManager: onStateTransitionEnd - state: Background
12-21 00:35:57.066  5088  5088 D OtherActivityInputConsumer: ACTION_MOVE: passedSlop=false ( false || (0.0 >= 2449.2603 && true ))
12-21 00:35:57.066  5088  5088 D OtherActivityInputConsumer: ACTION_MOVE: mPassedPilferInputSlop=false
12-21 00:35:57.067  3788  3803 I Finsky  : [76] Stats for Executor: BlockingExecutor ury@cfc1ac6[Running, pool size = 0, active threads = 0, queued tasks = 0, completed tasks = 204]
12-21 00:35:57.067  3788  3803 I Finsky  : [76] Stats for Executor: LightweightExecutor ury@2a3ea87[Running, pool size = 4, active threads = 0, queued tasks = 0, completed tasks = 7601]
12-21 00:35:57.067  3788  3803 I Finsky  : [76] Stats for Executor: bgExecutor ury@caa2db4[Running, pool size = 4, active threads = 0, queued tasks = 0, completed tasks = 1978]
12-21 00:35:57.067  3788  3803 I Finsky  : [76] Stats for Executor: GrpcBackgroundExecutor ury@b9a7ddd[Running, pool size = 4, active threads = 0, queued tasks = 0, completed tasks = 11]
12-21 00:35:57.068  3231  4253 D ActivityManager: sync unfroze 3788 com.android.vending for 6
12-21 00:35:57.068  4592  4592 W Paint   : The elegant text height cannot be turned off.
12-21 00:35:57.068  4592  4592 W Paint   : The elegant text height cannot be turned off.
12-21 00:35:57.068  4592  4592 W Paint   : The elegant text height cannot be turned off.
12-21 00:35:57.068  4592  4592 W Paint   : The elegant text height cannot be turned off.
12-21 00:35:57.068  4592  4592 W Paint   : The elegant text height cannot be turned off.
12-21 00:35:57.068  4592  4592 W Paint   : The elegant text height cannot be turned off.
12-21 00:35:57.069  3231  4253 D ActivityManager: sync unfroze 7382 com.android.chrome for 6
12-21 00:35:57.069  3231  4253 D ActivityManager: sync unfroze 16678 com.android.chrome:sandboxed_process0:org.chromium.content.app.SandboxedProcessService0:20 for 6
12-21 00:35:57.070  3231  4253 D ActivityManager: sync unfroze 9259 com.android.chrome:privileged_process0 for 6
12-21 00:35:57.070  3231  4253 D ActivityManager: sync unfroze 9445 com.android.chrome:sandboxed_process0:org.chromium.content.app.SandboxedProcessService0:0 for 6
12-21 00:35:57.072  3231  4253 W JobServiceContext: Sending onNetworkChanged for a job that isn't started. JobStatus{99459f2 #u0a252/107 com.android.chrome/org.chromium.components.background_task_scheduler.internal.BackgroundTaskJobService u=0 s=10252 TIME=-7s257ms:+23h59m53s743ms NET PERSISTED READY}
12-21 00:35:57.072  2665 15350 W IPCThreadState: Sending oneway calls to frozen process.
12-21 00:35:57.072  2665 15350 W IPCThreadState: Sending oneway calls to frozen process.
12-21 00:35:57.073  2665 15350 W IPCThreadState: Sending oneway calls to frozen process.
12-21 00:35:57.073  2665 15350 W IPCThreadState: Sending oneway calls to frozen process.
12-21 00:35:57.073  2665 15350 W IPCThreadState: Sending oneway calls to frozen process.
12-21 00:35:57.073  2665 15350 W IPCThreadState: Sending oneway calls to frozen process.
12-21 00:35:57.073  2665 15350 W IPCThreadState: Sending oneway calls to frozen process.
12-21 00:35:57.073  2665 15350 W IPCThreadState: Sending oneway calls to frozen process.
12-21 00:35:57.073  2665 15350 W IPCThreadState: Sending oneway calls to frozen process.
12-21 00:35:57.073  2665 15350 W IPCThreadState: Sending oneway calls to frozen process.
12-21 00:35:57.073  2665 15350 W IPCThreadState: Sending oneway calls to frozen process.
12-21 00:35:57.073  2665 15350 W IPCThreadState: Sending oneway calls to frozen process.
12-21 00:35:57.073  2665 15350 W IPCThreadState: Sending oneway calls to frozen process.
12-21 00:35:57.073  2665 15350 W IPCThreadState: Sending oneway calls to frozen process.
12-21 00:35:57.073  2665 15350 W IPCThreadState: Sending oneway calls to frozen process.
12-21 00:35:57.073  2665 15350 W IPCThreadState: Sending oneway calls to frozen process.
12-21 00:35:57.074  5088  5088 D OtherActivityInputConsumer: ACTION_MOVE: passedSlop=false ( false || (0.0 >= 2449.2603 && true ))
12-21 00:35:57.074  5088  5088 D OtherActivityInputConsumer: ACTION_MOVE: mPassedPilferInputSlop=false
12-21 00:35:57.077  3788  3788 I Finsky  : [2] Memory trim requested to level 40
12-21 00:35:57.077  5088  5088 D RecentsView: updateTaskStackListenerState: true
12-21 00:35:57.077  3788  3788 I Finsky  : [2] Flushing in-memory image cache
12-21 00:35:57.077  5088  5088 D RecentsView: reloadIfNeeded - getTasks: 2647
12-21 00:35:57.078  3788  3788 I Finsky  : [2] Memory trim requested to level 40
12-21 00:35:57.078  3788  3788 I Finsky  : [2] Flushing in-memory image cache
12-21 00:35:57.078  3788  3788 I Finsky  : [2] Memory trim requested to level 40
12-21 00:35:57.078  3788  3788 I Finsky  : [2] Flushing in-memory image cache
12-21 00:35:57.078  3788  3788 I Finsky  : [2] Memory trim requested to level 40
12-21 00:35:57.078  3788  3788 I Finsky  : [2] Flushing in-memory image cache
12-21 00:35:57.078  3788  3788 I Finsky  : [2] Memory trim requested to level 40
12-21 00:35:57.078  3788  3788 I Finsky  : [2] Flushing in-memory image cache
12-21 00:35:57.083  2324  2493 E PERFHAL-SSLITE: PERFHAL-SSLITE: CheckOngoingScenario() 53: SSLite is disabled on this target
12-21 00:35:57.083  2324  2493 E PERFHAL-SSLITE: PERFHAL-SSLITE: StartScenario() 75: SSLite is disabled on this target
12-21 00:35:57.084  2324  2493 E PERFHAL-SSLITE: PERFHAL-SSLITE: CheckOngoingScenario() 53: SSLite is disabled on this target
12-21 00:35:57.084  2324  2493 E PERFHAL-SSLITE: PERFHAL-SSLITE: StartScenario() 75: SSLite is disabled on this target
12-21 00:35:57.091  7382  9254 I cr_BindingManager: onTrimMemory: level=40, size=0
12-21 00:35:57.093  7382  9254 I cr_BindingManager: onTrimMemory: level=40, size=0
12-21 00:35:57.093  7382  9254 I cr_BindingManager: onTrimMemory: level=40, size=0
12-21 00:35:57.093  7382  9254 I cr_BindingManager: onTrimMemory: level=40, size=0
12-21 00:35:57.093  7382  9254 I cr_BindingManager: onTrimMemory: level=40, size=0
12-21 00:35:57.094  5088  5088 D BaseDepthController: setSurface:
12-21 00:35:57.094  5088  5088 D BaseDepthController: 	mWaitingOnSurfaceValidity: true
12-21 00:35:57.094  5088  5088 D BaseDepthController: 	mBaseSurface: Surface(name=com.sonymobile.launcher/com.sonymobile.launcher.XperiaLauncher)/@0x36f55b2
12-21 00:35:57.094  2327  2327 I vendor.qti.hardware.servicetrackeraidl-service: unbindService is called for service : com.android.chrome/org.chromium.components.background_task_scheduler.internal.BackgroundTaskJobService and for client system
12-21 00:35:57.094  2327  2327 I vendor.qti.hardware.servicetrackeraidl-service: size of service connections for service: com.android.chrome/org.chromium.components.background_task_scheduler.internal.BackgroundTaskJobServiceafter removal is 0
12-21 00:35:57.094  2327  2327 I vendor.qti.hardware.servicetrackeraidl-service: size of client connections for client: systemafter removal is 37
12-21 00:35:57.094  2327  2327 I vendor.qti.hardware.servicetrackeraidl-service: destroyService is called for service : com.android.chrome/org.chromium.components.background_task_scheduler.internal.BackgroundTaskJobService
12-21 00:35:57.094  3231  4910 W JobScheduler: Job didn't exist in JobStore: 99459f2 #u0a252/107 com.android.chrome/org.chromium.components.background_task_scheduler.internal.BackgroundTaskJobService
12-21 00:35:57.095  2665  3950 W IPCThreadState: Sending oneway calls to frozen process.
12-21 00:35:57.095  2665  3950 W IPCThreadState: Sending oneway calls to frozen process.
12-21 00:35:57.095  2665  3950 W IPCThreadState: Sending oneway calls to frozen process.
12-21 00:35:57.095  2665  3950 W IPCThreadState: Sending oneway calls to frozen process.
12-21 00:35:57.095  2665  3950 W IPCThreadState: Sending oneway calls to frozen process.
12-21 00:35:57.095  2665  3950 W IPCThreadState: Sending oneway calls to frozen process.
12-21 00:35:57.095  2665  3950 W IPCThreadState: Sending oneway calls to frozen process.
12-21 00:35:57.095  2665  3950 W IPCThreadState: Sending oneway calls to frozen process.
12-21 00:35:57.095  2665  3950 W IPCThreadState: Sending oneway calls to frozen process.
12-21 00:35:57.095  2665  3950 W IPCThreadState: Sending oneway calls to frozen process.
12-21 00:35:57.095  2665  3950 W IPCThreadState: Sending oneway calls to frozen process.
12-21 00:35:57.095  2665  3950 W IPCThreadState: Sending oneway calls to frozen process.
12-21 00:35:57.095  2665  3950 W IPCThreadState: Sending oneway calls to frozen process.
12-21 00:35:57.095  2665  3950 W IPCThreadState: Sending oneway calls to frozen process.
12-21 00:35:57.095  2665  3950 W IPCThreadState: Sending oneway calls to frozen process.
12-21 00:35:57.095  2665  3950 W IPCThreadState: Sending oneway calls to frozen process.
12-21 00:35:57.096  5088  5088 D OtherActivityInputConsumer: ACTION_MOVE: passedSlop=true ( false || (12233.432 >= 2449.2603 && true ))
12-21 00:35:57.096  5088  5088 D OtherActivityInputConsumer: ACTION_MOVE: mPassedPilferInputSlop=false
12-21 00:35:57.096  3231  7524 I InputDispatcher: Channel [Gesture Monitor] swipe-up is stealing input gesture for device 4 from [50400b8 com.android.settings/com.android.settings.SubSettings, [Gesture Monitor] edge-swipe, [Gesture Monitor] onehanded-touch]
12-21 00:35:57.096  5088  5088 D RecentsView: onGestureAnimationStart - groupedTaskInfo: Desk ID= -1, Desk Display ID=-1, Tasks=[id=5950 winMode=fullscreen visReq=false vis=false excluded=false baseIntent=com.android.settings/.homepage.SettingsHomepageActivity], Type=FULLSCREEN, Minimized Task IDs=null
12-21 00:35:57.096  5088  5088 D RecentsView: showCurrentTask(onGestureAnimationStart) - groupedTaskInfo: Desk ID= -1, Desk Display ID=-1, Tasks=[id=5950 winMode=fullscreen visReq=false vis=false excluded=false baseIntent=com.android.settings/.homepage.SettingsHomepageActivity], Type=FULLSCREEN, Minimized Task IDs=null
12-21 00:35:57.096  5088  5088 D OverviewActionsView: updateForGroupedTask() called with: isGroupedTask = [false], canSaveAppPair = [false]
12-21 00:35:57.096  5088  5088 D OverviewActionsView: updateActionButtonsVisibility() called: showSingleTaskActions = [true], showGroupActions = [false]
12-21 00:35:57.096  5088  5088 D RecentsView: reloadIfNeeded - task list still valid: 2647
12-21 00:35:57.097  5088  5088 D AlphabeticalAppsList: Clearing FastScrollerSections.
12-21 00:35:57.097  5088  5088 D AlphabeticalAppsList: Adding apps with sections. HasPrivateApps: true
12-21 00:35:57.097  5088  5088 D ActivityAllAppsContainerView: rebindAdapters: force: false
12-21 00:35:57.097  5088  5088 D ActivityAllAppsContainerView: rebindAdapters: Not needed.
12-21 00:35:57.097  5088  5088 D RecentsView: applyLoadPlan - taskGroups: [type=SINGLE task=[id=5913 windowingMode=1 user=0 lastActiveTime=80139170] null, type=SINGLE task=[id=5915 windowingMode=1 user=0 lastActiveTime=81021806] null, type=SINGLE task=[id=5877 windowingMode=1 user=0 lastActiveTime=81900979] null, type=SINGLE task=[id=5918 windowingMode=1 user=0 lastActiveTime=89775227] null, type=SINGLE task=[id=5920 windowingMode=1 user=0 lastActiveTime=89796710] null, type=SINGLE task=[id=5856 windowingMode=1 user=0 lastActiveTime=89803493] null, type=SINGLE task=[id=5921 windowingMode=1 user=0 lastActiveTime=91591201] null, type=SINGLE task=[id=5909 windowingMode=1 user=0 lastActiveTime=91691522] null, type=SINGLE task=[id=5926 windowingMode=1 user=0 lastActiveTime=91840913] null, type=SINGLE task=[id=5895 windowingMode=1 user=0 lastActiveTime=91857863] null, type=SINGLE task=[id=5872 windowingMode=1 user=0 lastActiveTime=92011369] null, type=SINGLE task=[id=5821 windowingMode=1 user=0 lastActiveTime=92630398] null, type=SINGLE task=[id=5847 windowingMode=1 user=0 lastActiveTime=92906790] null, type=SINGLE task=[id=5928 windowingMode=1 user=0 lastActiveTime=94436488] null, type=SINGLE task=[id=5922 windowingMode=1 user=0 lastActiveTime=94936212] null, type=SINGLE task=[id=5832 windowingMode=1 user=0 lastActiveTime=94987750] null, type=SINGLE task=[id=5929 windowingMode=1 user=0 lastActiveTime=95006438] null, type=SINGLE task=[id=5930 windowingMode=1 user=0 lastActiveTime=95451399] null, type=SINGLE task=[id=5946 windowingMode=1 user=0 lastActiveTime=96763769] null, type=SINGLE task=[id=5952 windowingMode=1 user=0 lastActiveTime=96853035] null, type=SINGLE task=[id=5911 windowingMode=1 user=0 lastActiveTime=97073861] null, type=SINGLE task=[id=5931 windowingMode=1 user=0 lastActiveTime=97489493] null, type=SINGLE task=[id=5955 windowingMode=1 user=0 lastActiveTime=97532048] null, type=SINGLE task=[id=5950 windowingMode=1 user=0 lastActiveTime=97557150] null]
12-21 00:35:57.097  4592 18472 V WindowManagerShell: onTransitionReady(transaction=13877039463056)
12-21 00:35:57.098  4592  4659 V WindowManagerShell: onTransitionReady (#1564) android.os.BinderProxy@2571df6: {id=1564 t=TO_FRONT f=0x80 trk=0 r=[0@Point(0, 0)] c=[
12-21 00:35:57.098  4592  4659 V WindowManagerShell:         {m=TO_FRONT f=SHOW_WALLPAPER|MOVE_TO_TOP leash=Surface(name=Task=1)/@0x3495c64 sb=Rect(0, 0 - 1080, 2340) eb=Rect(0, 0 - 1080, 2340) epz=Point(1080, 2340) d=0 taskParent=-1},
12-21 00:35:57.098  4592  4659 V WindowManagerShell:         {m=TO_BACK f=NONE leash=Surface(name=Task=5950)/@0x9bafecd sb=Rect(0, 0 - 1080, 2340) eb=Rect(0, 0 - 1080, 2340) epz=Point(1080, 2340) d=0 taskParent=-1},
12-21 00:35:57.098  4592  4659 V WindowManagerShell:         {m=TO_FRONT f=IS_WALLPAPER leash=Surface(name=WallpaperWindowToken{9f18b87 showWhenLocked=false})/@0xdcf2382 sb=Rect(0, 0 - 1080, 2340) eb=Rect(0, 0 - 1080, 2340) epz=Point(1080, 2340) d=0}
12-21 00:35:57.098  4592  4659 V WindowManagerShell:     ]}
12-21 00:35:57.098  4592  4659 V WindowManagerShell: Playing animation for (#1564) android.os.BinderProxy@2571df6@0
12-21 00:35:57.098  4592  4659 V WindowManagerShell:  try firstHandler com.android.wm.shell.recents.RecentsTransitionHandler@6b00f23
12-21 00:35:57.098  4592  4659 V ShellRecents: [209511927] RecentsController.start
12-21 00:35:57.098  4592  4659 V ShellRecents:   not handling home taskId=1
12-21 00:35:57.098  4592  4659 V ShellRecents:   adding pausing leaf taskId=5950 at layer=8
12-21 00:35:57.098  4592  4659 V ShellRecents: Applying transaction=13877039463056
12-21 00:35:57.099  3231  3343 V WindowManager: Sent Transition (#1564) createdAt=12-21 00:35:57.053
12-21 00:35:57.099  3231  3343 V WindowManager:     startWCT=WindowContainerTransaction { changes= {} hops= [{pendingIntent: options=Bundle[{android.activity.splashScreenStyle=-1, android.activity.sourceInfo=android.app.ActivityOptions$SourceInfo@8748379, android.pendingIntent.backgroundActivityAllowed=3, android:activity.animAbortListener=null, android.activity.transientLaunch=true}]}] errorCallbackToken=null taskFragmentOrganizer=null }
12-21 00:35:57.099  4592  4659 V ShellRecents: No matching remote found to takeover (#1564)
12-21 00:35:57.099  4592  4659 V ShellSplitScreen: getSplitBoundsForTaskId: expected split bounds for taskId=5950 but not found
12-21 00:35:57.099  4592  4659 V ShellRecents: [209511927] RecentsController.start: calling onAnimationStart with 2 apps
12-21 00:35:57.099  3231  3343 V WindowManager:     info={id=1564 t=TO_FRONT f=0x80 trk=0 r=[0@Point(0, 0)] c=[
12-21 00:35:57.099  3231  3343 V WindowManager:         {WCT{RemoteToken{2e7e4bc Task{40dd88d #1 type=home}}} m=TO_FRONT f=SHOW_WALLPAPER|MOVE_TO_TOP leash=Surface(name=Task=1)/@0x5714dd sb=Rect(0, 0 - 1080, 2340) eb=Rect(0, 0 - 1080, 2340) epz=Point(1080, 2340) d=0 taskParent=-1},
12-21 00:35:57.099  3231  3343 V WindowManager:         {WCT{RemoteToken{d24668d Task{7926fbf #5950 type=standard A=1000:com.android.settings.root}}} m=TO_BACK f=NONE leash=Surface(name=Task=5950)/@0x64f7eb6 sb=Rect(0, 0 - 1080, 2340) eb=Rect(0, 0 - 1080, 2340) epz=Point(1080, 2340) d=0 taskParent=-1},
12-21 00:35:57.099  3231  3343 V WindowManager:         {m=TO_FRONT f=IS_WALLPAPER leash=Surface(name=WallpaperWindowToken{9f18b87 showWhenLocked=false})/@0xe62e987 sb=Rect(0, 0 - 1080, 2340) eb=Rect(0, 0 - 1080, 2340) epz=Point(1080, 2340) d=0}
12-21 00:35:57.099  3231  3343 V WindowManager:     ]}
12-21 00:35:57.099  5088  5088 D OverviewActionsView: updateForGroupedTask() called with: isGroupedTask = [false], canSaveAppPair = [false]
12-21 00:35:57.099  5088  5088 D OverviewActionsView: updateActionButtonsVisibility() called: showSingleTaskActions = [true], showGroupActions = [false]
12-21 00:35:57.100 30783 30818 I djgu    : onCloseSystemDialogs
12-21 00:35:57.100 30783 30818 I diny    : (REDACTED) Listener was null, %s is not propagated
12-21 00:35:57.100  2665  3951 W IPCThreadState: Sending oneway calls to frozen process.
12-21 00:35:57.100  2665  3951 W IPCThreadState: Sending oneway calls to frozen process.
12-21 00:35:57.100  2665  3951 W IPCThreadState: Sending oneway calls to frozen process.
12-21 00:35:57.100  2665  3951 W IPCThreadState: Sending oneway calls to frozen process.
12-21 00:35:57.100  2665  3951 W IPCThreadState: Sending oneway calls to frozen process.
12-21 00:35:57.100  2665  3951 W IPCThreadState: Sending oneway calls to frozen process.
12-21 00:35:57.100  2665  3951 W IPCThreadState: Sending oneway calls to frozen process.
12-21 00:35:57.100  2665  3951 W IPCThreadState: Sending oneway calls to frozen process.
12-21 00:35:57.100  2665  3951 W IPCThreadState: Sending oneway calls to frozen process.
12-21 00:35:57.100  2665  3951 W IPCThreadState: Sending oneway calls to frozen process.
12-21 00:35:57.100  2665  3951 W IPCThreadState: Sending oneway calls to frozen process.
12-21 00:35:57.100  2665  3951 W IPCThreadState: Sending oneway calls to frozen process.
12-21 00:35:57.100  2665  3951 W IPCThreadState: Sending oneway calls to frozen process.
12-21 00:35:57.100  2665  3951 W IPCThreadState: Sending oneway calls to frozen process.
12-21 00:35:57.100  2665  3951 W IPCThreadState: Sending oneway calls to frozen process.
12-21 00:35:57.100  2665  3951 W IPCThreadState: Sending oneway calls to frozen process.
12-21 00:35:57.100  5088 15105 I mobile.launcher: AssetManager2(0xb400007c46d708f8) locale list changing from [] to [ja-JP]
12-21 00:35:57.101  5088 15105 W HWUI    : Image decoding logging dropped!
12-21 00:35:57.102  5088 15105 W HWUI    : Image decoding logging dropped!
12-21 00:35:57.103  7382  9254 I cr_BindingManager: onTrimMemory: level=40, size=0
12-21 00:35:57.103  3788  3788 I Finsky  : [2] Memory trim requested to level 40
12-21 00:35:57.103  3788  3788 I Finsky  : [2] Flushing in-memory image cache
12-21 00:35:57.103  4592  4592 I vol.VolumeDialogImpl: mDialog.dismiss() reason: volume_controller from: com.android.systemui.volume.VolumeDialogImpl$7.onDismissRequested:3
12-21 00:35:57.103  4592  4659 V WindowManagerShell:  animated by firstHandler
12-21 00:35:57.104  5088  5088 D RemoteTargetGluer: appCount: 1 handleLength: 4
12-21 00:35:57.104  5088  5088 D RemoteTargetGluer: resizing handles
12-21 00:35:57.104  5088  5088 D RemoteTargetGluer: containsSplitTargets? false handleLength: 1 appsLength: 1
12-21 00:35:57.104  5088  5088 D RecentsView: setRecentsAnimationTargets - recentsAnimationController: com.android.quickstep.RecentsAnimationController@2b42f16, recentsAnimationTargets: com.android.quickstep.RecentsAnimationTargets@e14f097
12-21 00:35:57.104  5088  5088 D RemoteTargetGluer: appCount: 1 handleLength: 1
12-21 00:35:57.104  5088  5088 D RemoteTargetGluer: containsSplitTargets? false handleLength: 1 appsLength: 1
12-21 00:35:57.105  4592  4659 V ShellRecents: [209511927] RecentsController.setInputConsumerEnabled: set focus to recents
12-21 00:35:57.106  5088 15105 W HWUI    : Image decoding logging dropped!
12-21 00:35:57.111  2426  4306 W HWComposer: Ignoring duplicate VSYNC event from HWC for display 147 (t=64690043267000)
12-21 00:35:57.112  5088  5088 D OtherActivityInputConsumer: ACTION_MOVE: passedSlop=true ( false || (48275.97 >= 2449.2603 && true ))
12-21 00:35:57.112  5088  5088 D OtherActivityInputConsumer: ACTION_MOVE: mPassedPilferInputSlop=true
12-21 00:35:57.112  3231  4318 E HandwritingModeController: Cannot get requestId: Handwriting was not initialized.
12-21 00:35:57.120  5088  5088 D OtherActivityInputConsumer: ACTION_MOVE: passedSlop=true ( false || (76707.78 >= 2449.2603 && true ))
12-21 00:35:57.120  5088  5088 D OtherActivityInputConsumer: ACTION_MOVE: mPassedPilferInputSlop=true
12-21 00:35:57.127  2426  4306 W HWComposer: Ignoring duplicate VSYNC event from HWC for display 147 (t=64690059947000)
12-21 00:35:57.128  2324  2493 E PERFHAL-SSLITE: PERFHAL-SSLITE: CheckOngoingScenario() 53: SSLite is disabled on this target
12-21 00:35:57.128  2327  2327 I vendor.qti.hardware.servicetrackeraidl-service: bindService is called for service : com.google.android.gms/.auth.GetToken and for client com.android.chrome
12-21 00:35:57.128  2327  2327 I vendor.qti.hardware.servicetrackeraidl-service: total connections for service : com.google.android.gms/.auth.GetTokenare :1
12-21 00:35:57.128  2324  2493 E PERFHAL-SSLITE: PERFHAL-SSLITE: StartScenario() 75: SSLite is disabled on this target
12-21 00:35:57.128  2327  2327 I vendor.qti.hardware.servicetrackeraidl-service: total connections for client : com.android.chromeare :7
12-21 00:35:57.128  3231  4496 D BackgroundInstallControlService: Package event received: 0
12-21 00:35:57.128  5088  5088 D OtherActivityInputConsumer: ACTION_MOVE: passedSlop=true ( false || (125189.67 >= 2449.2603 && true ))
12-21 00:35:57.128  5088  5088 D OtherActivityInputConsumer: ACTION_MOVE: mPassedPilferInputSlop=true
12-21 00:35:57.132  2327  2327 I vendor.qti.hardware.servicetrackeraidl-service: bindService is called for service : com.google.android.gms/.chimera.PersistentApiService and for client com.google.android.gms.persistent
12-21 00:35:57.132  2327  2327 I vendor.qti.hardware.servicetrackeraidl-service: total connections for service : com.google.android.gms/.chimera.PersistentApiServiceare :41
12-21 00:35:57.132  2327  2327 I vendor.qti.hardware.servicetrackeraidl-service: total connections for client : com.google.android.gms.persistentare :6
12-21 00:35:57.136  2426  3305 W HWComposer: Ignoring duplicate VSYNC event from HWC for display 147 (t=64690068286000)
12-21 00:35:57.137  5088  5088 D OtherActivityInputConsumer: ACTION_MOVE: passedSlop=true ( false || (157664.8 >= 2449.2603 && true ))
12-21 00:35:57.137  5088  5088 D OtherActivityInputConsumer: ACTION_MOVE: mPassedPilferInputSlop=true
12-21 00:35:57.138  3231  3348 V WindowManager: Unknown focus tokens, dropping reportFocusChanged
12-21 00:35:57.144  2426  3305 W HWComposer: Ignoring duplicate VSYNC event from HWC for display 147 (t=64690076624000)
12-21 00:35:57.145  5088  5088 D OtherActivityInputConsumer: ACTION_MOVE: passedSlop=true ( false || (201754.02 >= 2449.2603 && true ))
12-21 00:35:57.145  5088  5088 D OtherActivityInputConsumer: ACTION_MOVE: mPassedPilferInputSlop=true
12-21 00:35:57.152  2426  3306 W HWComposer: Ignoring duplicate VSYNC event from HWC for display 147 (t=64690084963000)
12-21 00:35:57.153  5088  5088 D OtherActivityInputConsumer: ACTION_MOVE: passedSlop=true ( false || (257596.23 >= 2449.2603 && true ))
12-21 00:35:57.153  5088  5088 D OtherActivityInputConsumer: ACTION_MOVE: mPassedPilferInputSlop=true
12-21 00:35:57.160  2426  3306 W HWComposer: Ignoring duplicate VSYNC event from HWC for display 147 (t=64690093302000)
12-21 00:35:57.162  5088  5088 D OtherActivityInputConsumer: ACTION_MOVE: passedSlop=true ( false || (337292.66 >= 2449.2603 && true ))
12-21 00:35:57.162  5088  5088 D OtherActivityInputConsumer: ACTION_MOVE: mPassedPilferInputSlop=true
12-21 00:35:57.170  5088  5088 D OtherActivityInputConsumer: ACTION_MOVE: passedSlop=true ( false || (536126.56 >= 2449.2603 && true ))
12-21 00:35:57.170  5088  5088 D OtherActivityInputConsumer: ACTION_MOVE: mPassedPilferInputSlop=true
12-21 00:35:57.170  5088  5088 D OtherActivityInputConsumer: finishTouchTracking: mPassedWindowMoveSlop=true
12-21 00:35:57.170  5088  5088 D OtherActivityInputConsumer: finishTouchTracking: mInteractionHandler=com.android.quickstep.LauncherSwipeHandlerV2@63f553b
12-21 00:35:57.170  5088  5088 D OtherActivityInputConsumer: finishTouchTracking: ev=MotionEvent { action=ACTION_UP, actionButton=0, id[0]=0, x[0]=244.33008, y[0]=1579.6562, toolType[0]=TOOL_TYPE_FINGER, buttonState=0, classification=NONE, metaState=0, flags=0x0, edgeFlags=0x0, pointerCount=1, historySize=0, eventTime=64690102, downTime=64689974, deviceId=4, source=0x1002, displayId=0, eventId=977062864 }
12-21 00:35:57.171  2324  2493 E PERFHAL-SSLITE: PERFHAL-SSLITE: StopScenario() 92: SSLite is disabled on this target
12-21 00:35:57.171  2324  2493 E PERFHAL-SSLITE: PERFHAL-SSLITE: CheckOngoingScenario() 53: SSLite is disabled on this target
12-21 00:35:57.171  4592 18472 V ShellRecents: [209511927] RecentsController.detachNavigationBarFromApp
12-21 00:35:57.171  2324  2493 E PERFHAL-SSLITE: PERFHAL-SSLITE: StartScenario() 75: SSLite is disabled on this target
12-21 00:35:57.172  5088  5088 D StateManager: cancelAnimation - with ongoing animation, partial trace:
12-21 00:35:57.172  5088  5088 D StateManager: 	at com.android.launcher3.statemanager.StateManager.createAnimationToNewWorkspace(StateManager.java:378)
12-21 00:35:57.172  5088  5088 D StateManager: 	at com.android.launcher3.statemanager.StateManager.createAnimationToNewWorkspace(StateManager.java:372)
12-21 00:35:57.172  5088  5088 D StateManager: 	at com.android.quickstep.LauncherSwipeHandlerV2$LauncherHomeAnimationFactory.createActivityAnimationToHome(LauncherSwipeHandlerV2.java:364)
12-21 00:35:57.172  5088  5088 D StatsLog: LAUNCHER_ONRESUME
12-21 00:35:57.172  5088  5088 D StateManager: onStateTransitionStart - state: Normal
12-21 00:35:57.172  5088  5088 D RecentsView: updateTaskStackListenerState: false
12-21 00:35:57.172  4592  4659 D WindowManagerShell: setLauncherKeepClearAreaHeight: visible=true, height=360
12-21 00:35:57.172  3231  4496 D BackgroundInstallControlService: Package event received: 0
12-21 00:35:57.173  5088  5088 D StateManager: createAtomicAnimation - fromState: Background, toState: Normal, partial trace:
12-21 00:35:57.173  5088  5088 D StateManager: 	at com.android.quickstep.util.ScalingWorkspaceRevealAnim.<init>(ScalingWorkspaceRevealAnim.kt:90)
12-21 00:35:57.173  5088  5088 D StateManager: 	at com.android.quickstep.LauncherSwipeHandlerV2$LauncherHomeAnimationFactory.playScalingRevealAnimation(LauncherSwipeHandlerV2.java:385)
12-21 00:35:57.173  5088  5088 D StateManager: 	at com.android.quickstep.LauncherSwipeHandlerV2$LauncherHomeAnimationFactory.playAtomicAnimation(LauncherSwipeHandlerV2.java:371)
12-21 00:35:57.174  5088  5088 D RecentsView: onPrepareGestureEndAnimation - endTarget: HOME
12-21 00:35:57.187  2327  2327 I vendor.qti.hardware.servicetrackeraidl-service: bindService is called for service : com.google.android.googlequicksearchbox/com.google.android.apps.gsa.nowoverlayservice.DrawerOverlayService and for client com.sonymobile.launcher
12-21 00:35:57.187  2327  2327 I vendor.qti.hardware.servicetrackeraidl-service: total connections for service : com.google.android.googlequicksearchbox/com.google.android.apps.gsa.nowoverlayservice.DrawerOverlayServiceare :1
12-21 00:35:57.187  2327  2327 I vendor.qti.hardware.servicetrackeraidl-service: total connections for client : com.sonymobile.launcherare :3
12-21 00:35:57.188  3231  4496 D BackgroundInstallControlService: Package event received: 0
12-21 00:35:57.188  3231  4496 D BackgroundInstallControlService: Package event received: 0
