12-21 00:36:19.248  2324  2493 E PERFHAL-SSLITE: PERFHAL-SSLITE: CheckOngoingScenario() 53: SSLite is disabled on this target
12-21 00:36:19.248  2324  2493 E PERFHAL-SSLITE: PERFHAL-SSLITE: StartScenario() 75: SSLite is disabled on this target
12-21 00:36:19.363  2320  2540 I SDM     : DisplayBase::CommitThread: Received Idle Timeout, panel: cmd, timeout: 70000 us
12-21 00:36:19.538 30369 30369 I GnpSdk  : (REDACTED) Intent received for action [%s] package [%s].
12-21 00:36:19.538 30369 30369 I GnpSdk  : Phenotype initialized.
12-21 00:36:19.539 30369 30369 I GnpSdk  : (REDACTED) Validation OK for action [%s].
12-21 00:36:19.540 30369 30369 I GnpSdk  : (REDACTED) Submitting Broadcast execution [%d] to tiktok executor.
12-21 00:36:19.540 30369 30680 I GnpSdk  : (REDACTED) Executing action in BroadcastReceiver [%s].
12-21 00:36:19.540 30369 30680 I GnpSdk  : (REDACTED) Executing async action [%s] in Coroutine Scope.
12-21 00:36:19.551 30369 30680 I GnpSdk  : (REDACTED) Finished executing async action [%s] in Coroutine Scope.
12-21 00:36:19.551 30369 30680 I GnpSdk  : (REDACTED) Finished Broadcast execution [%d].
12-21 00:36:19.749  2324  2493 E PERFHAL-SSLITE: PERFHAL-SSLITE: CheckOngoingScenario() 53: SSLite is disabled on this target
12-21 00:36:19.749  2324  2493 E PERFHAL-SSLITE: PERFHAL-SSLITE: StartScenario() 75: SSLite is disabled on this target
12-21 00:36:19.864  2320  2540 I SDM     : DisplayBase::CommitThread: Received Idle Timeout, panel: cmd, timeout: 70000 us
12-21 00:36:20.069  4592  4592 W Paint   : The elegant text height cannot be turned off.
12-21 00:36:20.070  4592  4592 W Paint   : The elegant text height cannot be turned off.
12-21 00:36:20.070  4592  4592 W Paint   : The elegant text height cannot be turned off.
12-21 00:36:20.072  4592  4592 W Paint   : The elegant text height cannot be turned off.
12-21 00:36:20.072  4592  4592 W Paint   : The elegant text height cannot be turned off.
12-21 00:36:20.072  4592  4592 W Paint   : The elegant text height cannot be turned off.
12-21 00:36:20.251  2324  2493 E PERFHAL-SSLITE: PERFHAL-SSLITE: CheckOngoingScenario() 53: SSLite is disabled on this target
12-21 00:36:20.251  2324  2493 E PERFHAL-SSLITE: PERFHAL-SSLITE: StartScenario() 75: SSLite is disabled on this target
12-21 00:36:20.365  2320  2540 I SDM     : DisplayBase::CommitThread: Received Idle Timeout, panel: cmd, timeout: 70000 us
12-21 00:36:20.784  2324  2493 E PERFHAL-SSLITE: PERFHAL-SSLITE: CheckOngoingScenario() 53: SSLite is disabled on this target
12-21 00:36:20.784  2324  2493 E PERFHAL-SSLITE: PERFHAL-SSLITE: StartScenario() 75: SSLite is disabled on this target
12-21 00:36:20.898  2320  2540 I SDM     : DisplayBase::CommitThread: Received Idle Timeout, panel: cmd, timeout: 70000 us
12-21 00:36:21.069  4592  4592 W Paint   : The elegant text height cannot be turned off.
12-21 00:36:21.069  4592  4592 W Paint   : The elegant text height cannot be turned off.
12-21 00:36:21.069  4592  4592 W Paint   : The elegant text height cannot be turned off.
12-21 00:36:21.072  4592  4592 W Paint   : The elegant text height cannot be turned off.
12-21 00:36:21.072  4592  4592 W Paint   : The elegant text height cannot be turned off.
12-21 00:36:21.072  4592  4592 W Paint   : The elegant text height cannot be turned off.
12-21 00:36:21.283  2324  2493 E PERFHAL-SSLITE: PERFHAL-SSLITE: CheckOngoingScenario() 53: SSLite is disabled on this target
12-21 00:36:21.283  2324  2493 E PERFHAL-SSLITE: PERFHAL-SSLITE: StartScenario() 75: SSLite is disabled on this target
12-21 00:36:21.399  2320  2540 I SDM     : DisplayBase::CommitThread: Received Idle Timeout, panel: cmd, timeout: 69999 us
12-21 00:36:21.787  2324  2493 E PERFHAL-SSLITE: PERFHAL-SSLITE: CheckOngoingScenario() 53: SSLite is disabled on this target
12-21 00:36:21.787  2324  2493 E PERFHAL-SSLITE: PERFHAL-SSLITE: StartScenario() 75: SSLite is disabled on this target
12-21 00:36:21.900  2320  2540 I SDM     : DisplayBase::CommitThread: Received Idle Timeout, panel: cmd, timeout: 70000 us
12-21 00:36:22.069  4592  4592 W Paint   : The elegant text height cannot be turned off.
12-21 00:36:22.069  4592  4592 W Paint   : The elegant text height cannot be turned off.
12-21 00:36:22.069  4592  4592 W Paint   : The elegant text height cannot be turned off.
12-21 00:36:22.071  4592  4592 W Paint   : The elegant text height cannot be turned off.
12-21 00:36:22.072  4592  4592 W Paint   : The elegant text height cannot be turned off.
12-21 00:36:22.072  4592  4592 W Paint   : The elegant text height cannot be turned off.
12-21 00:36:22.162  6948  6948 W SMARTNET: [WifiLinkLayerStatsCollector] Unable to fetch link layer stats. Refresh is aborted: Operation already in progress
12-21 00:36:22.284  2324  2493 E PERFHAL-SSLITE: PERFHAL-SSLITE: CheckOngoingScenario() 53: SSLite is disabled on this target
12-21 00:36:22.284  2324  2493 E PERFHAL-SSLITE: PERFHAL-SSLITE: StartScenario() 75: SSLite is disabled on this target
12-21 00:36:22.399  2320  2540 I SDM     : DisplayBase::CommitThread: Received Idle Timeout, panel: cmd, timeout: 70000 us
12-21 00:36:22.573  2426  3201 D DisplayModeController: setDesiredMode 147 {mode={fps=120.00 Hz, modePtr={id=0, vsyncRate=120.00 Hz, peakRefreshRate=120.00 Hz}}, emitEvent=true, force=false}
12-21 00:36:22.574  2324  2493 E PERFHAL-SSLITE: PERFHAL-SSLITE: CheckOngoingScenario() 53: SSLite is disabled on this target
12-21 00:36:22.574  2324  2493 E PERFHAL-SSLITE: PERFHAL-SSLITE: StartScenario() 75: SSLite is disabled on this target
12-21 00:36:22.595  5342 30736 I NearbyMediums: No BLE Fast/GATT advertisements found in the latest cycle.
12-21 00:36:22.595  5342 30736 I NearbyMediums: Current Tracked Scanning Clients are : {NearbyConnections.EnvironmentMonitor, NearbySharing}
12-21 00:36:22.600  2320  2320 W SDM     : HWDeviceDRM::GetSupportedBitClkRate: Requested rate not supported: 944000000
12-21 00:36:22.600  2320  2320 I SDM     : HWDeviceDRM::UpdateMixerAttributes: Mixer WxH 1080x2340-1 for Peripheral
12-21 00:36:22.633  3231  3348 I DisplayDeviceRepository: Display device changed render timings: "", renderFrameRate=120.00001, presentationDeadlineNanos=11333333, appVsyncOffsetNanos=1000000, frameRateOverrides=[]
12-21 00:36:22.634  3231  3344 D WindowManager: DeferredDisplayUpdater: partially applying DisplayInfo(1080 x 2340) immediately
12-21 00:36:22.634  2397  6540 D DeviceHalAidl: [default] setParameters: parameters: "screen_state=on"
12-21 00:36:22.635  2305 24950 I PAL: ResourceManager: setParameter: 10961: Screen State:1
12-21 00:36:22.636  2397  6540 D DeviceHalAidl: [usb] setParameters: parameters: "screen_state=on"
12-21 00:36:22.636  2305  2316 D AHAL_Module: updateScreenState: usb: 1
12-21 00:36:22.636  2397  6540 D DeviceHalAidl: [r_submix] setParameters: parameters: "screen_state=on"
12-21 00:36:22.636  2305 24950 D AHAL_Module: updateScreenState: r_submix: 1
12-21 00:36:22.636  2397  6540 D DeviceHalAidl: [bluetooth] setParameters: parameters: "screen_state=on"
12-21 00:36:22.636  2305 24950 D AHAL_Module: updateScreenState: bluetooth: 1
12-21 00:36:22.646 30213 30213 I System.out: === Connect button clicked ===
12-21 00:36:22.646 30213 30213 I System.out: Creating ConnectionConfig...
12-21 00:36:22.646 30213 30213 I System.out: Config created: ConnectionConfig(host=192.168.2.10, port=20828, username=isseikz, password=349076125, connectionId=null)
12-21 00:36:22.646 30213 30213 I System.out: Pushing TerminalScreen...
12-21 00:36:22.649 30213 30213 I System.out: TerminalScreen pushed successfully
--------- beginning of crash
12-21 00:36:22.676 30213 30213 E AndroidRuntime: FATAL EXCEPTION: main
12-21 00:36:22.676 30213 30213 E AndroidRuntime: Process: tokyo.isseikuzumaki.vibeterminal, PID: 30213
12-21 00:36:22.676 30213 30213 E AndroidRuntime: java.lang.NoClassDefFoundError: Failed resolution of: Lorg/koin/compose/stable/StableHoldersKt;
12-21 00:36:22.676 30213 30213 E AndroidRuntime: 	at tokyo.isseikuzumaki.vibeterminal.ui.screens.TerminalScreen.Content(TerminalScreen.kt:182)
12-21 00:36:22.676 30213 30213 E AndroidRuntime: 	at cafe.adriel.voyager.navigator.NavigatorKt$CurrentScreen$1.invoke(Navigator.kt:48)
12-21 00:36:22.676 30213 30213 E AndroidRuntime: 	at cafe.adriel.voyager.navigator.NavigatorKt$CurrentScreen$1.invoke(Navigator.kt:47)
12-21 00:36:22.676 30213 30213 E AndroidRuntime: 	at androidx.compose.runtime.internal.ComposableLambdaImpl.invoke(ComposableLambda.kt:121)
12-21 00:36:22.676 30213 30213 E AndroidRuntime: 	at androidx.compose.runtime.internal.ComposableLambdaImpl.invoke(ComposableLambda.kt:51)
12-21 00:36:22.676 30213 30213 E AndroidRuntime: 	at androidx.compose.runtime.CompositionLocalKt.CompositionLocalProvider(CompositionLocal.kt:370)
12-21 00:36:22.676 30213 30213 E AndroidRuntime: 	at androidx.compose.runtime.saveable.SaveableStateHolderImpl.SaveableStateProvider(SaveableStateHolder.kt:82)
12-21 00:36:22.676 30213 30213 E AndroidRuntime: 	at cafe.adriel.voyager.navigator.Navigator$saveableState$2.invoke(Navigator.kt:150)
12-21 00:36:22.676 30213 30213 E AndroidRuntime: 	at cafe.adriel.voyager.navigator.Navigator$saveableState$2.invoke(Navigator.kt:149)
12-21 00:36:22.676 30213 30213 E AndroidRuntime: 	at androidx.compose.runtime.internal.ComposableLambdaImpl.invoke(ComposableLambda.kt:121)
12-21 00:36:22.676 30213 30213 E AndroidRuntime: 	at androidx.compose.runtime.internal.ComposableLambdaImpl.invoke(ComposableLambda.kt:51)
12-21 00:36:22.676 30213 30213 E AndroidRuntime: 	at cafe.adriel.voyager.core.lifecycle.MultipleScreenLifecycleOwnerUtilKt$RecursiveProvideBeforeScreenContent$4.invoke(multipleScreenLifecycleOwnerUtil.kt:57)
12-21 00:36:22.676 30213 30213 E AndroidRuntime: 	at cafe.adriel.voyager.core.lifecycle.MultipleScreenLifecycleOwnerUtilKt$RecursiveProvideBeforeScreenContent$4.invoke(multipleScreenLifecycleOwnerUtil.kt:56)
12-21 00:36:22.676 30213 30213 E AndroidRuntime: 	at androidx.compose.runtime.internal.ComposableLambdaImpl.invoke(ComposableLambda.kt:121)
12-21 00:36:22.676 30213 30213 E AndroidRuntime: 	at androidx.compose.runtime.internal.ComposableLambdaImpl.invoke(ComposableLambda.kt:51)
12-21 00:36:22.676 30213 30213 E AndroidRuntime: 	at cafe.adriel.voyager.androidx.AndroidScreenLifecycleOwner$ProvideBeforeScreenContent$1$1.invoke(AndroidScreenLifecycleOwner.kt:120)
12-21 00:36:22.676 30213 30213 E AndroidRuntime: 	at cafe.adriel.voyager.androidx.AndroidScreenLifecycleOwner$ProvideBeforeScreenContent$1$1.invoke(AndroidScreenLifecycleOwner.kt:119)
12-21 00:36:22.676 30213 30213 E AndroidRuntime: 	at androidx.compose.runtime.internal.ComposableLambdaImpl.invoke(ComposableLambda.kt:121)
12-21 00:36:22.676 30213 30213 E AndroidRuntime: 	at androidx.compose.runtime.internal.ComposableLambdaImpl.invoke(ComposableLambda.kt:51)
12-21 00:36:22.676 30213 30213 E AndroidRuntime: 	at androidx.compose.runtime.CompositionLocalKt.CompositionLocalProvider(CompositionLocal.kt:370)
12-21 00:36:22.676 30213 30213 E AndroidRuntime: 	at cafe.adriel.voyager.androidx.AndroidScreenLifecycleOwner$ProvideBeforeScreenContent$1.invoke(AndroidScreenLifecycleOwner.kt:119)
12-21 00:36:22.676 30213 30213 E AndroidRuntime: 	at cafe.adriel.voyager.androidx.AndroidScreenLifecycleOwner$ProvideBeforeScreenContent$1.invoke(AndroidScreenLifecycleOwner.kt:114)
12-21 00:36:22.676 30213 30213 E AndroidRuntime: 	at androidx.compose.runtime.internal.ComposableLambdaImpl.invoke(ComposableLambda.kt:121)
12-21 00:36:22.676 30213 30213 E AndroidRuntime: 	at androidx.compose.runtime.internal.ComposableLambdaImpl.invoke(ComposableLambda.kt:51)
12-21 00:36:22.676 30213 30213 E AndroidRuntime: 	at androidx.compose.runtime.CompositionLocalKt.CompositionLocalProvider(CompositionLocal.kt:370)
12-21 00:36:22.676 30213 30213 E AndroidRuntime: 	at androidx.compose.runtime.saveable.SaveableStateHolderImpl.SaveableStateProvider(SaveableStateHolder.kt:82)
12-21 00:36:22.676 30213 30213 E AndroidRuntime: 	at cafe.adriel.voyager.navigator.Navigator.saveableState$provideSaveableState(Navigator.kt:137)
12-21 00:36:22.676 30213 30213 E AndroidRuntime: 	at cafe.adriel.voyager.navigator.Navigator.access$saveableState$provideSaveableState(Navigator.kt:105)
12-21 00:36:22.676 30213 30213 E AndroidRuntime: 	at cafe.adriel.voyager.navigator.Navigator$saveableState$1.invoke(Navigator.kt:148)
12-21 00:36:22.676 30213 30213 E AndroidRuntime: 	at cafe.adriel.voyager.navigator.Navigator$saveableState$1.invoke(Navigator.kt:148)
12-21 00:36:22.676 30213 30213 E AndroidRuntime: 	at androidx.compose.runtime.internal.ComposableLambdaImpl.invoke(ComposableLambda.kt:142)
12-21 00:36:22.676 30213 30213 E AndroidRuntime: 	at androidx.compose.runtime.internal.ComposableLambdaImpl.invoke(ComposableLambda.kt:51)
12-21 00:36:22.676 30213 30213 E AndroidRuntime: 	at cafe.adriel.voyager.core.lifecycle.MultipleScreenLifecycleOwnerUtilKt$RecursiveProvideBeforeScreenContent$3.invoke(multipleScreenLifecycleOwnerUtil.kt:54)
12-21 00:36:22.676 30213 30213 E AndroidRuntime: 	at cafe.adriel.voyager.core.lifecycle.MultipleScreenLifecycleOwnerUtilKt$RecursiveProvideBeforeScreenContent$3.invoke(multipleScreenLifecycleOwnerUtil.kt:53)
12-21 00:36:22.676 30213 30213 E AndroidRuntime: 	at androidx.compose.runtime.internal.ComposableLambdaImpl.invoke(ComposableLambda.kt:142)
12-21 00:36:22.676 30213 30213 E AndroidRuntime: 	at androidx.compose.runtime.internal.ComposableLambdaImpl.invoke(ComposableLambda.kt:51)
12-21 00:36:22.676 30213 30213 E AndroidRuntime: 	at cafe.adriel.voyager.androidx.AndroidScreenLifecycleOwner.ProvideBeforeScreenContent(AndroidScreenLifecycleOwner.kt:114)
12-21 00:36:22.676 30213 30213 E AndroidRuntime: 	at cafe.adriel.voyager.core.lifecycle.MultipleScreenLifecycleOwnerUtilKt.RecursiveProvideBeforeScreenContent(multipleScreenLifecycleOwnerUtil.kt:52)
12-21 00:36:22.676 30213 30213 E AndroidRuntime: 	at cafe.adriel.voyager.core.lifecycle.MultipleScreenLifecycleOwnerUtilKt.access$RecursiveProvideBeforeScreenContent(multipleScreenLifecycleOwnerUtil.kt:1)
12-21 00:36:22.676 30213 30213 E AndroidRuntime: 	at cafe.adriel.voyager.core.lifecycle.MultipleScreenLifecycleOwnerUtilKt$RecursiveProvideBeforeScreenContent$recursiveContent$1.invoke(multipleScreenLifecycleOwnerUtil.kt:37)
12-21 00:36:22.676 30213 30213 E AndroidRuntime: 	at cafe.adriel.voyager.core.lifecycle.MultipleScreenLifecycleOwnerUtilKt$RecursiveProvideBeforeScreenContent$recursiveContent$1.invoke(multipleScreenLifecycleOwnerUtil.kt:36)
12-21 00:36:22.676 30213 30213 E AndroidRuntime: 	at androidx.compose.runtime.internal.ComposableLambdaImpl.invoke(ComposableLambda.kt:121)
12-21 00:36:22.676 30213 30213 E AndroidRuntime: 	at androidx.compose.runtime.internal.ComposableLambdaImpl.invoke(ComposableLambda.kt:51)
12-21 00:36:22.676 30213 30213 E AndroidRuntime: 	at cafe.adriel.voyager.core.lifecycle.MultipleScreenLifecycleOwnerUtilKt$RecursiveProvideBeforeScreenContent$2.invoke(multipleScreenLifecycleOwnerUtil.kt:49)
12-21 00:36:22.676 30213 30213 E AndroidRuntime: 	at cafe.adriel.voyager.core.lifecycle.MultipleScreenLifecycleOwnerUtilKt$RecursiveProvideBeforeScreenContent$2.invoke(multipleScreenLifecycleOwnerUtil.kt:48)
12-21 00:36:22.676 30213 30213 E AndroidRuntime: 	at androidx.compose.runtime.internal.ComposableLambdaImpl.invoke(ComposableLambda.kt:121)
12-21 00:36:22.676 30213 30213 E AndroidRuntime: 	at androidx.compose.runtime.internal.ComposableLambdaImpl$invoke$1.invoke(ComposableLambda.kt:122)
12-21 00:36:22.676 30213 30213 E AndroidRuntime: 	at androidx.compose.runtime.internal.ComposableLambdaImpl$invoke$1.invoke(ComposableLambda.kt:122)
12-21 00:36:22.676 30213 30213 E AndroidRuntime: 	at androidx.compose.runtime.RecomposeScopeImpl.compose(RecomposeScopeImpl.kt:196)
12-21 00:36:22.676 30213 30213 E AndroidRuntime: 	at androidx.compose.runtime.ComposerImpl.recomposeToGroupEnd(Composer.kt:2895)
12-21 00:36:22.676 30213 30213 E AndroidRuntime: 	at androidx.compose.runtime.ComposerImpl.skipToGroupEnd(Composer.kt:3289)
12-21 00:36:22.676 30213 30213 E AndroidRuntime: 	at cafe.adriel.voyager.core.lifecycle.ScreenLifecycleContentProvider$DefaultImpls.ProvideBeforeScreenContent(ScreenLifecycleOwner.kt:19)
12-21 00:36:22.676 30213 30213 E AndroidRuntime: 	at cafe.adriel.voyager.core.lifecycle.ScreenLifecycleOwner$DefaultImpls.ProvideBeforeScreenContent(ScreenLifecycleOwner.kt:7)
12-21 00:36:22.676 30213 30213 E AndroidRuntime: 	at cafe.adriel.voyager.core.lifecycle.DefaultScreenLifecycleOwner.ProvideBeforeScreenContent(ScreenLifecycleOwner.kt:29)
12-21 00:36:22.676 30213 30213 E AndroidRuntime: 	at cafe.adriel.voyager.core.lifecycle.MultipleScreenLifecycleOwnerUtilKt.RecursiveProvideBeforeScreenContent(multipleScreenLifecycleOwnerUtil.kt:44)
12-21 00:36:22.676 30213 30213 E AndroidRuntime: 	at cafe.adriel.voyager.core.lifecycle.MultipleScreenLifecycleOwnerUtilKt.MultipleProvideBeforeScreenContent(multipleScreenLifecycleOwnerUtil.kt:16)
12-21 00:36:22.676 30213 30213 E AndroidRuntime: 	at cafe.adriel.voyager.navigator.Navigator.saveableState(Navigator.kt:146)
12-21 00:36:22.676 30213 30213 E AndroidRuntime: 	at cafe.adriel.voyager.navigator.NavigatorKt.CurrentScreen(Navigator.kt:47)
12-21 00:36:22.676 30213 30213 E AndroidRuntime: 	at cafe.adriel.voyager.navigator.NavigatorKt$CurrentScreen$2.invoke(Unknown Source:8)
12-21 00:36:22.676 30213 30213 E AndroidRuntime: 	at cafe.adriel.voyager.navigator.NavigatorKt$CurrentScreen$2.invoke(Unknown Source:10)
12-21 00:36:22.676 30213 30213 E AndroidRuntime: 	at androidx.compose.runtime.RecomposeScopeImpl.compose(RecomposeScopeImpl.kt:196)
12-21 00:36:22.676 30213 30213 E AndroidRuntime: 	at androidx.compose.runtime.ComposerImpl.recomposeToGroupEnd(Composer.kt:2895)
12-21 00:36:22.676 30213 30213 E AndroidRuntime: 	at androidx.compose.runtime.ComposerImpl.skipCurrentGroup(Composer.kt:3231)
12-21 00:36:22.676 30213 30213 E AndroidRuntime: 	at androidx.compose.runtime.ComposerImpl.doCompose-aFTiNEg(Composer.kt:3855)
12-21 00:36:22.676 30213 30213 E AndroidRuntime: 	at androidx.compose.runtime.ComposerImpl.recompose-aFTiNEg$runtime(Composer.kt:3779)
12-21 00:36:22.676 30213 30213 E AndroidRuntime: 	at androidx.compose.runtime.CompositionImpl.recompose(Composition.kt:1075)
12-21 00:36:22.676 30213 30213 E AndroidRuntime: 	at androidx.compose.runtime.Recomposer.performRecompose(Recomposer.kt:1364)
12-21 00:36:22.676 30213 30213 E AndroidRuntime: 	at androidx.compose.runtime.Recomposer.access$performRecompose(Recomposer.kt:156)
12-21 00:36:22.676 30213 30213 E AndroidRuntime: 	at androidx.compose.runtime.Recomposer$runRecomposeAndApplyChanges$2.invokeSuspend$lambda$22(Recomposer.kt:627)
12-21 00:36:22.676 30213 30213 E AndroidRuntime: 	at androidx.compose.runtime.Recomposer$runRecomposeAndApplyChanges$2.$r8$lambda$OqADLCDYmRw1RgNUvn1CR0kX32M(Unknown Source:0)
12-21 00:36:22.676 30213 30213 E AndroidRuntime: 	at androidx.compose.runtime.Recomposer$runRecomposeAndApplyChanges$2$$ExternalSyntheticLambda0.invoke(D8$$SyntheticClass:0)
12-21 00:36:22.676 30213 30213 E AndroidRuntime: 	at androidx.compose.ui.platform.AndroidUiFrameClock$withFrameNanos$2$callback$1.doFrame(AndroidUiFrameClock.android.kt:39)
12-21 00:36:22.677 30213 30213 E AndroidRuntime: 	at androidx.compose.ui.platform.AndroidUiDispatcher.performFrameDispatch(AndroidUiDispatcher.android.kt:108)
12-21 00:36:22.677 30213 30213 E AndroidRuntime: 	at androidx.compose.ui.platform.AndroidUiDispatcher.access$performFrameDispatch(AndroidUiDispatcher.android.kt:41)
12-21 00:36:22.677 30213 30213 E AndroidRuntime: 	at androidx.compose.ui.platform.AndroidUiDispatcher$dispatchCallback$1.doFrame(AndroidUiDispatcher.android.kt:69)
12-21 00:36:22.677 30213 30213 E AndroidRuntime: 	at android.view.Choreographer$CallbackRecord.run(Choreographer.java:1592)
12-21 00:36:22.677 30213 30213 E AndroidRuntime: 	at android.view.Choreographer$CallbackRecord.run(Choreographer.java:1603)
12-21 00:36:22.677 30213 30213 E AndroidRuntime: 	at android.view.Choreographer.doCallbacks(Choreographer.java:1202)
12-21 00:36:22.677 30213 30213 E AndroidRuntime: 	at android.view.Choreographer.doFrame(Choreographer.java:1124)
12-21 00:36:22.677 30213 30213 E AndroidRuntime: 	at android.view.Choreographer$FrameDisplayEventReceiver.run(Choreographer.java:1577)
12-21 00:36:22.677 30213 30213 E AndroidRuntime: 	at android.os.Handler.handleCallback(Handler.java:995)
12-21 00:36:22.677 30213 30213 E AndroidRuntime: 	at android.os.Handler.dispatchMessage(Handler.java:103)
12-21 00:36:22.677 30213 30213 E AndroidRuntime: 	at android.os.Looper.loopOnce(Looper.java:248)
12-21 00:36:22.677 30213 30213 E AndroidRuntime: 	at android.os.Looper.loop(Looper.java:338)
12-21 00:36:22.677 30213 30213 E AndroidRuntime: 	at android.app.ActivityThread.main(ActivityThread.java:9137)
12-21 00:36:22.677 30213 30213 E AndroidRuntime: 	at java.lang.reflect.Method.invoke(Native Method)
12-21 00:36:22.677 30213 30213 E AndroidRuntime: 	at com.android.internal.os.RuntimeInit$MethodAndArgsCaller.run(RuntimeInit.java:593)
12-21 00:36:22.677 30213 30213 E AndroidRuntime: 	at com.android.internal.os.ZygoteInit.main(ZygoteInit.java:940)
12-21 00:36:22.677 30213 30213 E AndroidRuntime: 	Suppressed: kotlinx.coroutines.internal.DiagnosticCoroutineContextException: [androidx.compose.runtime.PausableMonotonicFrameClock@e53eec6, androidx.compose.ui.platform.MotionDurationScaleImpl@fa12e87, StandaloneCoroutine{Cancelling}@73821b4, AndroidUiDispatcher@26361dd]
12-21 00:36:22.677 30213 30213 E AndroidRuntime: Caused by: java.lang.ClassNotFoundException: Didn't find class "org.koin.compose.stable.StableHoldersKt" on path: DexPathList[[zip file "/data/app/~~zZ1v-Ypyg5x1SA0t5sydRg==/tokyo.isseikuzumaki.vibeterminal-U_yF3WkCLKzacxdRTS0Gbw==/base.apk"],nativeLibraryDirectories=[/data/app/~~zZ1v-Ypyg5x1SA0t5sydRg==/tokyo.isseikuzumaki.vibeterminal-U_yF3WkCLKzacxdRTS0Gbw==/lib/arm64, /data/app/~~zZ1v-Ypyg5x1SA0t5sydRg==/tokyo.isseikuzumaki.vibeterminal-U_yF3WkCLKzacxdRTS0Gbw==/base.apk!/lib/arm64-v8a, /system/lib64, /system_ext/lib64]]
12-21 00:36:22.677 30213 30213 E AndroidRuntime: 	at dalvik.system.BaseDexClassLoader.findClass(BaseDexClassLoader.java:259)
12-21 00:36:22.677 30213 30213 E AndroidRuntime: 	at java.lang.ClassLoader.loadClass(ClassLoader.java:637)
12-21 00:36:22.677 30213 30213 E AndroidRuntime: 	at java.lang.ClassLoader.loadClass(ClassLoader.java:573)
12-21 00:36:22.677 30213 30213 E AndroidRuntime: 	... 88 more
12-21 00:36:22.678  3231  6663 D ActivityManager: New dropbox entry: tokyo.isseikuzumaki.vibeterminal, data_app_crash, fce19a1a-8804-4a02-b353-21900cc87bdf
12-21 00:36:22.679  3231  6663 W ActivityTaskManager:   Force finishing activity tokyo.isseikuzumaki.vibeterminal/.MainActivity
12-21 00:36:22.679  3231 31045 I DropBoxManagerService: add tag=data_app_crash isTagEnabled=true flags=0x2
12-21 00:36:22.680  3231  6663 D ActivityTrigger: ActivityTrigger activityPauseTrigger 
12-21 00:36:22.680  4592  4659 V WindowManagerShell: Transition requested (#1566): android.os.BinderProxy@203c3b9 TransitionRequestInfo { type = CLOSE, triggerTask = TaskInfo{userId=0 taskId=5955 effectiveUid=10018 displayId=0 isRunning=true baseIntent=Intent { act=android.intent.action.MAIN cat=[android.intent.category.LAUNCHER] flg=0x34100000 pkg=tokyo.isseikuzumaki.vibeterminal cmp=tokyo.isseikuzumaki.vibeterminal/.MainActivity } baseActivity=ComponentInfo{tokyo.isseikuzumaki.vibeterminal/tokyo.isseikuzumaki.vibeterminal.MainActivity} topActivity=ComponentInfo{tokyo.isseikuzumaki.vibeterminal/tokyo.isseikuzumaki.vibeterminal.MainActivity} origActivity=null realActivity=ComponentInfo{tokyo.isseikuzumaki.vibeterminal/tokyo.isseikuzumaki.vibeterminal.MainActivity} numActivities=1 lastActiveTime=97566959 supportsMultiWindow=true resizeMode=1 isResizeable=true minWidth=-1 minHeight=-1 defaultMinSize=220 token=WCT{android.window.IWindowContainerToken$Stub$Proxy@b52e3fe} topActivityType=1 pictureInPictureParams=null shouldDockBigOverlays=false launchIntoPipHostTaskId=-1 lastParentTaskIdBeforePip=-1 displayCutoutSafeInsets=Rect(0, 0 - 0, 0) topActivityInfo=ActivityInfo{836a75f tokyo.isseikuzumaki.vibeterminal.MainActivity} launchCookies=[android.os.BinderProxy@875e839] positionInParent=Point(0, 0) parentTaskId=-1 isFocused=true isVisible=true isVisibleRequested=true isTopActivityNoDisplay=false isSleeping=false locusId=null displayAreaFeatureId=1 isTopActivityTransparent=false isActivityStackTransparent=false lastNonFullscreenBounds=Rect(278, 630 - 803, 1710) capturedLink=null capturedLinkTimestamp=0 requestedVisibleTypes=-9 topActivityRequestOpenInBrowserEducationTimestamp=0 appCompatTaskInfo=AppCompatTaskInfo { topActivityInSizeCompat=false eligibleForLetterboxEducation= false isLetterboxEducationEnabled= false isLetterboxDoubleTapEnabled= false eligibleForUserAspectRatioButton= false topActivityBoundsLetterboxed= false isFromLetterboxDoubleTap= false topActivityLetterboxVerticalPosition= -1 topActivityLetterboxHorizontalPosition= -1 topActivityLetterboxWidth=-1 topActivityLetterboxHeight=-1 topActivityAppBounds=Rect(0, 0 - 1080, 2340) isUserFullscreenOverrideEnabled=false isSystemFullscreenOverrideEnabled=false hasMinAspectRatioOverride=false topActivityLetterboxBounds=null cameraCompatTaskInfo=CameraCompatTaskInfo { freeformCameraCompatMode=inactive}} topActivityMainWindowFrame=null}, pipChange = null, remoteTransition = null, displayChange = null, flags = 16, debugId = 1566 }
12-21 00:36:22.680  3231  6663 I HidlServiceManagement: Trying to get transport of vendor.qti.hardware.servicetracker@1.2::IServicetracker/default without hwservicemanager
12-21 00:36:22.680  3231  6663 W ActivityTaskManager: servicetracker HIDL not available
12-21 00:36:22.680  3231  6663 E ActivityTaskManager: Unable to get servicetracker HAL instance
12-21 00:36:22.680  2426  4306 I BpBinder: onLastStrongRef automatically unlinking death recipients: 
12-21 00:36:22.680 30369 30369 D VRI[XperiaLauncher]: visibilityChanged oldVisibility=false newVisibility=true
12-21 00:36:22.681  4741  4962 I DynamicDDSService: handleMessage(ACTIVITY_INVOKE{appInfo=com.sonymobile.launcher isFullScreen=}true)
12-21 00:36:22.681 30213 30213 I Process : Sending signal. PID: 30213 SIG: 9
12-21 00:36:22.682  4592  4659 D WindowManagerShell: onKeepClearAreasChanged: restricted={}, unrestricted={}
12-21 00:36:22.685  2689  2689 D clmlib  : Got activities:0x0000000E
12-21 00:36:22.685  2689  2689 I JavaDumper:JavaDumperThread: addEvent: data_app_crash@1766244982681.txt.gz processName: tokyo.isseikuzumaki.vibeterminal
12-21 00:36:22.685  2689  2717 I JavaDumper:JavaDumperThread: Event: data_app_crash@1766244982681.txt.gz TimeStamp: 1766244982
12-21 00:36:22.686  2689  2717 W JavaDumper:JavaDumper: Could not init dump dir: Unknown error -95
12-21 00:36:22.686  2689  2717 W JavaDumper:FW:  utils.c(455): Memfree 149767MB bavail=38340517 bfree=38373285 bsize=4096
12-21 00:36:22.686  2689  2717 E JavaDumper:FW:  utils.c(319): mkdir (/data/crashdata) failed. File exists
12-21 00:36:22.686  2426  2426 I BpBinder: onLastStrongRef automatically unlinking death recipients: 
12-21 00:36:22.686  2689  2717 W JavaDumper:FW:  utils.c(555): chmod failed : Operation not permitted
12-21 00:36:22.686  2689  2717 W JavaDumper:FW:  utils.c(559): chown failed : Operation not permitted
12-21 00:36:22.689 30369 30369 I bove    : (REDACTED) onApplyWindowInsets: systemWindowInsets=%s
12-21 00:36:22.690 30369 30369 I bove    : (REDACTED) onApplyWindowInsets: systemWindowInsets=%s
12-21 00:36:22.701  3231  3349 I ImeTracker: system_server:16a5d39d: onRequestShow at ORIGIN_SERVER reason CONTROLS_CHANGED fromUser false
12-21 00:36:22.708 30497 30497 I adbd    : Remote process closed the socket (on MSG_PEEK)
12-21 00:36:22.708  3231  8112 I WindowManager: WIN DEATH: Window{b77af21 u0 tokyo.isseikuzumaki.vibeterminal/tokyo.isseikuzumaki.vibeterminal.MainActivity}
12-21 00:36:22.708  3231  6669 I ActivityManager: Process tokyo.isseikuzumaki.vibeterminal (pid 30213) has died: fg  TOP 
12-21 00:36:22.708  3231  4205 I ImeTracker: tokyo.isseikuzumaki.vibeterminal:960e407e: onRequestHide at ORIGIN_SERVER reason HIDE_REMOVE_CLIENT fromUser false
12-21 00:36:22.709  3231  7165 D AutofillSession: handling death of Token{77ac9f1 ActivityRecord{74616216 u0 tokyo.isseikuzumaki.vibeterminal/.MainActivity t5955 f}}} when saving=false
12-21 00:36:22.710  3231  8112 I WindowManager: WIN DEATH: Window{b23f27 u0 tokyo.isseikuzumaki.vibeterminal/tokyo.isseikuzumaki.vibeterminal.MainActivity}
12-21 00:36:22.710  7757  7757 I GoogleInputMethodService: GoogleInputMethodService.onFinishInputView():1577 onFinishInputView(false)
12-21 00:36:22.710  7757  7757 I GlobeKeyExtension: GlobeKeyExtension.onDeactivate():144 
12-21 00:36:22.710  7757  7757 W TooltipLifecycleManager: TooltipLifecycleManager.dismissTooltips():153 Tooltip with id SUGGESTION_VIEW_EDU_MINI_DIALOG not found in tooltipManager.
12-21 00:36:22.711  3231  6669 I HidlServiceManagement: Trying to get transport of vendor.qti.hardware.servicetracker@1.2::IServicetracker/default without hwservicemanager
12-21 00:36:22.711  7757  7757 I VoiceInputManagerWrapper: VoiceInputManagerWrapper.shutdown():131 shutdown()
12-21 00:36:22.711  3231  6669 W ActivityTaskManager: servicetracker HIDL not available
12-21 00:36:22.711  3231  6669 E ActivityTaskManager: Unable to get servicetracker HAL instance
12-21 00:36:22.711  3231  6669 I HidlServiceManagement: Trying to get transport of vendor.qti.hardware.servicetracker@1.2::IServicetracker/default without hwservicemanager
12-21 00:36:22.711  3231  6669 W ActivityTaskManager: servicetracker HIDL not available
12-21 00:36:22.711  3231  6669 E ActivityTaskManager: Unable to get servicetracker HAL instance
12-21 00:36:22.711  3231  6669 I HidlServiceManagement: Trying to get transport of vendor.qti.hardware.servicetracker@1.2::IServicetracker/default without hwservicemanager
12-21 00:36:22.711  3231  6669 W ActivityTaskManager: servicetracker HIDL not available
12-21 00:36:22.711  3231  6669 E ActivityTaskManager: Unable to get servicetracker HAL instance
12-21 00:36:22.711  3231  6669 I HidlServiceManagement: Trying to get transport of vendor.qti.hardware.servicetracker@1.2::IServicetracker/default without hwservicemanager
12-21 00:36:22.711  3231  6669 W ActivityTaskManager: servicetracker HIDL not available
12-21 00:36:22.711  3231  6669 E ActivityTaskManager: Unable to get servicetracker HAL instance
12-21 00:36:22.711  7757  7757 I AndroidIME: AbstractIme.onDeactivate():213 PasswordIme.onDeactivate()
12-21 00:36:22.710  2327  2327 I vendor.qti.hardware.servicetrackeraidl-service: killProcess is called for pid : 30213
12-21 00:36:22.712  7757  7757 I PrimesLoggerHolder: FrameMetricServiceImpl.stopAsFuture():239 Measurement not found: OnConfigurationChanged
12-21 00:36:22.712  5994  6293 V OsAgent : broadcastSystemEvent - 7
12-21 00:36:22.712  7757  7757 W TooltipLifecycleManager: TooltipLifecycleManager.dismissTooltips():153 Tooltip with id undo_access_point_promotion_banner not found in tooltipManager.
12-21 00:36:22.712  3231  3396 I libprocessgroup: Removed cgroup /sys/fs/cgroup/apps/uid_10018/pid_30213
12-21 00:36:22.712  7757  7757 E IPCThreadState: Binder transaction failure. id: 37933752, BR_*: 29189, error: -22 (Invalid argument)
12-21 00:36:22.712  3231  8113 W ActivityManager: pid 7757 com.google.android.inputmethod.latin sent binder code 1 with flags 1 to frozen apps and got error -32
12-21 00:36:22.712  7757  7757 I ImeTracker: tokyo.isseikuzumaki.vibeterminal:960e407e: onHidden
12-21 00:36:22.712  3231  3348 W ActivityManager: setHasOverlayUi called on unknown pid: 30213
12-21 00:36:22.713  2089  2089 I Zygote  : Process 30213 exited due to signal 9 (Killed)
12-21 00:36:22.713  2327  2327 I vendor.qti.hardware.servicetrackeraidl-service: unbindService is called for service : com.google.android.inputmethod.latin/com.android.inputmethod.latin.LatinIME and for client system
12-21 00:36:22.713  5088  5088 D ViewRootImpl: Skipping stats log for color mode
12-21 00:36:22.714  5994  6293 V OsAgent : broadcastSystemEvent - 7
12-21 00:36:22.714  3231  4496 D BackgroundInstallControlService: Package event received: 0
12-21 00:36:22.714  7757 18025 E IPCThreadState: Binder transaction failure. id: 37933852, BR_*: 29189, error: -22 (Invalid argument)
12-21 00:36:22.715  6696  6706 D DisplayBooster: DisplayColorManager: foregroundChanged :com.sonymobile.launcher
12-21 00:36:22.715  6911  9898 I swiqisystemservice: AidlSwiqiAccessor: setMultiWindowMode +
12-21 00:36:22.715  6696  6706 D DisplayBooster: FpsModeManager: foregroundChanged :com.sonymobile.launcher
12-21 00:36:22.715  6696  6706 D DisplayBooster: FpsModeManager: setAutoHighRefreshRateMode: false
12-21 00:36:22.715  6696  6706 D DisplayBooster: FpsModeManager: No need to change config
12-21 00:36:22.715  2556 26864 I AidlSwiqi: setMultiWindowMode 0
12-21 00:36:22.715  6911  9898 I swiqisystemservice: AidlSwiqiAccessor: setMultiWindowMode -
12-21 00:36:22.715  7757 18025 D ActivityThread: Too many transaction errors, throttling freezer binder callback.
12-21 00:36:22.715  6911  9898 I swiqisystemservice: AidlSwiqiAccessor: setIsEffectWhiteList +
12-21 00:36:22.715  2556 26864 I AidlSwiqi: setIsEffectWhiteList 0
12-21 00:36:22.715  6911  9898 I swiqisystemservice: AidlSwiqiAccessor: setIsEffectWhiteList -
12-21 00:36:22.715  7757 18025 W RemoteInputConnection: requestCursorUpdates() was failed with an exception=android.os.DeadObjectException
12-21 00:36:22.715  2327  2327 I vendor.qti.hardware.servicetrackeraidl-service: bindService is called for service : com.google.android.googlequicksearchbox/com.google.android.apps.gsa.nowoverlayservice.DrawerOverlayService and for client com.sonymobile.launcher
12-21 00:36:22.715  2327  2327 I vendor.qti.hardware.servicetrackeraidl-service: total connections for service : com.google.android.googlequicksearchbox/com.google.android.apps.gsa.nowoverlayservice.DrawerOverlayServiceare :1
12-21 00:36:22.715  2327  2327 I vendor.qti.hardware.servicetrackeraidl-service: total connections for client : com.sonymobile.launcherare :3
12-21 00:36:22.716  5088  5088 D StatsLog: LAUNCHER_ONRESUME
12-21 00:36:22.716  5994  6293 V OsAgent : broadcastSystemEvent - 7
12-21 00:36:22.716  5994  6293 V OsAgent : broadcastSystemEvent - 7
12-21 00:36:22.717  4592  4659 D WindowManagerShell: setLauncherKeepClearAreaHeight: visible=true, height=360
12-21 00:36:22.717  3231  4496 D BackgroundInstallControlService: Package event received: 0
12-21 00:36:22.717  3231  4425 D InetDiagMessage: Destroyed 0 sockets, proto=IPPROTO_TCP, family=AF_INET, states=14
12-21 00:36:22.717  3231  4496 D BackgroundInstallControlService: Package event received: 0
12-21 00:36:22.717  3231  4496 D BackgroundInstallControlService: Package event received: 0
12-21 00:36:22.717  3231  4496 D BackgroundInstallControlService: Package event received: 0
12-21 00:36:22.717  3231  4496 D BackgroundInstallControlService: Package event received: 0
12-21 00:36:22.717  3231  4496 D BackgroundInstallControlService: Package event received: 0
12-21 00:36:22.717  3231  4496 D BackgroundInstallControlService: Package event received: 0
12-21 00:36:22.718  3231  4425 D InetDiagMessage: Destroyed 0 sockets, proto=IPPROTO_TCP, family=AF_INET6, states=14
12-21 00:36:22.718  3231  4425 D InetDiagMessage: Destroyed live tcp sockets for uids={10018} in 6ms
12-21 00:36:22.719  2665  2827 W IPCThreadState: Sending oneway calls to frozen process.
12-21 00:36:22.719 30369 30369 I bpbk    : onStart
12-21 00:36:22.719  3231  4425 D InetDiagMessage: Destroyed 0 sockets, proto=IPPROTO_TCP, family=AF_INET, states=14
12-21 00:36:22.719 30369 30369 I bmqr    : (REDACTED) [%s] onStart()
12-21 00:36:22.719 30369 30369 I bmsy    : Reloading theme data
12-21 00:36:22.720  3231  4425 D InetDiagMessage: Destroyed 0 sockets, proto=IPPROTO_TCP, family=AF_INET6, states=14
12-21 00:36:22.720  3231  4425 D InetDiagMessage: Destroyed live tcp sockets for uids={20018} in 1ms
12-21 00:36:22.720  2665  2827 W IPCThreadState: Sending oneway calls to frozen process.
12-21 00:36:22.720  2665  2827 W IPCThreadState: Sending oneway calls to frozen process.
12-21 00:36:22.720  2665  2827 W IPCThreadState: Sending oneway calls to frozen process.
12-21 00:36:22.720 30369 30369 I bpbk    : onResume
12-21 00:36:22.720  2665  2827 W IPCThreadState: Sending oneway calls to frozen process.
12-21 00:36:22.720  2665  2827 W IPCThreadState: Sending oneway calls to frozen process.
12-21 00:36:22.720  2665  2827 W IPCThreadState: Sending oneway calls to frozen process.
12-21 00:36:22.720  2665  2827 W IPCThreadState: Sending oneway calls to frozen process.
12-21 00:36:22.720  2665  2827 W IPCThreadState: Sending oneway calls to frozen process.
12-21 00:36:22.720  2665  2827 W IPCThreadState: Sending oneway calls to frozen process.
12-21 00:36:22.721  2665  2827 W IPCThreadState: Sending oneway calls to frozen process.
12-21 00:36:22.721  2665  2827 W IPCThreadState: Sending oneway calls to frozen process.
12-21 00:36:22.721  2665  2827 W IPCThreadState: Sending oneway calls to frozen process.
12-21 00:36:22.721  2665  2827 W IPCThreadState: Sending oneway calls to frozen process.
12-21 00:36:22.721  2665  2827 W IPCThreadState: Sending oneway calls to frozen process.
12-21 00:36:22.721  2665  2827 W IPCThreadState: Sending oneway calls to frozen process.
12-21 00:36:22.721  2665  2827 W IPCThreadState: Sending oneway calls to frozen process.
12-21 00:36:22.722  2319 10601 I SnapAlloc: Using graphics libs for alignment calculations
12-21 00:36:22.722  2327  2327 I vendor.qti.hardware.servicetrackeraidl-service: bindService is called for service : com.google.android.gms/.chimera.GmsApiService and for client com.google.android.googlequicksearchbox:googleapp
12-21 00:36:22.722  2327  2327 I vendor.qti.hardware.servicetrackeraidl-service: total connections for service : com.google.android.gms/.chimera.GmsApiServiceare :2
12-21 00:36:22.722  2327  2327 I vendor.qti.hardware.servicetrackeraidl-service: total connections for client : com.google.android.googlequicksearchbox:googleappare :6
12-21 00:36:22.723  7516  7516 D BoundBrokerSvc: onRebind: Intent { act=com.google.android.gms.inappreach.service.START dat=chimera-action:/... xflg=0x4 cmp=com.google.android.gms/.chimera.GmsApiService }
12-21 00:36:22.727  4592  4659 D WindowManagerShell: onKeepClearAreasChanged: restricted={}, unrestricted={Rect(0, 1262 - 1080, 2340)}
12-21 00:36:22.727  5088  5088 D BaseDepthController: setSurface:
12-21 00:36:22.727  5088  5088 D BaseDepthController: 	mWaitingOnSurfaceValidity: false
12-21 00:36:22.727  5088  5088 D BaseDepthController: 	mBaseSurface: Surface(name=com.sonymobile.launcher/com.sonymobile.launcher.XperiaLauncher)/@0x36f55b2
12-21 00:36:22.728 30369 30369 I bove    : (REDACTED) onApplyWindowInsets: systemWindowInsets=%s
12-21 00:36:22.728 30369 30369 I bove    : (REDACTED) onApplyWindowInsets: systemWindowInsets=%s
12-21 00:36:22.732  5088  5088 I NotificationListener: Handling notification state refresh for com.sonymobile.smartcharger#0
12-21 00:36:22.732  5088  5088 I NotificationListener: Handling notification state refresh for com.termux#0
12-21 00:36:22.732  5088  5088 I NotificationListener: Handling notification state refresh for com.google.android.youtube#0
12-21 00:36:22.732  5088  5088 I NotificationListener: Handling notification state refresh for jp.co.eposcard.epossupportapp#0
12-21 00:36:22.732  5088  5088 I NotificationListener: Handling notification state refresh for jp.co.eposcard.epossupportapp#0
12-21 00:36:22.732  5088  5088 I NotificationListener: Handling notification state refresh for com.huawei.health#0
12-21 00:36:22.733  4592 18473 V WindowManagerShell: onTransitionReady(transaction=13877039463465)
12-21 00:36:22.733  4592  4659 V WindowManagerShell: onTransitionReady (#1566) android.os.BinderProxy@203c3b9: {id=1566 t=CLOSE f=0x10 trk=0 r=[0@Point(0, 0)] c=[
12-21 00:36:22.733  4592  4659 V WindowManagerShell:         {m=TO_FRONT f=SHOW_WALLPAPER|MOVE_TO_TOP leash=Surface(name=Task=1)/@0x8be65ac sb=Rect(0, 0 - 1080, 2340) eb=Rect(0, 0 - 1080, 2340) epz=Point(1080, 2340) d=0 taskParent=-1},
12-21 00:36:22.733  4592  4659 V WindowManagerShell:         {m=CLOSE f=NONE leash=Surface(name=Task=5955)/@0xb13e275 sb=Rect(0, 0 - 1080, 2340) eb=Rect(0, 0 - 1080, 2340) epz=Point(1080, 2340) d=0 taskParent=-1},
12-21 00:36:22.733  4592  4659 V WindowManagerShell:         {m=TO_FRONT f=IS_WALLPAPER leash=Surface(name=WallpaperWindowToken{9f18b87 showWhenLocked=false})/@0x1f5420a sb=Rect(0, 0 - 1080, 2340) eb=Rect(0, 0 - 1080, 2340) epz=Point(1080, 2340) d=0}
12-21 00:36:22.733  4592  4659 V WindowManagerShell:     ]}
12-21 00:36:22.734  2319 10601 I SnapAlloc: Using graphics libs for alignment calculations
12-21 00:36:22.734  4592  4659 V WindowManagerShell: Playing animation for (#1566) android.os.BinderProxy@203c3b9@0
12-21 00:36:22.734  4592  4659 V ShellRecents: RecentsTransitionHandler.startAnimation: no controller found
12-21 00:36:22.734  4592  4659 V WindowManagerShell: Transition doesn't have explicit remote, search filters for match for {id=1566 t=CLOSE f=0x10 trk=0 r=[0@Point(0, 0)] c=[{m=TO_FRONT f=SHOW_WALLPAPER|MOVE_TO_TOP leash=Surface(name=Task=1)/@0x8be65ac sb=Rect(0, 0 - 1080, 2340) eb=Rect(0, 0 - 1080, 2340) epz=Point(1080, 2340) d=0 taskParent=-1},{m=CLOSE f=NONE leash=Surface(name=Task=5955)/@0xb13e275 sb=Rect(0, 0 - 1080, 2340) eb=Rect(0, 0 - 1080, 2340) epz=Point(1080, 2340) d=0 taskParent=-1},{m=TO_FRONT f=IS_WALLPAPER leash=Surface(name=WallpaperWindowToken{9f18b87 showWhenLocked=false})/@0x1f5420a sb=Rect(0, 0 - 1080, 2340) eb=Rect(0, 0 - 1080, 2340) epz=Point(1080, 2340) d=0}]}
12-21 00:36:22.734  4592  4659 V WindowManagerShell:  Checking filter Pair{{types=[] flags=0x0] notFlags=0x100 checks=[{atype=home independent=true modes=[OPEN,TO_FRONT] flags=NONE mustBeTask=false order=TOP topActivity=ComponentInfo{com.sonymobile.launcher/com.sonymobile.launcher.XperiaLauncher} launchCookie=null windowingMode=undefined},{atype=standard independent=true modes=[CLOSE,TO_BACK] flags=NONE mustBeTask=false order=ANY topActivity=null launchCookie=null windowingMode=undefined},{NOT atype=undefined independent=true modes=[] flags=NONE mustBeTask=true order=ANY topActivity=null launchCookie=null customAnim=true windowingMode=undefined}]} RemoteTransition { remoteTransition = android.window.IRemoteTransition$Stub$Proxy@8644143, appThread = android.app.IApplicationThread$Stub$Proxy@b6463c0, debugName = QuickstepLaunchHome }}
12-21 00:36:22.734  4592  4659 D RemoteTransitionHandler: Found filterPair{{types=[] flags=0x0] notFlags=0x100 checks=[{atype=home independent=true modes=[OPEN,TO_FRONT] flags=NONE mustBeTask=false order=TOP topActivity=ComponentInfo{com.sonymobile.launcher/com.sonymobile.launcher.XperiaLauncher} launchCookie=null windowingMode=undefined},{atype=standard independent=true modes=[CLOSE,TO_BACK] flags=NONE mustBeTask=false order=ANY topActivity=null launchCookie=null windowingMode=undefined},{NOT atype=undefined independent=true modes=[] flags=NONE mustBeTask=true order=ANY topActivity=null launchCookie=null customAnim=true windowingMode=undefined}]} RemoteTransition { remoteTransition = android.window.IRemoteTransition$Stub$Proxy@8644143, appThread = android.app.IApplicationThread$Stub$Proxy@b6463c0, debugName = QuickstepLaunchHome }}
12-21 00:36:22.734  4592  4659 V WindowManagerShell:  Delegate animation for (#1566) to RemoteTransition { remoteTransition = android.window.IRemoteTransition$Stub$Proxy@8644143, appThread = android.app.IApplicationThread$Stub$Proxy@b6463c0, debugName = QuickstepLaunchHome }
12-21 00:36:22.735  2320  2540 I SnapAlloc: Using graphics libs for alignment calculations
12-21 00:36:22.736  5088  5088 D StateManager: createAtomicAnimation - fromState: Background, toState: Normal, partial trace:
12-21 00:36:22.736  5088  5088 D StateManager: 	at com.android.quickstep.util.ScalingWorkspaceRevealAnim.<init>(ScalingWorkspaceRevealAnim.kt:90)
12-21 00:36:22.736  5088  5088 D StateManager: 	at com.android.launcher3.QuickstepTransitionManager.createWallpaperOpenAnimations(QuickstepTransitionManager.java:1755)
12-21 00:36:22.736  5088  5088 D StateManager: 	at com.android.launcher3.QuickstepTransitionManager$WallpaperOpenLauncherAnimationRunner.onAnimationStart(QuickstepTransitionManager.java:1911)
12-21 00:36:22.736  5088  5088 D b/311077782: LauncherAnimationRunner.setAnimation
12-21 00:36:22.738  3231  3343 V WindowManager: Sent Transition (#1566) createdAt=12-21 00:36:22.679 via request=TransitionRequestInfo { type = CLOSE, triggerTask = TaskInfo{userId=0 taskId=5955 effectiveUid=10018 displayId=0 isRunning=true baseIntent=Intent { act=android.intent.action.MAIN cat=[android.intent.category.LAUNCHER] flg=0x34100000 pkg=tokyo.isseikuzumaki.vibeterminal cmp=tokyo.isseikuzumaki.vibeterminal/.MainActivity } baseActivity=ComponentInfo{tokyo.isseikuzumaki.vibeterminal/tokyo.isseikuzumaki.vibeterminal.MainActivity} topActivity=ComponentInfo{tokyo.isseikuzumaki.vibeterminal/tokyo.isseikuzumaki.vibeterminal.MainActivity} origActivity=null realActivity=ComponentInfo{tokyo.isseikuzumaki.vibeterminal/tokyo.isseikuzumaki.vibeterminal.MainActivity} numActivities=1 lastActiveTime=97566959 supportsMultiWindow=true resizeMode=1 isResizeable=true minWidth=-1 minHeight=-1 defaultMinSize=220 token=WCT{RemoteToken{7f2babf Task{9819456 #5955 type=standard A=10018:tokyo.isseikuzumaki.vibeterminal}}} topActivityType=1 pictureInPictureParams=null shouldDockBigOverlays=false launchIntoPipHostTaskId=-1 lastParentTaskIdBeforePip=-1 displayCutoutSafeInsets=Rect(0, 0 - 0, 0) topActivityInfo=ActivityInfo{2f08cc8 tokyo.isseikuzumaki.vibeterminal.MainActivity} launchCookies=[android.os.BinderProxy@6c1f279] positionInParent=Point(0, 0) parentTaskId=-1 isFocused=true isVisible=true isVisibleRequested=true isTopActivityNoDisplay=false isSleeping=false locusId=null displayAreaFeatureId=1 isTopActivityTransparent=false isActivityStackTransparent=false lastNonFullscreenBounds=Rect(278, 630 - 803, 1710) capturedLink=null capturedLinkTimestamp=0 requestedVisibleTypes=-9 topActivityRequestOpenInBrowserEducationTimestamp=0 appCompatTaskInfo=AppCompatTaskInfo { topActivityInSizeCompat=false eligibleForLetterboxEducation= false isLetterboxEducationEnabled= false isLetterboxDoubleTapEnabled= false eligibleForUserAspectRatioButton= false topActivityBoundsLetterboxed= false isFromLetterboxDoubleTap= false topActivityLetterboxVerticalPosition= -1 topActivityLetterboxHorizontalPosition= -1 topActivityLetterboxWidth=-1 topActivityLetterboxHeight=-1 topActivityAppBounds=Rect(0, 0 - 1080, 2340) isUserFullscreenOverrideEnabled=false isSystemFullscreenOverrideEnabled=false hasMinAspectRatioOverride=false topActivityLetterboxBounds=null cameraCompatTaskInfo=CameraCompatTaskInfo { freeformCameraCompatMode=inactive}} topActivityMainWindowFrame=null}, pipChange = null, remoteTransition = null, displayChange = null, flags = 16, debugId = 1566 }
12-21 00:36:22.738  3231  3343 V WindowManager:     startWCT=WindowContainerTransaction { changes= {} hops= [] errorCallbackToken=null taskFragmentOrganizer=null }
12-21 00:36:22.738  3231  3343 V WindowManager:     info={id=1566 t=CLOSE f=0x10 trk=0 r=[0@Point(0, 0)] c=[
12-21 00:36:22.738  3231  3343 V WindowManager:         {WCT{RemoteToken{2e7e4bc Task{40dd88d #1 type=home}}} m=TO_FRONT f=SHOW_WALLPAPER|MOVE_TO_TOP leash=Surface(name=Task=1)/@0x5714dd sb=Rect(0, 0 - 1080, 2340) eb=Rect(0, 0 - 1080, 2340) epz=Point(1080, 2340) d=0 taskParent=-1},
12-21 00:36:22.738  3231  3343 V WindowManager:         {WCT{RemoteToken{7f2babf Task{9819456 #5955 type=standard A=10018:tokyo.isseikuzumaki.vibeterminal}}} m=CLOSE f=NONE leash=Surface(name=Task=5955)/@0x6c60dae sb=Rect(0, 0 - 1080, 2340) eb=Rect(0, 0 - 1080, 2340) epz=Point(1080, 2340) d=0 taskParent=-1},
12-21 00:36:22.738  3231  3343 V WindowManager:         {m=TO_FRONT f=IS_WALLPAPER leash=Surface(name=WallpaperWindowToken{9f18b87 showWhenLocked=false})/@0xe62e987 sb=Rect(0, 0 - 1080, 2340) eb=Rect(0, 0 - 1080, 2340) epz=Point(1080, 2340) d=0}
12-21 00:36:22.738  3231  3343 V WindowManager:     ]}
12-21 00:36:22.740  3231  3348 W IPCThreadState: Sending oneway calls to frozen process.
12-21 00:36:22.740  3231  3348 W IPCThreadState: Sending oneway calls to frozen process.
12-21 00:36:22.740  3231  3348 W IPCThreadState: Sending oneway calls to frozen process.
12-21 00:36:22.740  3231  3348 W IPCThreadState: Sending oneway calls to frozen process.
12-21 00:36:22.740  3231  3348 W IPCThreadState: Sending oneway calls to frozen process.
12-21 00:36:22.741  3231  3348 W IPCThreadState: Sending oneway calls to frozen process.
12-21 00:36:22.741  3231  3348 W IPCThreadState: Sending oneway calls to frozen process.
12-21 00:36:22.741  3231  3348 W IPCThreadState: Sending oneway calls to frozen process.
12-21 00:36:22.741  3231  3348 W IPCThreadState: Sending oneway calls to frozen process.
12-21 00:36:22.741  4592  4659 V WindowManagerShell:  animated by com.android.wm.shell.transition.RemoteTransitionHandler@fc6ed66
12-21 00:36:22.741  3231  3348 W IPCThreadState: Sending oneway calls to frozen process.
12-21 00:36:22.742  3231  3348 W IPCThreadState: Sending oneway calls to frozen process.
12-21 00:36:22.742  3231  3348 W IPCThreadState: Sending oneway calls to frozen process.
12-21 00:36:22.742  3231  3348 W IPCThreadState: Sending oneway calls to frozen process.
12-21 00:36:22.742  3231  3348 W IPCThreadState: Sending oneway calls to frozen process.
12-21 00:36:22.742  3231  3348 W IPCThreadState: Sending oneway calls to frozen process.
12-21 00:36:22.742  3231  3348 W IPCThreadState: Sending oneway calls to frozen process.
12-21 00:36:22.742  3231  3348 W IPCThreadState: Sending oneway calls to frozen process.
12-21 00:36:22.742  3231  3348 W IPCThreadState: Sending oneway calls to frozen process.
