12-21 00:40:56.003  7672  7672 I HAF_MemoryUtils: 1600008320|R|I|total-pss=36897, java-heap=2600, native-heap=3464, code=120, system=27453, threads=55, importance=(125, 0), dex-mmap=(2, 0, 0, 0), ver=16.0.8.320
12-21 00:40:56.004  5342 32412 I NearbySharing: Network state changed: NetworkState(isRestricted=false, isOnline=true, isCongested=false, isMetered=false, isWifiConnected=true)
12-21 00:40:56.005  4592  4725 D ControlsListingControllerImpl: Unsubscribing callback
12-21 00:40:56.006  4592  4725 D ControlsListingControllerImpl: Unsubscribing callback
12-21 00:40:56.006  4592  4725 D ControlsListingControllerImpl: Unsubscribing callback
12-21 00:40:56.010  6696  6696 I DisplayBooster: SensorMonitor: CombinedLightSensor: 250.0662, 223.90082, 52.33075, 223.90082, 26.165375, 26.165375
12-21 00:40:56.011  2348  2348 I vendor.semc.hardware.aidldisplay: notify_ambientlight_values:values[7]=250.066193,223.900818,52.330750,223.900818,26.165375,26.165375,262.861053,
12-21 00:40:56.011  2348  2348 I vendor.semc.hardware.aidldisplay: update_peak_brightness_mode:brightnessMode=1 hbm=0 lux=262.86 start_lux=10000 stop_lux=5000 needs_boost=0 needs_deboost=1 curr_boosted=0
12-21 00:40:56.011  2348  2348 I vendor.semc.hardware.aidldisplay: update_ambientlight_values:Updata ambient value for RHD: 223.900818
12-21 00:40:56.029  2910  3454 D REE_THREAD: [ree_thread_manager.c] [queue_pop:136] *** queue_pop() result = POP_TIMEOUT 
12-21 00:40:56.030  2910  3454 D REE_THREAD: [ree_thread_manager.c] [get_task:310] +++ POP_TIMEOUT 
12-21 00:40:56.030  2910  3454 D REE_THREAD: [ree_thread_manager.c] [queue_pop:105] *** queue_pop(AVAILABLE_Q, WAIT_IMMEDIATELY) enter 
12-21 00:40:56.030  2910  3454 D REE_THREAD: [ree_thread_manager.c] [queue_pop:136] *** queue_pop() result = POP_OK 
12-21 00:40:56.030  2910  3454 D REE_THREAD: [ree_thread_manager.c] [thread_manager:353] going to do task = 1 
12-21 00:40:56.030  2910  3454 D REE_THREAD: [ree_thread_manager.c] [thread_manager:364] === TASK_IDLE start 
12-21 00:40:56.030  2910  3454 I REE_IO_CTRL: [ree_io_control.c] [ree_io_get_power_state:474] entered 
12-21 00:40:56.030  2910  3454 I REE_CA  : [ree_bix_agent_impl.c] [ree_notify_spi_power_mode_state:854] entered, power_mode = 0 
12-21 00:40:56.030  2910  3454 D REE_CA  : [ree_bix_agent_impl.c] [ree_notify_spi_power_mode_state:859] enable = 0 
12-21 00:40:56.030  2910  3454 I REE_CA  : [ree_bix_agent_impl.c] [ree_execute_capture_task:1685] entered 
12-21 00:40:56.030  2910  3454 D REE_CA  : [ree_bix_agent_impl.c] [ree_execute_capture_task:1737] Send command: 0x8004, event: 0x0 
12-21 00:40:56.030  2910  3454 D REE_OPM : [ree_op_manager.c] [ree_opm_do_command:24] cid: 0x8004, bix_cmd_id_seq: 7427 
12-21 00:40:56.030  2910  3454 D REE_TRSP: [ree_transporter_qsee.c] [transfer_to_core:177] -- msg_data->process_id = 0xE0  
12-21 00:40:56.030  2910  3454 D REE_TRSP: [ree_transporter_qsee.c] [transfer_to_core:178] -- msg_data->bix_cmd_id = 0x8004  
12-21 00:40:56.030  2910  3454 D BIX_TZ_CLIENT: ets_qsee_cmd_req_in_data, req_tci_size 1024, in_data_len 0
12-21 00:40:56.030  2910  3454 D BIX_TZ_CLIENT: bix_cmd_id = 0x8004, evt = 0x1, cmd_seq = 7427
12-21 00:40:56.031  2910  3454 D BIX_TZ_CLIENT: ets_qsee_cmd_req_in_data ret = 0, nRet = 0, out_len = 0
12-21 00:40:56.031  2910  3454 D REE_TRSP: [ree_transporter_qsee.c] [transfer_to_core:208] transporter end, qsee_retval = 0, bix_ec = 0x00 
12-21 00:40:56.031  2910  3454 D REE_CA  : [ree_bix_agent_impl.c] [ree_execute_capture_task:1798] Send command: 0x8004, event: 0x0, error: 0x00 
12-21 00:40:56.031  2910  3454 I REE_IO_CTRL: [ree_io_control.c] [ree_io_device_reset_pin_control:175] entered, pin_level = 0 
12-21 00:40:56.031  2910  3454 D REE_IO_CTRL: [ree_io_control.c] [ree_io_call_driver:98] ioctl_code: 0x07 xfer.int_mode = 0 
12-21 00:40:56.031  2910  3454 I REE_IO_CTRL: [ree_io_control.c] [ree_io_device_power_control:242] entered, power_mode = 0 
12-21 00:40:56.031  2910  3454 D REE_IO_CTRL: [ree_io_control.c] [ree_io_call_driver:98] ioctl_code: 0x05 xfer.int_mode = 0 
12-21 00:40:56.068  4592  4592 W Paint   : The elegant text height cannot be turned off.
12-21 00:40:56.068  4592  4592 W Paint   : The elegant text height cannot be turned off.
12-21 00:40:56.068  4592  4592 W Paint   : The elegant text height cannot be turned off.
12-21 00:40:56.070  4592  4592 W Paint   : The elegant text height cannot be turned off.
12-21 00:40:56.070  4592  4592 W Paint   : The elegant text height cannot be turned off.
12-21 00:40:56.070  4592  4592 W Paint   : The elegant text height cannot be turned off.
12-21 00:40:56.096  2320  2540 I SDM     : DisplayBase::CommitThread: Received Idle Timeout, panel: cmd, timeout: 69999 us
12-21 00:40:56.103  2910  3454 D REE_IO_CTRL: [ree_io_control.c] [ree_io_device_power_control:267] exit, power_mode = 0 
12-21 00:40:56.103  2910  3454 I REE_CA  : [ree_bix_agent_impl.c] [ree_notify_sensor_power_mode_state:834] entered, power_mode = 0 
12-21 00:40:56.103  2910  3454 I REE_CA  : [ree_bix_agent_impl.c] [ree_execute_capture_task:1685] entered 
12-21 00:40:56.103  2910  3454 D REE_CA  : [ree_bix_agent_impl.c] [ree_execute_capture_task:1737] Send command: 0x21, event: 0xB 
12-21 00:40:56.103  2910  3454 D REE_OPM : [ree_op_manager.c] [ree_opm_do_command:24] cid: 0x21, bix_cmd_id_seq: 7428 
12-21 00:40:56.103  2910  3454 D REE_TRSP: [ree_transporter_qsee.c] [transfer_to_core:177] -- msg_data->process_id = 0xE0  
12-21 00:40:56.103  2910  3454 D REE_TRSP: [ree_transporter_qsee.c] [transfer_to_core:178] -- msg_data->bix_cmd_id = 0x21  
12-21 00:40:56.103  2910  3454 D BIX_TZ_CLIENT: ets_qsee_cmd_req_in_data, req_tci_size 1024, in_data_len 376
12-21 00:40:56.103  2910  3454 D BIX_TZ_CLIENT: bix_cmd_id = 0x0021, evt = 0xB, cmd_seq = 7428
12-21 00:40:56.104  2910  3454 D BIX_TZ_CLIENT: ets_qsee_cmd_req_in_data ret = 0, nRet = 0, out_len = 376
12-21 00:40:56.104  2910  3454 D REE_TRSP: [ree_transporter_qsee.c] [transfer_to_core:197] -- msg_data->data_len = 376  
12-21 00:40:56.104  2910  3454 D REE_TRSP: [ree_transporter_qsee.c] [transfer_to_core:199]  out_data_len  = 376  
12-21 00:40:56.104  2910  3454 D REE_TRSP: [ree_transporter_qsee.c] [transfer_to_core:208] transporter end, qsee_retval = 0, bix_ec = 0x00 
12-21 00:40:56.104  2910  3454 D REE_CA  : [ree_bix_agent_impl.c] [ree_execute_capture_task:1783] verification_status_return (capture = BIX_FTC_NONE, finger = BIX_FP_IMG_NONE, process = BIX_FTX_NONE, BIX_FTM_NONE, BIX_FTU_NONE) 
12-21 00:40:56.104  2910  3454 D REE_CA  : [ree_bix_agent_impl.c] [ree_execute_capture_task:1788] verification_status_fp_indicator (empty = 0, partial = 0, water = 0, wet = 0, palm = 0) 
12-21 00:40:56.104  2910  3454 D REE_CA  : [ree_bix_agent_impl.c] [ree_execute_capture_task:1795] verification_status_fp_indicator_ex (wfp_finger = 0, wfp_water = 0, wfp_empty = 0, pwr_noise = 0, slide = 0) 
12-21 00:40:56.104  2910  3454 D REE_CA  : [ree_bix_agent_impl.c] [ree_execute_capture_task:1798] Send command: 0x21, event: 0xB, error: 0x00 
12-21 00:40:56.104  2910  3454 D REE_THREAD: [ree_thread_manager.c] [thread_manager:367] === TASK_IDLE end 
12-21 00:40:56.104  2910  3454 D REE_THREAD: [ree_thread_manager.c] [thread_manager:393] task excuted 
12-21 00:40:56.104  2910  3454 D REE_THREAD: [ree_thread_manager.c] [queue_add:142] *** queue_add(AVAILABLE_Q, TASK_EMPTY) enter 
12-21 00:40:56.104  2910  3454 D REE_THREAD: [ree_thread_manager.c] [queue_add:154] *** queue_add(AVAILABLE_Q, TASK_EMPTY) end 
12-21 00:40:56.104  2910  3454 D REE_THREAD: [ree_thread_manager.c] [thread_manager:395] task excuted , clear 
12-21 00:40:56.104  2910  3454 D REE_THREAD: [ree_thread_manager.c] [thread_manager:351] NEW LOOP 
12-21 00:40:56.104  2910  3454 D REE_THREAD: [ree_thread_manager.c] [get_task:305] +++ queue_pop(TASK_Q, WAIT_FOREVER)  
12-21 00:40:56.104  2910  3454 D REE_THREAD: [ree_thread_manager.c] [queue_pop:105] *** queue_pop(TASK_Q, WAIT_FOREVER) enter 
12-21 00:40:56.113  5342  7596 I NearbyDiscovery: (REDACTED) FastPairHandler: Received action %s
12-21 00:40:56.113  5342  7596 I NearbyDiscovery: FastPairController: onSystemStateChanged: skip due to flag disabled [CONTEXT service_id=265 ]
12-21 00:40:56.145  4592  4592 I KeyguardTransitionRepository: FINISHED transition: TransitionStep(from=DOZING, to=GONE, value=1.0, transitionState=FINISHED, ownerName=FromDozingTransitionInteractor(biometric wake and unlock))
12-21 00:40:56.145  4592  4737 D ResourceTrimmer: Sending TRIM_MEMORY_UI_HIDDEN.
12-21 00:40:56.146  4592  4777 D StatusBar##isHomeStatusBarAllowed: newValue: true
12-21 00:40:56.266  2426  3202 D DisplayModeController: setDesiredMode 147 {mode={fps=30.00 Hz, modePtr={id=4, vsyncRate=30.00 Hz, peakRefreshRate=30.00 Hz}}, emitEvent=false, force=false}
12-21 00:40:56.267  2324  2493 E PERFHAL-SSLITE: PERFHAL-SSLITE: CheckOngoingScenario() 53: SSLite is disabled on this target
12-21 00:40:56.267  2324  2493 E PERFHAL-SSLITE: PERFHAL-SSLITE: StartScenario() 75: SSLite is disabled on this target
12-21 00:40:56.274  2320  2320 W SDM     : HWDeviceDRM::GetSupportedBitClkRate: Requested rate not supported: 944000000
12-21 00:40:56.275  2320  2320 I SDM     : HWDeviceDRM::UpdateMixerAttributes: Mixer WxH 1080x2340-1 for Peripheral
12-21 00:40:56.328  2426  3201 D DisplayModeController: setDesiredMode 147 {mode={fps=120.00 Hz, modePtr={id=0, vsyncRate=120.00 Hz, peakRefreshRate=120.00 Hz}}, emitEvent=true, force=false}
12-21 00:40:56.341  2320  2320 W SDM     : HWDeviceDRM::GetSupportedBitClkRate: Requested rate not supported: 944000000
12-21 00:40:56.341  2320  2320 I SDM     : HWDeviceDRM::UpdateMixerAttributes: Mixer WxH 1080x2340-1 for Peripheral
12-21 00:40:56.443  2324  2493 E PERFHAL-SSLITE: PERFHAL-SSLITE: CheckOngoingScenario() 53: SSLite is disabled on this target
12-21 00:40:56.444  2324  2493 E PERFHAL-SSLITE: PERFHAL-SSLITE: StartScenario() 75: SSLite is disabled on this target
12-21 00:40:56.453  3231  9849 I HidlServiceManagement: Trying to get transport of vendor.qti.hardware.servicetracker@1.2::IServicetracker/default without hwservicemanager
12-21 00:40:56.453  3231  9849 W ActivityTaskManager: servicetracker HIDL not available
12-21 00:40:56.453  3231  9849 E ActivityTaskManager: Unable to get servicetracker HAL instance
12-21 00:40:56.453  3231  9849 I HidlServiceManagement: Trying to get transport of vendor.qti.hardware.servicetracker@1.2::IServicetracker/default without hwservicemanager
12-21 00:40:56.453  3231  9849 W ActivityTaskManager: servicetracker HIDL not available
12-21 00:40:56.453  3231  9849 E ActivityTaskManager: Unable to get servicetracker HAL instance
12-21 00:40:56.455  2324  2493 E PERFHAL-SSLITE: PERFHAL-SSLITE: CheckOngoingScenario() 53: SSLite is disabled on this target
12-21 00:40:56.455  2324  2493 E PERFHAL-SSLITE: PERFHAL-SSLITE: StartScenario() 75: SSLite is disabled on this target
12-21 00:40:56.455  3231  9849 W OptProp : Cannot read opt property android.window.PROPERTY_COMPAT_ALLOW_MIN_ASPECT_RATIO_OVERRIDE
12-21 00:40:56.455  3231  9849 W OptProp : Cannot read opt property android.window.PROPERTY_COMPAT_ALLOW_ORIENTATION_OVERRIDE
12-21 00:40:56.455  3231  9849 W OptProp : Cannot read opt property android.window.PROPERTY_COMPAT_ALLOW_RESIZEABLE_ACTIVITY_OVERRIDES
12-21 00:40:56.456  3231  9849 D ActivityTrigger: ActivityTrigger activityPauseTrigger 
12-21 00:40:56.456  3231  9849 I HidlServiceManagement: Trying to get transport of vendor.qti.hardware.servicetracker@1.2::IServicetracker/default without hwservicemanager
12-21 00:40:56.456  3231  9849 W ActivityTaskManager: servicetracker HIDL not available
12-21 00:40:56.456  3231  9849 E ActivityTaskManager: Unable to get servicetracker HAL instance
12-21 00:40:56.457  3231  9849 I ActivityTaskManager: START u0 {dat=file:///... flg=0x2000000 xflg=0x4 cmp=com.google.android.packageinstaller/com.android.packageinstaller.InstallInstalling (has extras)} with LAUNCH_MULTIPLE from uid 10124 (sr=232977617) (BAL_ALLOW_VISIBLE_WINDOW) result code=0
12-21 00:40:56.458 26354 26354 W WindowOnBackDispatcher: sendCancelIfRunning: isInProgress=false callback=android.view.ViewRootImpl$$ExternalSyntheticLambda13@8eebcbe
12-21 00:40:56.458 26354 26444 D HWUI    : endAllActiveAnimators on 0xb400007ce6dc9710 (RippleDrawable) with handle 0xb400007cd6ce4690
12-21 00:40:56.458  6911 26764 I swiqisystemservice: AidlSwiqiAccessor: setMultiWindowMode +
12-21 00:40:56.458  3231  4910 D CoreBackPreview: Window{c288f53 u0 com.google.android.packageinstaller/com.android.packageinstaller.PackageInstallerActivity}: Setting back callback null
12-21 00:40:56.458  2556 26864 I AidlSwiqi: setMultiWindowMode 0
12-21 00:40:56.459  6911 26764 I swiqisystemservice: AidlSwiqiAccessor: setMultiWindowMode -
12-21 00:40:56.459  6911 26764 I swiqisystemservice: AidlSwiqiAccessor: setIsEffectWhiteList +
12-21 00:40:56.459  2556 26864 I AidlSwiqi: setIsEffectWhiteList 0
12-21 00:40:56.459  6911 26764 I swiqisystemservice: AidlSwiqiAccessor: setIsEffectWhiteList -
12-21 00:40:56.460  4592  4659 V WindowManagerShell: Transition requested (#1574): android.os.BinderProxy@506e3b4 TransitionRequestInfo { type = OPEN, triggerTask = TaskInfo{userId=0 taskId=5957 effectiveUid=10124 displayId=0 isRunning=true baseIntent=Intent { act=android.intent.action.VIEW dat=content://tokyo.isseikuzumaki.quickdeploy.fileprovider/... typ=application/vnd.android.package-archive flg=0x10800001 cmp=com.google.android.packageinstaller/com.android.packageinstaller.InstallStart } baseActivity=ComponentInfo{com.google.android.packageinstaller/com.android.packageinstaller.DeleteStagedFileOnResult} topActivity=ComponentInfo{com.google.android.packageinstaller/com.android.packageinstaller.InstallInstalling} origActivity=null realActivity=ComponentInfo{com.google.android.packageinstaller/com.android.packageinstaller.InstallStart} numActivities=3 lastActiveTime=97863683 supportsMultiWindow=true resizeMode=1 isResizeable=true minWidth=-1 minHeight=-1 defaultMinSize=220 token=WCT{android.window.IWindowContainerToken$Stub$Proxy@e87fbdd} topActivityType=1 pictureInPictureParams=null shouldDockBigOverlays=false launchIntoPipHostTaskId=-1 lastParentTaskIdBeforePip=-1 displayCutoutSafeInsets=Rect(0, 0 - 0, 0) topActivityInfo=ActivityInfo{891c352 com.android.packageinstaller.InstallInstalling} launchCookies=[] positionInParent=Point(0, 0) parentTaskId=-1 isFocused=true isVisible=true isVisibleRequested=true isTopActivityNoDisplay=false isSleeping=false locusId=null displayAreaFeatureId=1 isTopActivityTransparent=true isActivityStackTransparent=true lastNonFullscreenBounds=Rect(278, 630 - 803, 1710) capturedLink=null capturedLinkTimestamp=0 requestedVisibleTypes=-9 topActivityRequestOpenInBrowserEducationTimestamp=0 appCompatTaskInfo=AppCompatTaskInfo { topActivityInSizeCompat=false eligibleForLetterboxEducation= false isLetterboxEducationEnabled= false isLetterboxDoubleTapEnabled= false eligibleForUserAspectRatioButton= false topActivityBoundsLetterboxed= false isFromLetterboxDoubleTap= false topActivityLetterboxVerticalPosition= -1 topActivityLetterboxHorizontalPosition= -1 topActivityLetterboxWidth=-1 topActivityLetterboxHeight=-1 topActivityAppBounds=Rect(0, 0 - 1080, 2340) isUserFullscreenOverrideEnabled=false isSystemFullscreenOverrideEnabled=false hasMinAspectRatioOverride=false topActivityLetterboxBounds=null cameraCompatTaskInfo=CameraCompatTaskInfo { freeformCameraCompatMode=inactive}} topActivityMainWindowFrame=null}, pipChange = null, remoteTransition = null, displayChange = null, flags = 0, debugId = 1574 }
12-21 00:40:56.460  4592  4659 D ShellSplitScreen: logExit: no-op, mLoggerSessionId is null
12-21 00:40:56.461  2426  3305 I BpBinder: onLastStrongRef automatically unlinking death recipients: 
12-21 00:40:56.461  3231  3348 V WindowManager: Unknown focus tokens, dropping reportFocusChanged
12-21 00:40:56.461  6911 26764 I swiqisystemservice: AidlSwiqiAccessor: setMultiWindowMode +
12-21 00:40:56.461  2556 26864 I AidlSwiqi: setMultiWindowMode 0
12-21 00:40:56.462  6911 26764 I swiqisystemservice: AidlSwiqiAccessor: setMultiWindowMode -
12-21 00:40:56.462  6911 26764 I swiqisystemservice: AidlSwiqiAccessor: setIsEffectWhiteList +
12-21 00:40:56.462  2556 26864 I AidlSwiqi: setIsEffectWhiteList 0
12-21 00:40:56.462  6911 26764 I swiqisystemservice: AidlSwiqiAccessor: setIsEffectWhiteList -
12-21 00:40:56.462  3231  4799 I HidlServiceManagement: Trying to get transport of vendor.qti.hardware.servicetracker@1.2::IServicetracker/default without hwservicemanager
12-21 00:40:56.462  3231  4799 W ActivityTaskManager: servicetracker HIDL not available
12-21 00:40:56.462  3231  4799 E ActivityTaskManager: Unable to get servicetracker HAL instance
12-21 00:40:56.462  3231  4799 I HidlServiceManagement: Trying to get transport of vendor.qti.hardware.servicetracker@1.2::IServicetracker/default without hwservicemanager
12-21 00:40:56.462  3231  4799 W ActivityTaskManager: servicetracker HIDL not available
12-21 00:40:56.462  3231  4799 E ActivityTaskManager: Unable to get servicetracker HAL instance
12-21 00:40:56.462  3231  4799 I HidlServiceManagement: Trying to get transport of vendor.qti.hardware.servicetracker@1.2::IServicetracker/default without hwservicemanager
12-21 00:40:56.462  3231  4799 W ActivityTaskManager: servicetracker HIDL not available
12-21 00:40:56.462  3231  4799 E ActivityTaskManager: Unable to get servicetracker HAL instance
12-21 00:40:56.462  3231  4799 I ActivityTaskManager: The Process com.google.android.packageinstaller Already Exists in BG. So sending its PID: 26354
12-21 00:40:56.463  3231  4799 I HidlServiceManagement: Trying to get transport of vendor.qti.hardware.servicetracker@1.2::IServicetracker/default without hwservicemanager
12-21 00:40:56.463  3231  4799 W ActivityTaskManager: servicetracker HIDL not available
12-21 00:40:56.463  3231  4799 E ActivityTaskManager: Unable to get servicetracker HAL instance
12-21 00:40:56.463  3231  4496 D BackgroundInstallControlService: Package event received: 0
12-21 00:40:56.463  3231  4496 D BackgroundInstallControlService: Package event received: 0
12-21 00:40:56.463  3231  4496 D BackgroundInstallControlService: Package event received: 0
12-21 00:40:56.464  3231  9849 W AutofillManagerServiceImpl: getFillEventHistory() called by UID 10181, but service UID is 10201
12-21 00:40:56.464  6911 26764 I swiqisystemservice: AidlSwiqiAccessor: setMultiWindowMode +
12-21 00:40:56.464  2556 26864 I AidlSwiqi: setMultiWindowMode 0
12-21 00:40:56.464  6911 26764 I swiqisystemservice: AidlSwiqiAccessor: setMultiWindowMode -
12-21 00:40:56.464  6911 26764 I swiqisystemservice: AidlSwiqiAccessor: setIsEffectWhiteList +
12-21 00:40:56.464  2556 26864 I AidlSwiqi: setIsEffectWhiteList 0
12-21 00:40:56.464  6911 26764 I swiqisystemservice: AidlSwiqiAccessor: setIsEffectWhiteList -
12-21 00:40:56.466 26354 26354 D InstallInstalling: Staged session is valid, proceeding with the install
12-21 00:40:56.469  3231  7155 D CoreBackPreview: Window{71a02eb u0 com.google.android.packageinstaller/com.android.packageinstaller.InstallInstalling}: Setting back callback OnBackInvokedCallbackInfo{mCallback=android.window.IOnBackInvokedCallback$Stub$Proxy@569860, mPriority=0, mIsAnimationCallback=false, mOverrideBehavior=0}
12-21 00:40:56.472  3231  7155 D CoreBackPreview: Window{4c8a292 u0 com.google.android.packageinstaller/com.android.packageinstaller.InstallInstalling}: Setting back callback OnBackInvokedCallbackInfo{mCallback=android.window.IOnBackInvokedCallback$Stub$Proxy@18c5119, mPriority=0, mIsAnimationCallback=false, mOverrideBehavior=0}
12-21 00:40:56.474  4592 18472 V WindowManagerShell: onTransitionReady(transaction=13877039464108)
12-21 00:40:56.474  4592  4659 V WindowManagerShell: onTransitionReady (#1574) android.os.BinderProxy@506e3b4: {id=1574 t=OPEN f=0x0 trk=0 r=[0@Point(0, 0)] c=[
12-21 00:40:56.474  4592  4659 V WindowManagerShell:         {m=OPEN f=TRANSLUCENT|FILLS_TASK leash=Surface(name=ActivityRecord{228403480 u0 com.google.android.packageinstaller/com.android.packageinstaller.InstallInstalling)/@0x2ff5623 sb=Rect(0, 0 - 0, 0) eb=Rect(0, 0 - 1080, 2340) epz=Point(1080, 2340) d=-1->0 r=-1->0:-1 bc=ff1d2024 component=com.google.android.packageinstaller/com.android.packageinstaller.InstallInstalling},
12-21 00:40:56.474  4592  4659 V WindowManagerShell:         {m=CLOSE f=TRANSLUCENT|FILLS_TASK leash=Surface(name=ActivityRecord{232977617 u0 com.google.android.packageinstaller/com.android.packageinstaller.PackageInstallerActivity)/@0x5088720 sb=Rect(0, 0 - 1080, 2340) eb=Rect(0, 0 - 1080, 2340) epz=Point(1080, 2340) d=0 bc=ff1d2024 component=com.google.android.packageinstaller/com.android.packageinstaller.PackageInstallerActivity}
12-21 00:40:56.474  4592  4659 V WindowManagerShell:     ]}
12-21 00:40:56.474  3231  3343 I ActivityTaskManager: Displayed com.google.android.packageinstaller/com.android.packageinstaller.InstallInstalling for user 0: +19ms
12-21 00:40:56.474  4592  4659 V WindowManagerShell: Playing animation for (#1574) android.os.BinderProxy@506e3b4@0
12-21 00:40:56.474  4592  4659 V ShellRecents: RecentsTransitionHandler.startAnimation: no controller found
12-21 00:40:56.474  3231  3343 V WindowManager: Sent Transition (#1574) createdAt=12-21 00:40:56.453 via request=TransitionRequestInfo { type = OPEN, triggerTask = TaskInfo{userId=0 taskId=5957 effectiveUid=10124 displayId=0 isRunning=true baseIntent=Intent { act=android.intent.action.VIEW dat=content://tokyo.isseikuzumaki.quickdeploy.fileprovider/... typ=application/vnd.android.package-archive flg=0x10800001 cmp=com.google.android.packageinstaller/com.android.packageinstaller.InstallStart } baseActivity=ComponentInfo{com.google.android.packageinstaller/com.android.packageinstaller.DeleteStagedFileOnResult} topActivity=ComponentInfo{com.google.android.packageinstaller/com.android.packageinstaller.InstallInstalling} origActivity=null realActivity=ComponentInfo{com.google.android.packageinstaller/com.android.packageinstaller.InstallStart} numActivities=3 lastActiveTime=97863683 supportsMultiWindow=true resizeMode=1 isResizeable=true minWidth=-1 minHeight=-1 defaultMinSize=220 token=WCT{RemoteToken{64bf161 Task{8cdb04e #5957 type=standard A=10124:com.google.android.packageinstaller}}} topActivityType=1 pictureInPictureParams=null shouldDockBigOverlays=false launchIntoPipHostTaskId=-1 lastParentTaskIdBeforePip=-1 displayCutoutSafeInsets=Rect(0, 0 - 0, 0) topActivityInfo=ActivityInfo{fa57cdb com.android.packageinstaller.InstallInstalling} launchCookies=[] positionInParent=Point(0, 0) parentTaskId=-1 isFocused=true isVisible=true isVisibleRequested=true isTopActivityNoDisplay=false isSleeping=false locusId=null displayAreaFeatureId=1 isTopActivityTransparent=true isActivityStackTransparent=true lastNonFullscreenBounds=Rect(278, 630 - 803, 1710) capturedLink=null capturedLinkTimestamp=0 requestedVisibleTypes=-9 topActivityRequestOpenInBrowserEducationTimestamp=0 appCompatTaskInfo=AppCompatTaskInfo { topActivityInSizeCompat=false eligibleForLetterboxEducation= false isLetterboxEducationEnabled= false isLetterboxDoubleTapEnabled= false eligibleForUserAspectRatioButton= false topActivityBoundsLetterboxed= false isFromLetterboxDoubleTap= false topActivityLetterboxVerticalPosition= -1 topActivityLetterboxHorizontalPosition= -1 topActivityLetterboxWidth=-1 topActivityLetterboxHeight=-1 topActivityAppBounds=Rect(0, 0 - 1080, 2340) isUserFullscreenOverrideEnabled=false isSystemFullscreenOverrideEnabled=false hasMinAspectRatioOverride=false topActivityLetterboxBounds=null cameraCompatTaskInfo=CameraCompatTaskInfo { freeformCameraCompatMode=inactive}} topActivityMainWindowFrame=null}, pipChange = null, remoteTransition = null, displayChange = null, flags = 0, debugId = 1574 }
12-21 00:40:56.474  3231  3343 V WindowManager:     startWCT=WindowContainerTransaction { changes= {} hops= [] errorCallbackToken=null taskFragmentOrganizer=null }
12-21 00:40:56.474  4592  4659 V WindowManagerShell: Transition doesn't have explicit remote, search filters for match for {id=1574 t=OPEN f=0x0 trk=0 r=[0@Point(0, 0)] c=[{m=OPEN f=TRANSLUCENT|FILLS_TASK leash=Surface(name=ActivityRecord{228403480 u0 com.google.android.packageinstaller/com.android.packageinstaller.InstallInstalling)/@0x2ff5623 sb=Rect(0, 0 - 0, 0) eb=Rect(0, 0 - 1080, 2340) epz=Point(1080, 2340) d=-1->0 r=-1->0:-1 bc=ff1d2024 component=com.google.android.packageinstaller/com.android.packageinstaller.InstallInstalling},{m=CLOSE f=TRANSLUCENT|FILLS_TASK leash=Surface(name=ActivityRecord{232977617 u0 com.google.android.packageinstaller/com.android.packageinstaller.PackageInstallerActivity)/@0x5088720 sb=Rect(0, 0 - 1080, 2340) eb=Rect(0, 0 - 1080, 2340) epz=Point(1080, 2340) d=0 bc=ff1d2024 component=com.google.android.packageinstaller/com.android.packageinstaller.PackageInstallerActivity}]}
12-21 00:40:56.474  4592  4659 V WindowManagerShell:  Checking filter Pair{{types=[] flags=0x0] notFlags=0x100 checks=[{atype=home independent=true modes=[OPEN,TO_FRONT] flags=NONE mustBeTask=false order=TOP topActivity=ComponentInfo{com.sonymobile.launcher/com.sonymobile.launcher.XperiaLauncher} launchCookie=null windowingMode=undefined},{atype=standard independent=true modes=[CLOSE,TO_BACK] flags=NONE mustBeTask=false order=ANY topActivity=null launchCookie=null windowingMode=undefined},{NOT atype=undefined independent=true modes=[] flags=NONE mustBeTask=true order=ANY topActivity=null launchCookie=null customAnim=true windowingMode=undefined}]} RemoteTransition { remoteTransition = android.window.IRemoteTransition$Stub$Proxy@8644143, appThread = android.app.IApplicationThread$Stub$Proxy@b6463c0, debugName = QuickstepLaunchHome }}
12-21 00:40:56.474  3231  3343 V WindowManager:     info={id=1574 t=OPEN f=0x0 trk=0 r=[0@Point(0, 0)] c=[
12-21 00:40:56.474  3231  3343 V WindowManager:         {m=OPEN f=TRANSLUCENT|FILLS_TASK leash=Surface(name=ActivityRecord{228403480 u0 com.google.android.packageinstaller/com.android.packageinstaller.InstallInstalling)/@0x3fcda8c sb=Rect(0, 0 - 0, 0) eb=Rect(0, 0 - 1080, 2340) epz=Point(1080, 2340) d=-1->0 r=-1->0:-1 bc=ff1d2024 component=com.google.android.packageinstaller/com.android.packageinstaller.InstallInstalling},
12-21 00:40:56.474  3231  3343 V WindowManager:         {m=CLOSE f=TRANSLUCENT|FILLS_TASK leash=Surface(name=ActivityRecord{232977617 u0 com.google.android.packageinstaller/com.android.packageinstaller.PackageInstallerActivity)/@0x3670b3b sb=Rect(0, 0 - 1080, 2340) eb=Rect(0, 0 - 1080, 2340) epz=Point(1080, 2340) d=0 bc=ff1d2024 component=com.google.android.packageinstaller/com.android.packageinstaller.PackageInstallerActivity}
12-21 00:40:56.474  3231  3343 V WindowManager:     ]}
12-21 00:40:56.474  4592  4659 V WindowManagerShell:  Delegate animation for (#1574) to null
12-21 00:40:56.474  4592  4659 V WindowManagerShell: start default transition animation, info = {id=1574 t=OPEN f=0x0 trk=0 r=[0@Point(0, 0)] c=[{m=OPEN f=TRANSLUCENT|FILLS_TASK leash=Surface(name=ActivityRecord{228403480 u0 com.google.android.packageinstaller/com.android.packageinstaller.InstallInstalling)/@0x2ff5623 sb=Rect(0, 0 - 0, 0) eb=Rect(0, 0 - 1080, 2340) epz=Point(1080, 2340) d=-1->0 r=-1->0:-1 bc=ff1d2024 component=com.google.android.packageinstaller/com.android.packageinstaller.InstallInstalling},{m=CLOSE f=TRANSLUCENT|FILLS_TASK leash=Surface(name=ActivityRecord{232977617 u0 com.google.android.packageinstaller/com.android.packageinstaller.PackageInstallerActivity)/@0x5088720 sb=Rect(0, 0 - 1080, 2340) eb=Rect(0, 0 - 1080, 2340) epz=Point(1080, 2340) d=0 bc=ff1d2024 component=com.google.android.packageinstaller/com.android.packageinstaller.PackageInstallerActivity}]}
12-21 00:40:56.474  4592  4659 V WindowManagerShell: loadAnimation: anim=null animAttr=0x5 type=OPEN isEntrance=false
12-21 00:40:56.474  4592  4659 V WindowManagerShell: loadAnimation: anim=null animAttr=0x4 type=OPEN isEntrance=true
12-21 00:40:56.475  4592  4659 V WindowManagerShell: Transition animation finished (aborted=false), notifying core (#1574) android.os.BinderProxy@506e3b4@0
12-21 00:40:56.475  3231  3343 V WindowManager: Finish Transition (#1574): created at 12-21 00:40:56.453 collect-started=0.04ms request-sent=3.227ms started=8.17ms ready=9.46ms sent=19.802ms finished=21.494ms
12-21 00:40:56.475  3231  3348 I HidlServiceManagement: Trying to get transport of vendor.qti.hardware.servicetracker@1.2::IServicetracker/default without hwservicemanager
12-21 00:40:56.475  3231  3348 W ActivityTaskManager: servicetracker HIDL not available
12-21 00:40:56.475  3231  3348 E ActivityTaskManager: Unable to get servicetracker HAL instance
12-21 00:40:56.475  3231  3348 I HidlServiceManagement: Trying to get transport of vendor.qti.hardware.servicetracker@1.2::IServicetracker/default without hwservicemanager
12-21 00:40:56.475  4592  4659 V WindowManagerShell: Track 0 became idle
12-21 00:40:56.475  4592  4659 V WindowManagerShell: All active transition animations finished
12-21 00:40:56.475  4592  4659 V WindowManagerShell:  animated by com.android.wm.shell.transition.DefaultTransitionHandler@b5aafea
12-21 00:40:56.475  4592  4659 V WindowManagerShell: Track 0 became idle
12-21 00:40:56.475  4592  4659 V WindowManagerShell: All active transition animations finished
12-21 00:40:56.475  3231  3348 W ActivityTaskManager: servicetracker HIDL not available
12-21 00:40:56.475  3231  3348 E ActivityTaskManager: Unable to get servicetracker HAL instance
12-21 00:40:56.476  3231  3348 I HidlServiceManagement: Trying to get transport of vendor.qti.hardware.servicetracker@1.2::IServicetracker/default without hwservicemanager
12-21 00:40:56.476  3231  3348 W ActivityTaskManager: servicetracker HIDL not available
12-21 00:40:56.476  3231  3348 E ActivityTaskManager: Unable to get servicetracker HAL instance
12-21 00:40:56.476  3231  3348 I HidlServiceManagement: Trying to get transport of vendor.qti.hardware.servicetracker@1.2::IServicetracker/default without hwservicemanager
12-21 00:40:56.476  3231  3348 W ActivityTaskManager: servicetracker HIDL not available
12-21 00:40:56.476  3231  3348 E ActivityTaskManager: Unable to get servicetracker HAL instance
12-21 00:40:56.476  4741  4962 I DynamicDDSService: handleMessage(ACTIVITY_SUSPEND{appInfo=com.google.android.packageinstaller isFullScreen=}true)
12-21 00:40:56.476  4741  4962 W DynamicDDSService: mAppNames is empty, no need to send QMI
12-21 00:40:56.478 26354 26354 D VRI[PackageInstallerActivity]: visibilityChanged oldVisibility=true newVisibility=false
12-21 00:40:56.478 26354 26354 D VRI[PackageInstallerActivity]: visibilityChanged oldVisibility=true newVisibility=false
12-21 00:40:56.478 26354 26354 W WindowOnBackDispatcher: sendCancelIfRunning: isInProgress=false callback=android.view.ViewRootImpl$$ExternalSyntheticLambda13@bdede6b
12-21 00:40:56.478  3231  4799 D CoreBackPreview: Window{17dd272 u0 com.google.android.packageinstaller/com.android.packageinstaller.PackageInstallerActivity}: Setting back callback null
12-21 00:40:56.479 26354 26354 D ViewRootImpl: Skipping stats log for color mode
12-21 00:40:56.479 26354 26354 E WindowManager: android.view.WindowLeaked: Activity com.android.packageinstaller.PackageInstallerActivity has leaked window com.android.internal.policy.DecorView{4e5b3cf V.E...... R....... 0,0-1026,528}[PackageInstallerActivity] that was originally added here
12-21 00:40:56.479 26354 26354 E WindowManager: 	at android.view.ViewRootImpl.<init>(ViewRootImpl.java:1281)
12-21 00:40:56.479 26354 26354 E WindowManager: 	at android.view.ViewRootImpl.<init>(ViewRootImpl.java:1268)
12-21 00:40:56.479 26354 26354 E WindowManager: 	at android.view.WindowManagerGlobal.addView(WindowManagerGlobal.java:511)
12-21 00:40:56.479 26354 26354 E WindowManager: 	at android.view.WindowManagerImpl.addView(WindowManagerImpl.java:161)
12-21 00:40:56.479 26354 26354 E WindowManager: 	at android.app.Dialog.show(Dialog.java:352)
12-21 00:40:56.479 26354 26354 E WindowManager: 	at com.android.packageinstaller.PackageInstallerActivity.bindUi(PackageInstallerActivity.java:521)
12-21 00:40:56.479 26354 26354 E WindowManager: 	at com.android.packageinstaller.PackageInstallerActivity.onResume(PackageInstallerActivity.java:456)
12-21 00:40:56.479 26354 26354 E WindowManager: 	at android.app.Instrumentation.callActivityOnResume(Instrumentation.java:1720)
12-21 00:40:56.479 26354 26354 E WindowManager: 	at android.app.Activity.performResume(Activity.java:9315)
12-21 00:40:56.479 26354 26354 E WindowManager: 	at android.app.ActivityThread.performResumeActivity(ActivityThread.java:5608)
12-21 00:40:56.479 26354 26354 E WindowManager: 	at android.app.ActivityThread.handleResumeActivity(ActivityThread.java:5651)
12-21 00:40:56.479 26354 26354 E WindowManager: 	at android.app.servertransaction.ResumeActivityItem.execute(ResumeActivityItem.java:73)
12-21 00:40:56.479 26354 26354 E WindowManager: 	at android.app.servertransaction.ActivityTransactionItem.execute(ActivityTransactionItem.java:63)
12-21 00:40:56.479 26354 26354 E WindowManager: 	at android.app.servertransaction.TransactionExecutor.executeLifecycleItem(TransactionExecutor.java:169)
12-21 00:40:56.479 26354 26354 E WindowManager: 	at android.app.servertransaction.TransactionExecutor.executeTransactionItems(TransactionExecutor.java:101)
12-21 00:40:56.479 26354 26354 E WindowManager: 	at android.app.servertransaction.TransactionExecutor.execute(TransactionExecutor.java:80)
12-21 00:40:56.479 26354 26354 E WindowManager: 	at android.app.ActivityThread$H.handleMessage(ActivityThread.java:2826)
12-21 00:40:56.479 26354 26354 E WindowManager: 	at android.os.Handler.dispatchMessage(Handler.java:110)
12-21 00:40:56.479 26354 26354 E WindowManager: 	at android.os.Looper.loopOnce(Looper.java:248)
12-21 00:40:56.479 26354 26354 E WindowManager: 	at android.os.Looper.loop(Looper.java:338)
12-21 00:40:56.479 26354 26354 E WindowManager: 	at android.app.ActivityThread.main(ActivityThread.java:9137)
12-21 00:40:56.479 26354 26354 E WindowManager: 	at java.lang.reflect.Method.invoke(Native Method)
12-21 00:40:56.479 26354 26354 E WindowManager: 	at com.android.internal.os.RuntimeInit$MethodAndArgsCaller.run(RuntimeInit.java:593)
12-21 00:40:56.479 26354 26354 E WindowManager: 	at com.android.internal.os.ZygoteInit.main(ZygoteInit.java:940)
12-21 00:40:56.479 26354 26354 D ViewRootImpl: Skipping stats log for color mode
12-21 00:40:56.480  3231  7165 I HidlServiceManagement: Trying to get transport of vendor.qti.hardware.servicetracker@1.2::IServicetracker/default without hwservicemanager
12-21 00:40:56.480  3231  7165 W ActivityTaskManager: servicetracker HIDL not available
12-21 00:40:56.480  3231  7165 E ActivityTaskManager: Unable to get servicetracker HAL instance
12-21 00:40:56.480  3231  7165 I HidlServiceManagement: Trying to get transport of vendor.qti.hardware.servicetracker@1.2::IServicetracker/default without hwservicemanager
12-21 00:40:56.480  3231  7165 W ActivityTaskManager: servicetracker HIDL not available
12-21 00:40:56.480  3231  7165 E ActivityTaskManager: Unable to get servicetracker HAL instance
12-21 00:40:56.480  3231  4496 D BackgroundInstallControlService: Package event received: 0
12-21 00:40:56.481  4741  4962 I DynamicDDSService: handleMessage(ACTIVITY_INVOKE{appInfo=com.google.android.packageinstaller isFullScreen=}true)
12-21 00:40:56.483  6911 26764 I swiqisystemservice: AidlSwiqiAccessor: setMultiWindowMode +
12-21 00:40:56.483  2556 26864 I AidlSwiqi: setMultiWindowMode 0
12-21 00:40:56.483  6911 26764 I swiqisystemservice: AidlSwiqiAccessor: setMultiWindowMode -
12-21 00:40:56.483  6911 26764 I swiqisystemservice: AidlSwiqiAccessor: setIsEffectWhiteList +
12-21 00:40:56.483  2556 26864 I AidlSwiqi: setIsEffectWhiteList 0
12-21 00:40:56.483  6911 26764 I swiqisystemservice: AidlSwiqiAccessor: setIsEffectWhiteList -
12-21 00:40:56.486  3231  7155 W WindowManager: Failed looking up window session=Session{b3e4c79 26354:u0a10124} callers=com.android.server.wm.WindowManagerService.windowForClientLocked:6460 com.android.server.wm.WindowManagerService.relayoutWindow:2397 com.android.server.wm.Session.relayout:283 
12-21 00:40:56.486 26354 26354 V Configuration: Updating configuration, locales updated from [] to [ja_JP]
12-21 00:40:56.486 26354 26354 V Configuration: Updating configuration, locales updated from [] to [ja_JP]
12-21 00:40:56.486 26354 26354 W WindowOnBackDispatcher: sendCancelIfRunning: isInProgress=false callback=android.view.ViewRootImpl$$ExternalSyntheticLambda13@4cce3f3
12-21 00:40:56.486  3231  4799 W WindowManager: Failed looking up window session=Session{b3e4c79 26354:u0a10124} callers=com.android.server.wm.WindowManagerService.windowForClientLocked:6460 com.android.server.wm.Session.setOnBackInvokedCallbackInfo:1002 android.view.IWindowSession$Stub.onTransact:1156 
12-21 00:40:56.486  3231  4799 I WindowManager: setOnBackInvokedCallback(): No window state for package:com.google.android.packageinstaller
12-21 00:40:56.486  3231  4799 W WindowManager: Failed looking up window session=Session{b3e4c79 26354:u0a10124} callers=com.android.server.wm.WindowManagerService.removeClientToken:2153 com.android.server.wm.Session.remove:270 android.view.IWindowSession$Stub.onTransact:696 
12-21 00:40:56.488  3231  3348 W ProcessStats: Tracking association SourceState{2634a com.google.android.apps.messaging:rcs/10200 BFgs #146985} whose proc state 4 is better than process ProcessState{1e37267 com.google.android.apps.messaging/10200 pkg=com.google.android.apps.messaging} proc state 14 (3 skipped)
12-21 00:40:56.517  2327  2327 I vendor.qti.hardware.servicetrackeraidl-service: bindService is called for service : com.google.android.gms/.chimera.PersistentDirectBootAwareApiService and for client com.google.android.gms.persistent
12-21 00:40:56.517  2327  2327 I vendor.qti.hardware.servicetrackeraidl-service: total connections for service : com.google.android.gms/.chimera.PersistentDirectBootAwareApiServiceare :31
12-21 00:40:56.517  2327  2327 I vendor.qti.hardware.servicetrackeraidl-service: total connections for client : com.google.android.gms.persistentare :7
12-21 00:40:56.518  5342  5342 D BoundBrokerSvc: onRebind: Intent { act=com.google.android.gms.libs.gmscorelogger.service.START dat=chimera-action:/... xflg=0x4 cmp=com.google.android.gms/.chimera.PersistentDirectBootAwareApiService }
12-21 00:40:56.603  3231  3346 D FileSystemUtils: Total number of LOAD segments 3
12-21 00:40:56.603  3231  3346 D FileSystemUtils: Size before punching holes st_blocks: 41320, st_blksize: 4096, st_size: 21127521
12-21 00:40:56.603  3231  3346 D FileSystemUtils: Punching holes for length:13124 content which should be zero: 0000000000000000000000000000000000000000000000000000000000000000000000000000000000000000000000000000000000000000000000000000000000000000000000000000000000000000000000000000000000000000000000000000000000000000000000000000000000000000000000000000000000000000000000000000000000000000000000000000000000000000000000000000000000000000000000000000000000000000000000000000000000000000000000000000000000000000000000000000000000000000000000000000000000000000000000000000000000000000000000000000000000000000000000000000000000000000000000000000000000000000000000000000000000000000000000000000000000000000000000000000000000000000000000000000000000000000000000000000000000000000000000000000000000000000000000000000000000000000000000000000000000000000000000000000000000000000000000000000000000000000000000000000000000000000000000000000000000000000000000000000000000000000000000000000000000000000000000000000000000000000000000000000000000000000000000000000000000000000000000000
12-21 00:40:56.603  3231  3346 D FileSystemUtils: Punching hole in file - start: 19910656 len:12288
12-21 00:40:56.603  3231  3346 D FileSystemUtils: Punching holes for length:14496 content which should be zero: 0000000000000000000000000000000000000000000000000000000000000000000000000000000000000000000000000000000000000000000000000000000000000000000000000000000000000000000000000000000000000000000000000000000000000000000000000000000000000000000000000000000000000000000000000000000000000000000000000000000000000000000000000000000000000000000000000000000000000000000000000000000000000000000000000000000000000000000000000000000000000000000000000000000000000000000000000000000000000000000000000000000000000000000000000000000000000000000000000000000000000000000000000000000000000000000000000000000000000000000000000000000000000000000000000000000000000000000000000000000000000000000000000000000000000000000000000000000000000000000000000000000000000000000000000000000000000000000000000000000000000000000000000000000000000000000000000000000000000000000000000000000000000000000000000000000000000000000000000000000000000000000000000000000000000000000000000000000000000000000000000
12-21 00:40:56.603  3231  3346 D FileSystemUtils: Punching hole in file - start: 19927040 len:12288
12-21 00:40:56.603  3231  3346 D FileSystemUtils: Size after punching holes st_blocks: 41272, st_blksize: 4096, st_size: 21127521
12-21 00:40:56.604  3231  3346 D FileSystemUtils: Extra field length: 6214,  Size before punching holes st_blocks: 41272, st_blksize: 4096, st_size: 21127521
12-21 00:40:56.604  3231  3346 D FileSystemUtils: Extra field length: 6214 content near offset: 00000000000000000000000000000000000000000000000000000000000000000000000000000000000000000000000000000000000000000000000000000000000000000000000000000000000000000000000000000000000000000000000000000000000000000000000000000000000000000000000000000000000000000000000000000000000000000000000000000000000000000000000000000000000000000000000000000000000000000000000000000000000000000000000000000000000000000000000000000000000000000000000000000000000000000000000000000000000000000000000000000000000000000000000000000000000000000000000000000000000000000000000000000000000000000000000000000000000000000000000000000000000000000000000000000000000000000000000000000000000000000000000000000000000000000000000000000000000000000000000000000000000000000000000000000000000000000000000000000000000000000000000000000000000000000000000000000000000000000000000000000000000000000000000000000000000000000000000000000000000000000000000000000000000000000000000000000000000000000000000000000000000000000
12-21 00:40:56.604  3231  3346 D FileSystemUtils: Punching hole in file - start: 19902464 len:4096
12-21 00:40:56.604  3231  3346 D FileSystemUtils: punchHolesInApk:: Size after punching holes st_blocks: 41264, st_blksize: 4096, st_size: 21127521
12-21 00:40:56.604  3231  3346 D FileSystemUtils: Total number of LOAD segments 3
12-21 00:40:56.604  3231  3346 D FileSystemUtils: Size before punching holes st_blocks: 41264, st_blksize: 4096, st_size: 21127521
12-21 00:40:56.604  3231  3346 D FileSystemUtils: Size after punching holes st_blocks: 41264, st_blksize: 4096, st_size: 21127521
12-21 00:40:56.604  3231  3346 D FileSystemUtils: Extra field length: 9042,  Size before punching holes st_blocks: 41264, st_blksize: 4096, st_size: 21127521
12-21 00:40:56.604  3231  3346 D FileSystemUtils: Extra field length: 9042 content near offset: 00000000000000000000000000000000000000000000000000000000000000000000000000000000000000000000000000000000000000000000000000000000000000000000000000000000000000000000000000000000000000000000000000000000000000000000000000000000000000000000000000000000000000000000000000000000000000000000000000000000000000000000000000000000000000000000000000000000000000000000000000000000000000000000000000000000000000000000000000000000000000000000000000000000000000000000000000000000000000000000000000000000000000000000000000000000000000000000000000000000000000000000000000000000000000000000000000000000000000000000000000000000000000000000000000000000000000000000000000000000000000000000000000000000000000000000000000000000000000000000000000000000000000000000000000000000000000000000000000000000000000000000000000000000000000000000000000000000000000000000000000000000000000000000000000000000000000000000000000000000000000000000000000000000000000000000000000000000000000000000000000000000000000000
12-21 00:40:56.604  3231  3346 D FileSystemUtils: Punching hole in file - start: 19881984 len:8192
12-21 00:40:56.604  3231  3346 D FileSystemUtils: punchHolesInApk:: Size after punching holes st_blocks: 41248, st_blksize: 4096, st_size: 21127521
12-21 00:40:56.608  3231  4425 W IPCThreadState: Sending oneway calls to frozen process.
12-21 00:40:56.608  3231  4425 W IPCThreadState: Sending oneway calls to frozen process.
12-21 00:40:56.608  3231  4425 W IPCThreadState: Sending oneway calls to frozen process.
12-21 00:40:56.608  3231  4425 W IPCThreadState: Sending oneway calls to frozen process.
12-21 00:40:56.608  3231  4425 W IPCThreadState: Sending oneway calls to frozen process.
12-21 00:40:56.608  3231  4425 W IPCThreadState: Sending oneway calls to frozen process.
12-21 00:40:56.609  3231  3773 D ActivityManager: sync unfroze 3788 com.android.vending for 10
12-21 00:40:56.610 31630 31630 I Finsky:background: [2] Memory trim requested to level 40
12-21 00:40:56.610 31630 31630 I Finsky:background: [2] Memory trim requested to level 40
12-21 00:40:56.610 31630 31630 I Finsky:background: [2] Memory trim requested to level 40
12-21 00:40:56.610 31630 31630 I Finsky:background: [2] Memory trim requested to level 40
12-21 00:40:56.610 31630 31630 I Finsky:background: [2] Memory trim requested to level 40
12-21 00:40:56.610 31630 31630 I Finsky:background: [2] Memory trim requested to level 40
12-21 00:40:56.610 31630 31630 I Finsky:background: [2] Memory trim requested to level 40
12-21 00:40:56.610 31630 31630 I Finsky:background: [2] Memory trim requested to level 40
12-21 00:40:56.610 31630 31630 I Finsky:background: [2] Memory trim requested to level 40
12-21 00:40:56.610 31630 31630 I Finsky:background: [2] Memory trim requested to level 40
12-21 00:40:56.610 31630 31630 I Finsky:background: [2] Memory trim requested to level 40
12-21 00:40:56.610  3788  3788 I Finsky  : [2] Memory trim requested to level 40
12-21 00:40:56.611  3788  3788 I Finsky  : [2] Flushing in-memory image cache
12-21 00:40:56.611  3231  3773 D ActivityManager: sync unfroze 31630 com.android.vending:background for 10
12-21 00:40:56.611  3788  3788 I Finsky  : [2] Memory trim requested to level 40
12-21 00:40:56.611  3788  3788 I Finsky  : [2] Flushing in-memory image cache
12-21 00:40:56.611  3788  3788 I Finsky  : [2] Memory trim requested to level 40
12-21 00:40:56.611  3788  3788 I Finsky  : [2] Flushing in-memory image cache
12-21 00:40:56.611  3788  3788 I Finsky  : [2] Memory trim requested to level 40
12-21 00:40:56.611  3788  3788 I Finsky  : [2] Flushing in-memory image cache
12-21 00:40:56.611  3788  3788 I Finsky  : [2] Memory trim requested to level 40
12-21 00:40:56.611  3788  3788 I Finsky  : [2] Flushing in-memory image cache
12-21 00:40:56.611 31630 31823 I PlayCommon: [97] Preparing logs for uploading
12-21 00:40:56.611  3231  3773 D ActivityManager: sync unfroze 32052 com.android.vending:quick_launch for 10
12-21 00:40:56.612  3231  3773 D ActivityManager: sync unfroze 31819 com.android.vending:instant_app_installer for 10
12-21 00:40:56.612 32052 32052 I Finsky:quick_launch: [2] Memory trim requested to level 40
12-21 00:40:56.612 32052 32052 I Finsky:quick_launch: [2] Memory trim requested to level 40
12-21 00:40:56.612 32052 32052 I Finsky:quick_launch: [2] Memory trim requested to level 40
12-21 00:40:56.612 32052 32052 I Finsky:quick_launch: [2] Memory trim requested to level 40
12-21 00:40:56.612 32052 32052 I Finsky:quick_launch: [2] Memory trim requested to level 40
12-21 00:40:56.612 32052 32052 I Finsky:quick_launch: [2] Memory trim requested to level 40
12-21 00:40:56.612 32052 32052 I Finsky:quick_launch: [2] Memory trim requested to level 40
12-21 00:40:56.612 32052 32052 I Finsky:quick_launch: [2] Memory trim requested to level 40
12-21 00:40:56.612 32052 32052 I Finsky:quick_launch: [2] Memory trim requested to level 40
12-21 00:40:56.612 32052 32052 I Finsky:quick_launch: [2] Memory trim requested to level 40
12-21 00:40:56.612 32052 32052 I Finsky:quick_launch: [2] Memory trim requested to level 40
12-21 00:40:56.613  3231  4253 E JobScheduler.Background: Couldn't determine stopped state for unknown package: com.sonyericsson.settings
12-21 00:40:56.615  3231  4496 D BackgroundInstallControlService: Package event received: 0
12-21 00:40:56.616  2327  2327 I vendor.qti.hardware.servicetrackeraidl-service: bindService is called for service : com.google.android.gms/.auth.account.authenticator.GoogleAccountAuthenticatorService and for client system
12-21 00:40:56.616  2327  2327 I vendor.qti.hardware.servicetrackeraidl-service: total connections for service : com.google.android.gms/.auth.account.authenticator.GoogleAccountAuthenticatorServiceare :1
12-21 00:40:56.616  2327  2327 I vendor.qti.hardware.servicetrackeraidl-service: total connections for client : systemare :38
12-21 00:40:56.617  3231  4496 D BackgroundInstallControlService: Package event received: 0
12-21 00:40:56.620  2327  2327 I vendor.qti.hardware.servicetrackeraidl-service: bindService is called for service : com.google.android.gms/.chimera.PersistentApiService and for client com.google.android.gms.persistent
12-21 00:40:56.620  2327  2327 I vendor.qti.hardware.servicetrackeraidl-service: total connections for service : com.google.android.gms/.chimera.PersistentApiServiceare :41
12-21 00:40:56.620  2327  2327 I vendor.qti.hardware.servicetrackeraidl-service: total connections for client : com.google.android.gms.persistentare :7
12-21 00:40:56.630  3788  3788 I Finsky  : [2] VerifyApps: Install-time verification requested for package tokyo.isseikuzumaki.vibeterminal, PackageManager id = 26, Verifier id = dbd39797-72f1-40bc-8e17-68cc4d656290
