12-21 00:39:51.655  4592  4659 V WindowManagerShell:         {m=OPEN f=TRANSLUCENT|FILLS_TASK|NO_ANIMATION leash=Surface(name=ActivityRecord{25201888 u0 com.google.android.packageinstaller/com.android.packageinstaller.DeleteStagedFileOnResult)/@0x1c1537b sb=Rect(0, 0 - 0, 0) eb=Rect(0, 0 - 1080, 2340) epz=Point(1080, 2340) d=-1->0 r=-1->0:-1 bc=ff1d2024 component=com.google.android.packageinstaller/com.android.packageinstaller.DeleteStagedFileOnResult},
12-21 00:39:51.655  4592  4659 V WindowManagerShell:         {m=CLOSE f=TRANSLUCENT|FILLS_TASK|IS_OCCLUDED leash=Surface(name=ActivityRecord{83959425 u0 com.google.android.packageinstaller/com.android.packageinstaller.InstallStaging)/@0x2e23598 sb=Rect(0, 0 - 1080, 2340) eb=Rect(0, 0 - 1080, 2340) epz=Point(1080, 2340) d=0 bc=ff1d2024 component=com.google.android.packageinstaller/com.android.packageinstaller.InstallStaging}
12-21 00:39:51.655  4592  4659 V WindowManagerShell:     ]}
12-21 00:39:51.655  4592  4659 V WindowManagerShell: Transition (#1571) android.os.BinderProxy@2e2105f@0 ready while (#1570) android.os.BinderProxy@f2ec681@0 is still animating. Notify the animating transition in case they can be merged
12-21 00:39:51.655  4592  4659 V WindowManagerShell: Transition animation finished (aborted=false), notifying core (#1570) android.os.BinderProxy@f2ec681@0
12-21 00:39:51.655  3231  3343 V WindowManager: Sent Transition (#1571) createdAt=12-21 00:39:51.633 via request=TransitionRequestInfo { type = OPEN, triggerTask = TaskInfo{userId=0 taskId=5957 effectiveUid=10124 displayId=0 isRunning=true baseIntent=Intent { act=android.intent.action.VIEW dat=content://tokyo.isseikuzumaki.quickdeploy.fileprovider/... typ=application/vnd.android.package-archive flg=0x10800001 cmp=com.google.android.packageinstaller/com.android.packageinstaller.InstallStart } baseActivity=ComponentInfo{com.google.android.packageinstaller/com.android.packageinstaller.InstallStaging} topActivity=ComponentInfo{com.google.android.packageinstaller/com.android.packageinstaller.DeleteStagedFileOnResult} origActivity=null realActivity=ComponentInfo{com.google.android.packageinstaller/com.android.packageinstaller.InstallStart} numActivities=2 lastActiveTime=97798862 supportsMultiWindow=true resizeMode=1 isResizeable=true minWidth=-1 minHeight=-1 defaultMinSize=220 token=WCT{RemoteToken{64bf161 Task{8cdb04e #5957 type=standard A=10124:com.google.android.packageinstaller}}} topActivityType=1 pictureInPictureParams=null shouldDockBigOverlays=false launchIntoPipHostTaskId=-1 lastParentTaskIdBeforePip=-1 displayCutoutSafeInsets=Rect(0, 0 - 0, 0) topActivityInfo=ActivityInfo{7372fb1 com.android.packageinstaller.DeleteStagedFileOnResult} launchCookies=[] positionInParent=Point(0, 0) parentTaskId=-1 isFocused=true isVisible=true isVisibleRequested=true isTopActivityNoDisplay=false isSleeping=false locusId=null displayAreaFeatureId=1 isTopActivityTransparent=true isActivityStackTransparent=true lastNonFullscreenBounds=Rect(278, 630 - 803, 1710) capturedLink=null capturedLinkTimestamp=0 requestedVisibleTypes=-9 topActivityRequestOpenInBrowserEducationTimestamp=0 appCompatTaskInfo=AppCompatTaskInfo { topActivityInSizeCompat=false eligibleForLetterboxEducation= false isLetterboxEducationEnabled= false isLetterboxDoubleTapEnabled= false eligibleForUserAspectRatioButton= false topActivityBoundsLetterboxed= false isFromLetterboxDoubleTap= false topActivityLetterboxVerticalPosition= -1 topActivityLetterboxHorizontalPosition= -1 topActivityLetterboxWidth=-1 topActivityLetterboxHeight=-1 topActivityAppBounds=Rect(0, 0 - 1080, 2340) isUserFullscreenOverrideEnabled=false isSystemFullscreenOverrideEnabled=false hasMinAspectRatioOverride=false topActivityLetterboxBounds=null cameraCompatTaskInfo=CameraCompatTaskInfo { freeformCameraCompatMode=inactive}} topActivityMainWindowFrame=null}, pipChange = null, remoteTransition = null, displayChange = null, flags = 0, debugId = 1571 }
12-21 00:39:51.655  3231  3343 V WindowManager:     startWCT=WindowContainerTransaction { changes= {} hops= [] errorCallbackToken=null taskFragmentOrganizer=null }
12-21 00:39:51.656  3231  3348 W ActivityTaskManager: servicetracker HIDL not available
12-21 00:39:51.656  3231  3348 E ActivityTaskManager: Unable to get servicetracker HAL instance
12-21 00:39:51.656  3231  3343 V WindowManager:     info={id=1571 t=OPEN f=0x0 trk=0 r=[0@Point(0, 0)] c=[
12-21 00:39:51.656  3231  3343 V WindowManager:         {m=OPEN f=TRANSLUCENT|FILLS_TASK|NO_ANIMATION leash=Surface(name=ActivityRecord{232977617 u0 com.google.android.packageinstaller/com.android.packageinstaller.PackageInstallerActivity)/@0x3670b3b sb=Rect(0, 0 - 0, 0) eb=Rect(0, 0 - 1080, 2340) epz=Point(1080, 2340) d=-1->0 r=-1->0:-1 bc=ff1d2024 component=com.google.android.packageinstaller/com.android.packageinstaller.PackageInstallerActivity},
12-21 00:39:51.656  3231  3343 V WindowManager:         {m=OPEN f=TRANSLUCENT|FILLS_TASK|NO_ANIMATION leash=Surface(name=ActivityRecord{25201888 u0 com.google.android.packageinstaller/com.android.packageinstaller.DeleteStagedFileOnResult)/@0x3113dca sb=Rect(0, 0 - 0, 0) eb=Rect(0, 0 - 1080, 2340) epz=Point(1080, 2340) d=-1->0 r=-1->0:-1 bc=ff1d2024 component=com.google.android.packageinstaller/com.android.packageinstaller.DeleteStagedFileOnResult},
12-21 00:39:51.656  3231  3343 V WindowManager:         {m=CLOSE f=TRANSLUCENT|FILLS_TASK|IS_OCCLUDED leash=Surface(name=ActivityRecord{83959425 u0 com.google.android.packageinstaller/com.android.packageinstaller.InstallStaging)/@0x8f77535 sb=Rect(0, 0 - 1080, 2340) eb=Rect(0, 0 - 1080, 2340) epz=Point(1080, 2340) d=0 bc=ff1d2024 component=com.google.android.packageinstaller/com.android.packageinstaller.InstallStaging}
12-21 00:39:51.656  3231  3343 V WindowManager:     ]}
12-21 00:39:51.656  4592  4659 V WindowManagerShell: Playing animation for (#1571) android.os.BinderProxy@2e2105f@0
12-21 00:39:51.656  3231  3348 W ActivityTaskManager: servicetracker HIDL not available
12-21 00:39:51.656  3231  3348 E ActivityTaskManager: Unable to get servicetracker HAL instance
12-21 00:39:51.656  3231  3343 V WindowManager: Finish Transition (#1570): created at 12-21 00:39:51.537 collect-started=0.047ms request-sent=4.216ms started=6.881ms ready=39.495ms sent=62.469ms commit=5.175ms finished=118.115ms
12-21 00:39:51.656  4592  4659 V ShellRecents: RecentsTransitionHandler.startAnimation: no controller found
12-21 00:39:51.656  3231  3348 W ActivityTaskManager: servicetracker HIDL not available
12-21 00:39:51.656  3231  3348 E ActivityTaskManager: Unable to get servicetracker HAL instance
12-21 00:39:51.656  4592  4659 V WindowManagerShell: Transition doesn't have explicit remote, search filters for match for {id=1571 t=OPEN f=0x0 trk=0 r=[0@Point(0, 0)] c=[{m=OPEN f=TRANSLUCENT|FILLS_TASK|NO_ANIMATION leash=Surface(name=ActivityRecord{232977617 u0 com.google.android.packageinstaller/com.android.packageinstaller.PackageInstallerActivity)/@0x3427f0a sb=Rect(0, 0 - 0, 0) eb=Rect(0, 0 - 1080, 2340) epz=Point(1080, 2340) d=-1->0 r=-1->0:-1 bc=ff1d2024 component=com.google.android.packageinstaller/com.android.packageinstaller.PackageInstallerActivity},{m=OPEN f=TRANSLUCENT|FILLS_TASK|NO_ANIMATION leash=Surface(name=ActivityRecord{25201888 u0 com.google.android.packageinstaller/com.android.packageinstaller.DeleteStagedFileOnResult)/@0x1c1537b sb=Rect(0, 0 - 0, 0) eb=Rect(0, 0 - 1080, 2340) epz=Point(1080, 2340) d=-1->0 r=-1->0:-1 bc=ff1d2024 component=com.google.android.packageinstaller/com.android.packageinstaller.DeleteStagedFileOnResult},{m=CLOSE f=TRANSLUCENT|FILLS_TASK|IS_OCCLUDED leash=Surface(name=ActivityRecord{83959425 u0 com.google.android.packageinstaller/com.android.packageinstaller.InstallStaging)/@0x2e23598 sb=Rect(0, 0 - 1080, 2340) eb=Rect(0, 0 - 1080, 2340) epz=Point(1080, 2340) d=0 bc=ff1d2024 component=com.google.android.packageinstaller/com.android.packageinstaller.InstallStaging}]}
12-21 00:39:51.656  3231  3348 W ActivityTaskManager: servicetracker HIDL not available
12-21 00:39:51.656  3231  3348 E ActivityTaskManager: Unable to get servicetracker HAL instance
12-21 00:39:51.656  4592  4659 V WindowManagerShell:  Checking filter Pair{{types=[] flags=0x0] notFlags=0x100 checks=[{atype=home independent=true modes=[OPEN,TO_FRONT] flags=NONE mustBeTask=false order=TOP topActivity=ComponentInfo{com.sonymobile.launcher/com.sonymobile.launcher.XperiaLauncher} launchCookie=null windowingMode=undefined},{atype=standard independent=true modes=[CLOSE,TO_BACK] flags=NONE mustBeTask=false order=ANY topActivity=null launchCookie=null windowingMode=undefined},{NOT atype=undefined independent=true modes=[] flags=NONE mustBeTask=true order=ANY topActivity=null launchCookie=null customAnim=true windowingMode=undefined}]} RemoteTransition { remoteTransition = android.window.IRemoteTransition$Stub$Proxy@8644143, appThread = android.app.IApplicationThread$Stub$Proxy@b6463c0, debugName = QuickstepLaunchHome }}
12-21 00:39:51.656  4592  4659 V WindowManagerShell:  Delegate animation for (#1571) to null
12-21 00:39:51.656  4592  4659 V WindowManagerShell: start default transition animation, info = {id=1571 t=OPEN f=0x0 trk=0 r=[0@Point(0, 0)] c=[{m=OPEN f=TRANSLUCENT|FILLS_TASK|NO_ANIMATION leash=Surface(name=ActivityRecord{232977617 u0 com.google.android.packageinstaller/com.android.packageinstaller.PackageInstallerActivity)/@0x3427f0a sb=Rect(0, 0 - 0, 0) eb=Rect(0, 0 - 1080, 2340) epz=Point(1080, 2340) d=-1->0 r=-1->0:-1 bc=ff1d2024 component=com.google.android.packageinstaller/com.android.packageinstaller.PackageInstallerActivity},{m=OPEN f=TRANSLUCENT|FILLS_TASK|NO_ANIMATION leash=Surface(name=ActivityRecord{25201888 u0 com.google.android.packageinstaller/com.android.packageinstaller.DeleteStagedFileOnResult)/@0x1c1537b sb=Rect(0, 0 - 0, 0) eb=Rect(0, 0 - 1080, 2340) epz=Point(1080, 2340) d=-1->0 r=-1->0:-1 bc=ff1d2024 component=com.google.android.packageinstaller/com.android.packageinstaller.DeleteStagedFileOnResult},{m=CLOSE f=TRANSLUCENT|FILLS_TASK|IS_OCCLUDED leash=Surface(name=ActivityRecord{83959425 u0 com.google.android.packageinstaller/com.android.packageinstaller.InstallStaging)/@0x2e23598 sb=Rect(0, 0 - 1080, 2340) eb=Rect(0, 0 - 1080, 2340) epz=Point(1080, 2340) d=0 bc=ff1d2024 component=com.google.android.packageinstaller/com.android.packageinstaller.InstallStaging}]}
12-21 00:39:51.656  4592  4659 V WindowManagerShell: Transition animation finished (aborted=false), notifying core (#1571) android.os.BinderProxy@2e2105f@0
12-21 00:39:51.656  3231  3343 V WindowManager: Finish Transition (#1571): created at 12-21 00:39:51.633 collect-started=0.016ms request-sent=2.672ms started=7.8ms ready=8.258ms sent=21.095ms finished=23.069ms
12-21 00:39:51.657  4592  4659 V WindowManagerShell: Track 0 became idle
12-21 00:39:51.657  4592  4659 V WindowManagerShell: All active transition animations finished
12-21 00:39:51.657  4592  4659 V WindowManagerShell:  animated by com.android.wm.shell.transition.DefaultTransitionHandler@b5aafea
12-21 00:39:51.657  4592  4659 V WindowManagerShell: Track 0 became idle
12-21 00:39:51.657  4592  4659 V WindowManagerShell: All active transition animations finished
12-21 00:39:51.657  3231  3348 W ActivityTaskManager: servicetracker HIDL not available
12-21 00:39:51.657  3231  3348 E ActivityTaskManager: Unable to get servicetracker HAL instance
12-21 00:39:51.657  3231  3348 W ActivityTaskManager: servicetracker HIDL not available
12-21 00:39:51.657  3231  3348 E ActivityTaskManager: Unable to get servicetracker HAL instance
12-21 00:39:51.657  3231  3348 W ActivityTaskManager: servicetracker HIDL not available
12-21 00:39:51.657  3231  3348 E ActivityTaskManager: Unable to get servicetracker HAL instance
12-21 00:39:51.657  3231  3348 W ActivityTaskManager: servicetracker HIDL not available
12-21 00:39:51.657  3231  3348 E ActivityTaskManager: Unable to get servicetracker HAL instance
12-21 00:39:51.658  3231  7155 W ActivityTaskManager: servicetracker HIDL not available
12-21 00:39:51.658  3231  7155 E ActivityTaskManager: Unable to get servicetracker HAL instance
12-21 00:39:51.658  3231  7155 W ActivityTaskManager: servicetracker HIDL not available
12-21 00:39:51.658  3231  7155 E ActivityTaskManager: Unable to get servicetracker HAL instance
12-21 00:39:51.659  3231  4496 D BackgroundInstallControlService: Package event received: 0
12-21 00:39:51.659  3231  6685 D CoreBackPreview: Window{4bce80 u0 com.google.android.packageinstaller/com.android.packageinstaller.InstallStaging}: Setting back callback null
12-21 00:39:51.660  3231  7155 D CoreBackPreview: Window{444ed98 u0 com.google.android.packageinstaller/com.android.packageinstaller.InstallStaging}: Setting back callback null
12-21 00:39:51.661  3231  7155 W ActivityTaskManager: servicetracker HIDL not available
12-21 00:39:51.661  3231  7155 E ActivityTaskManager: Unable to get servicetracker HAL instance
12-21 00:39:51.661  3231  7155 W ActivityTaskManager: servicetracker HIDL not available
12-21 00:39:51.661  3231  7155 E ActivityTaskManager: Unable to get servicetracker HAL instance
12-21 00:39:51.661  3231  4496 D BackgroundInstallControlService: Package event received: 0
12-21 00:39:54.342  3231  4496 D BackgroundInstallControlService: Package event received: 0
12-21 00:39:55.014  3231  4275 D ActivityManager: freezing 26734 com.google.android.apps.wellbeing
12-21 00:40:05.510  3231  4910 W ActivityManager: Foreground service started from background can not have location/camera/microphone access: service com.spotify.music/com.spotify.app.music.service.SpotifyService
12-21 00:40:05.516  3231  7155 W ActivityManager: Foreground service started from background can not have location/camera/microphone access: service com.spotify.music/com.spotify.app.music.service.SpotifyService
12-21 00:40:05.990  1288 31565 I keystore2: system/security/keystore2/watchdog/src/lib.rs:377 - Watchdog thread idle -> terminating. Have a great day.
12-21 00:40:08.376  3231  3449 V AttentionDetector: Checking user attention, ID: 232
12-21 00:40:08.379  3231  4496 D BackgroundInstallControlService: Package event received: 0
12-21 00:40:08.590  2353  2353 I "libdevice_security_static": get_secure_data.cpp:63    secure_state: LIVE
12-21 00:40:08.590  2353  2353 I "libdevice_security_static": get_secure_data.cpp:76    ro.boot.verifiedbootstate: green
12-21 00:40:08.628  3231  3348 I DisplayDeviceRepository: Display device changed render timings: "内蔵スクリーン", renderFrameRate=60.000004, presentationDeadlineNanos=16666666, appVsyncOffsetNanos=1000000, frameRateOverrides=[]
12-21 00:40:08.628  3231  3344 D WindowManager: DeferredDisplayUpdater: partially applying DisplayInfo(1080 x 2340) immediately
12-21 00:40:09.201  3231  4910 V AttentionDetector: onSuccess: 0, ID: 232
12-21 00:40:09.384  3231  3348 I DisplayDeviceRepository: Display device changed render timings: "内蔵スクリーン", renderFrameRate=120.00001, presentationDeadlineNanos=11333333, appVsyncOffsetNanos=1000000, frameRateOverrides=[]
12-21 00:40:09.384  3231  3344 D WindowManager: DeferredDisplayUpdater: partially applying DisplayInfo(1080 x 2340) immediately
12-21 00:40:09.850  3231  4797 W WindowManager: App com.sonymobile.sidesenseapp has a system alert window (type = 2038) with FLAG_NOT_TOUCHABLE and LayoutParams.alpha = 1.00 > 0.80, setting alpha to 0.80 to let touches pass through (if this is isn't desirable, remove flag FLAG_NOT_TOUCHABLE).
12-21 00:40:09.863  3231  4797 W WindowManager: App com.sonymobile.sidesenseapp has a system alert window (type = 2038) with FLAG_NOT_TOUCHABLE and LayoutParams.alpha = 1.00 > 0.80, setting alpha to 0.80 to let touches pass through (if this is isn't desirable, remove flag FLAG_NOT_TOUCHABLE).
12-21 00:40:10.377  3231  3449 V DisplayPowerController[0]: Brightness [4.662536E-4] reason changing to: 'automatic [ dim ]', previous reason: 'automatic'.
12-21 00:40:10.377  3231  3449 I DisplayPowerController[0]: BrightnessEvent: brt=4.662536E-4 (5.0%), nits= 1.5766115, lux=262.7036, reason=automatic [ dim ], strat=AutomaticBrightnessStrategy, state=ON, stateReason=DEFAULT_POLICY, policy=DIM, flags=, initBrt=0.040466253, rcmdBrt=0.040466253, preBrt=NaN, preLux=NaN, wasShortTermModelActive=false, autoBrightness=true (default), unclampedBrt=0.040466253, hbmMax=0.6459397, hbmMode=off, thrmMax=1.0, rbcStrength=50, powerFactor=1.0, physDisp=内蔵スクリーン(local:147), logicalId=0, slowChange=false, rampSpeed=0.5
12-21 00:40:12.689  3231  7155 W ActivityManager: Foreground service started from background can not have location/camera/microphone access: service com.spotify.music/com.spotify.app.music.service.SpotifyService
12-21 00:40:12.697  3231  7155 W ActivityManager: Foreground service started from background can not have location/camera/microphone access: service com.spotify.music/com.spotify.app.music.service.SpotifyService
12-21 00:40:17.876  3231  3449 I PowerGroup: Napping power group (groupId=0, uid=1000)...
12-21 00:40:17.876  3231  3449 I PowerManagerService: Nap time (uid 1000)...
12-21 00:40:17.876  3231  3449 I PowerGroup: Powering off display group due to timeout (groupId= 0, uid= 1000, millisSinceLastUserActivity=30001, lastUserActivityEvent=touch)...
12-21 00:40:17.878  3231  3449 I PowerManagerService: Going to sleep due to timeout (uid 1000, screenOffTimeout=30000, activityTimeoutWM=-1, maxDimRatio=0.25, maxDimDur=15000)...
12-21 00:40:17.879  3231  4496 D BackgroundInstallControlService: Package event received: 0
12-21 00:40:17.885  3231  4496 D BackgroundInstallControlService: Package event received: 0
12-21 00:40:17.890  3231  4910 D BiometricUtils: isEncrypted: false isLockdown: false
12-21 00:40:17.890  3231  4489 D BiometricScheduler: [Added] {[239] com.android.server.biometrics.sensors.fingerprint.aidl.FingerprintAuthenticationClient, proto=3, owner=com.android.systemui, cookie=0, requestId=188, userId=0}, new queue size: 1
12-21 00:40:17.890  3231  4489 D BiometricScheduler: [Polled] {[239] com.android.server.biometrics.sensors.fingerprint.aidl.FingerprintAuthenticationClient, proto=3, owner=com.android.systemui, cookie=0, requestId=188, userId=0}, State: 0
12-21 00:40:17.890  3231  4489 D GestureAvailabilityTracker: Notifying gesture availability, active=false
12-21 00:40:17.890  3231  4489 D BiometricScheduler: [Started] {[239] com.android.server.biometrics.sensors.fingerprint.aidl.FingerprintAuthenticationClient, proto=3, owner=com.android.systemui, cookie=0, requestId=188, userId=0}
12-21 00:40:17.890  3231  4489 D BiometricStateCallback: State updated from 0 to 2, client {[239] com.android.server.biometrics.sensors.fingerprint.aidl.FingerprintAuthenticationClient, proto=3, owner=com.android.systemui, cookie=0, requestId=188, userId=0}
12-21 00:40:17.890  3231  4489 D Biometrics/AuthenticationClient: Requesting auth for com.android.systemui
12-21 00:40:17.891  3231  4489 V BiometricSchedulerOperation: started: {[239] com.android.server.biometrics.sensors.fingerprint.aidl.FingerprintAuthenticationClient, proto=3, owner=com.android.systemui, cookie=0, requestId=188, userId=0}, State: 2
12-21 00:40:17.897  3231  3449 V DisplayPowerController[0]: Brightness [0.040466253] reason changing to: 'automatic', previous reason: 'automatic [ dim ]'.
12-21 00:40:17.897  3231  3449 I DisplayPowerController[0]: BrightnessEvent: brt=0.040466253 (43.0%), nits= 50.17569, lux=262.7036, reason=automatic, strat=AutomaticBrightnessStrategy, state=ON, stateReason=DEFAULT_POLICY, policy=OFF, flags=, initBrt=4.662536E-4, rcmdBrt=0.040466253, preBrt=NaN, preLux=NaN, wasShortTermModelActive=false, autoBrightness=true (default), unclampedBrt=0.040466253, hbmMax=0.6459397, hbmMode=off, thrmMax=1.0, rbcStrength=50, powerFactor=1.0, physDisp=内蔵スクリーン(local:147), logicalId=0, slowChange=false, rampSpeed=0.0
12-21 00:40:17.969  3231  4253 E JobScheduler.Background: Couldn't determine stopped state for unknown package: com.sonyericsson.settings
12-21 00:40:18.330  3231  3449 I DisplayPowerController[0]: Blocking screen off
12-21 00:40:18.343  3231  3449 D WindowManager: Create SleepToken: tag=Display-off, displayId=0
12-21 00:40:18.344  3231  3449 D ActivityTaskManager: Top Process State changed to PROCESS_STATE_TOP_SLEEPING
12-21 00:40:18.344  3231  3449 W ActivityTaskManager: servicetracker HIDL not available
12-21 00:40:18.345  3231  3449 E ActivityTaskManager: Unable to get servicetracker HAL instance
12-21 00:40:18.346  3231  3348 W ActivityTaskManager: servicetracker HIDL not available
12-21 00:40:18.346  3231  3348 E ActivityTaskManager: Unable to get servicetracker HAL instance
12-21 00:40:18.347  3231  3348 W ActivityTaskManager: servicetracker HIDL not available
12-21 00:40:18.347  3231  3348 E ActivityTaskManager: Unable to get servicetracker HAL instance
12-21 00:40:18.347  3231  3449 I DisplayPowerController[0]: Unblocked screen off after 18 ms
12-21 00:40:18.348  3231  7456 W ActivityTaskManager: servicetracker HIDL not available
12-21 00:40:18.348  3231  7456 E ActivityTaskManager: Unable to get servicetracker HAL instance
12-21 00:40:18.349  3231  3348 W ActivityTaskManager: servicetracker HIDL not available
12-21 00:40:18.349  3231  3348 E ActivityTaskManager: Unable to get servicetracker HAL instance
12-21 00:40:18.349  3231  3348 W ActivityTaskManager: servicetracker HIDL not available
12-21 00:40:18.349  3231  3348 E ActivityTaskManager: Unable to get servicetracker HAL instance
12-21 00:40:18.349  3231  3348 W ActivityTaskManager: servicetracker HIDL not available
12-21 00:40:18.349  3231  3348 E ActivityTaskManager: Unable to get servicetracker HAL instance
12-21 00:40:18.349  3231  3348 W ActivityTaskManager: servicetracker HIDL not available
12-21 00:40:18.349  3231  3348 E ActivityTaskManager: Unable to get servicetracker HAL instance
12-21 00:40:18.349  3231  3449 I DisplayBrightnessStrategySelector: Changing the DisplayBrightnessStrategy from AutomaticBrightnessStrategy to ScreenOffBrightnessStrategy for display 0
12-21 00:40:18.350  3231  3449 V DisplayPowerController[0]: Brightness [0.0] reason changing to: 'screen_off', previous reason: 'automatic'.
12-21 00:40:18.350  3231  3449 I DisplayPowerController[0]: BrightnessEvent: brt=0.0 (0.0%), nits= 1.0, lux=-1.0, reason=screen_off, strat=ScreenOffBrightnessStrategy, state=OFF, stateReason=DEFAULT_POLICY, policy=OFF, flags=, initBrt=0.040466253, rcmdBrt=NaN, preBrt=NaN, preLux=0.0, wasShortTermModelActive=false, autoBrightness=true (default), unclampedBrt=-1.0, hbmMax=0.6459397, hbmMode=off, thrmMax=1.0, rbcStrength=50, powerFactor=1.0, physDisp=内蔵スクリーン(local:147), logicalId=0, slowChange=false, rampSpeed=0.0
12-21 00:40:18.350  3231  3348 I DisplayDeviceRepository: Display device changed state: "内蔵スクリーン", OFF
12-21 00:40:18.351  3231  3449 D BrightnessThermalClamper: Thermal status observer already started
12-21 00:40:18.351  3231  7456 W AutofillManagerServiceImpl: getFillEventHistory() called by UID 10181, but service UID is 10201
12-21 00:40:18.351  3231  3344 D WindowManager: DeferredDisplayUpdater: partially applying DisplayInfo(1080 x 2340) immediately
12-21 00:40:18.352  3231  3344 I DisplayDevice: [0] Layerstack set to -1 for local:147
12-21 00:40:18.354  3231  4496 D BackgroundInstallControlService: Package event received: 0
12-21 00:40:18.383  3231  7421 W ActivityTaskManager: servicetracker HIDL not available
12-21 00:40:18.383  3231  7421 E ActivityTaskManager: Unable to get servicetracker HAL instance
12-21 00:40:18.383  3231  7421 W ActivityTaskManager: servicetracker HIDL not available
12-21 00:40:18.383  3231  7421 E ActivityTaskManager: Unable to get servicetracker HAL instance
12-21 00:40:18.383  3231  4496 D BackgroundInstallControlService: Package event received: 0
12-21 00:40:18.388  3231  4799 W ActivityTaskManager: servicetracker HIDL not available
12-21 00:40:18.388  3231  4799 E ActivityTaskManager: Unable to get servicetracker HAL instance
12-21 00:40:18.388  3231  4799 W ActivityTaskManager: servicetracker HIDL not available
12-21 00:40:18.388  3231  4799 E ActivityTaskManager: Unable to get servicetracker HAL instance
12-21 00:40:18.389  3231  4496 D BackgroundInstallControlService: Package event received: 0
12-21 00:40:18.389  3231  4799 W ActivityTaskManager: servicetracker HIDL not available
12-21 00:40:18.389  3231  4799 E ActivityTaskManager: Unable to get servicetracker HAL instance
12-21 00:40:18.389  3231  4799 W ActivityTaskManager: servicetracker HIDL not available
12-21 00:40:18.389  3231  4799 E ActivityTaskManager: Unable to get servicetracker HAL instance
12-21 00:40:18.389  3231  4496 D BackgroundInstallControlService: Package event received: 0
12-21 00:40:18.530  3231  3449 I DreamManagerService: Entering dreamland.
12-21 00:40:18.530  3231  3449 I PowerManagerService: Dozing...
12-21 00:40:18.531  3231  3343 I DreamController: Starting dream: name=ComponentInfo{com.android.systemui/com.android.systemui.doze.DozeService}, isPreviewMode=false, canDoze=true, userId=0, reason='power manager request'
12-21 00:40:18.532  3231  4496 D BackgroundInstallControlService: Package event received: 0
12-21 00:40:18.538  3231  7421 D WindowManager: Create SleepToken: tag=keyguard, displayId=0
12-21 00:40:18.541  4592  4592 D InsetsController: Setting requestedVisibleTypes to -11 (was -9)
12-21 00:40:18.545  4592  4592 V DreamService[DozeService]: UpdateDoze mDozeScreenState=1 mDozeScreenBrightness=11 mDozeScreenBrightnessFloat=NaN
12-21 00:40:18.545  3231  8113 D DreamManagerService: Dream requested to start dozing: android.os.Binder@b0adafa, screenState=OFF, reason=UNKNOWN, screenBrightnessFloat=NaN, screenBrightnessInt=11, useNormalBrightnessForDoze=false
12-21 00:40:18.546  3231  3449 I DisplayPowerController[0]: BrightnessEvent: brt=0.0 (0.0%), nits= 1.0, lux=-1.0, reason=screen_off, strat=ScreenOffBrightnessStrategy, state=OFF, stateReason=UNKNOWN, policy=DOZE, flags=, initBrt=0.0, rcmdBrt=NaN, preBrt=NaN, preLux=0.0, wasShortTermModelActive=false, autoBrightness=true (default), unclampedBrt=-1.0, hbmMax=0.6459397, hbmMode=off, thrmMax=1.0, rbcStrength=50, powerFactor=1.0, physDisp=内蔵スクリーン(local:147), logicalId=0, slowChange=false, rampSpeed=0.0
12-21 00:40:18.549  3231  3231 I PowerManagerService: onFlip(): Face up.
12-21 00:40:18.552  3231  4487 I MR2ServiceImpl: Updating composite discovery preference | preference: RouteDiscoveryRequest{ preferredFeatures={}, activeScan=false }, active routers: []
12-21 00:40:18.571  4592  4592 V DreamService[DozeService]: UpdateDoze mDozeScreenState=1 mDozeScreenBrightness=11 mDozeScreenBrightnessFloat=NaN
12-21 00:40:18.571  4592  4592 V DreamService[DozeService]: UpdateDoze mDozeScreenState=1 mDozeScreenBrightness=11 mDozeScreenBrightnessFloat=NaN
12-21 00:40:18.571  3231  4910 D DreamManagerService: Dream requested to start dozing: android.os.Binder@b0adafa, screenState=OFF, reason=UNKNOWN, screenBrightnessFloat=NaN, screenBrightnessInt=11, useNormalBrightnessForDoze=false
12-21 00:40:18.571  3231  4910 D DreamManagerService: Dream requested to start dozing: android.os.Binder@b0adafa, screenState=OFF, reason=UNKNOWN, screenBrightnessFloat=NaN, screenBrightnessInt=11, useNormalBrightnessForDoze=false
12-21 00:40:18.578  3231  4797 D SystemServerTiming: getUserSwitchability-0
12-21 00:40:18.578  3231  7155 D SystemServerTiming: getUserSwitchability-0
12-21 00:40:18.578  3231  7155 D SystemServerTiming: TM.isInCall
12-21 00:40:18.578  3231  4797 D SystemServerTiming: TM.isInCall
12-21 00:40:18.578  3231  7155 D SystemServerTiming: hasUserRestriction-DISALLOW_USER_SWITCH
12-21 00:40:18.578  3231  7155 D SystemServerTiming: getInt-ALLOW_USER_SWITCHING_WHEN_SYSTEM_USER_LOCKED
12-21 00:40:18.578  3231  7155 D SystemServerTiming: isUserUnlocked-USER_SYSTEM
12-21 00:40:18.578  3231  4797 D SystemServerTiming: hasUserRestriction-DISALLOW_USER_SWITCH
12-21 00:40:18.578  3231  4797 D SystemServerTiming: getInt-ALLOW_USER_SWITCHING_WHEN_SYSTEM_USER_LOCKED
12-21 00:40:18.578  3231  4797 D SystemServerTiming: isUserUnlocked-USER_SYSTEM
12-21 00:40:19.347  4592  4659 V WindowManagerShell: Transition requested (#1572): android.os.BinderProxy@deab94e TransitionRequestInfo { type = SLEEP, triggerTask = null, pipChange = null, remoteTransition = null, displayChange = null, flags = 0, debugId = 1572 }
12-21 00:40:19.347  3231  3343 V WindowManager: Sent Transition (#1572) createdAt=12-21 00:40:19.346 via request=TransitionRequestInfo { type = SLEEP, triggerTask = null, pipChange = null, remoteTransition = null, displayChange = null, flags = 0, debugId = 1572 }
12-21 00:40:19.347  3231  3343 V WindowManager:     startWCT=null
12-21 00:40:19.347  4592  5453 V WindowManagerShell: onTransitionReady(transaction=13877039464007)
12-21 00:40:19.347  3231  3343 V WindowManager:     info={id=1572 t=SLEEP f=0x0 trk=0 r=[] c=[]}
12-21 00:40:19.349  3231  8113 W Transition: Transition already started id=1572 state=2
12-21 00:40:19.349  4592  4659 V WindowManagerShell: onTransitionReady (#1572) android.os.BinderProxy@deab94e: {id=1572 t=SLEEP f=0x0 trk=0 r=[] c=[]}
12-21 00:40:19.349  4592  4659 V WindowManagerShell: No transition roots in (#1572) android.os.BinderProxy@deab94e@0 so abort
12-21 00:40:19.350  4592  4659 V WindowManagerShell: Transition animation finished (aborted=true), notifying core (#1572) android.os.BinderProxy@deab94e@0
12-21 00:40:19.351  3231  3343 V WindowManager: Finish Transition (#1572): created at 12-21 00:40:19.346 collect-started=0.235ms request-sent=0.279ms started=0.61ms ready=0.604ms sent=0.75ms finished=4.441ms
12-21 00:40:19.351  4592  4659 V WindowManagerShell: Track 0 became idle
12-21 00:40:19.351  4592  4659 V WindowManagerShell: All active transition animations finished
12-21 00:40:19.884  3231  4487 I MR2ServiceImpl: Updating composite discovery preference | preference: RouteDiscoveryRequest{ preferredFeatures={}, activeScan=false }, active routers: []
12-21 00:40:22.892  3231  4253 E JobScheduler.Background: Couldn't determine stopped state for unknown package: com.sonyericsson.settings
12-21 00:40:22.896  3231  4496 D BackgroundInstallControlService: Package event received: 0
12-21 00:40:22.897  1288 11244 I keystore2: system/security/keystore2/src/authorization.rs:153 - on_device_locked(user_id=0, unlocking_sids=[-1234966399769388971], weak_unlock_enabled=false)
12-21 00:40:22.911  3231  7421 D SystemServerTiming: getUserSwitchability-0
12-21 00:40:22.911  3231  7421 D SystemServerTiming: TM.isInCall
12-21 00:40:22.911  3231  7421 D SystemServerTiming: hasUserRestriction-DISALLOW_USER_SWITCH
12-21 00:40:22.911  3231  7421 D SystemServerTiming: getInt-ALLOW_USER_SWITCHING_WHEN_SYSTEM_USER_LOCKED
12-21 00:40:22.911  3231  7421 D SystemServerTiming: isUserUnlocked-USER_SYSTEM
12-21 00:40:22.925  1288 11244 I keystore2: system/security/keystore2/src/super_key.rs:973 - UnlockedDeviceRequired super keys for user 0 are biometric-encrypted.
12-21 00:40:24.741  3231  3394 D ActivityManager: sync unfroze 8151 jp.co.smbc.direct for 3
12-21 00:40:24.744  3231  3394 D ActivityManager: sync unfroze 8389 com.google.android.webview:sandboxed_process0:org.chromium.content.app.SandboxedProcessService0:0 for 3
12-21 00:40:28.584  3231  4275 D ActivityManager: freezing 5763 com.sonymobile.settings
12-21 00:40:30.396  3231  4275 D ActivityManager: freezing 17480 com.google.android.apps.messaging
12-21 00:40:32.899  3231  4253 E JobScheduler.Background: Couldn't determine stopped state for unknown package: com.sonyericsson.settings
12-21 00:40:34.819  3231  4275 D ActivityManager: freezing 8151 jp.co.smbc.direct
12-21 00:40:39.291  1288 32391 I keystore2: system/security/keystore2/watchdog/src/lib.rs:377 - Watchdog thread idle -> terminating. Have a great day.
12-21 00:40:54.321  3231  4489 V Biometrics/AcquisitionClient: Acquired: 7 0, shouldSend: true
12-21 00:40:54.421  3231  4489 V Biometrics/AcquisitionClient: Acquired: 5 0, shouldSend: true
12-21 00:40:55.022  3231  4489 V Biometrics/AcquisitionClient: Acquired: 7 0, shouldSend: true
12-21 00:40:55.156  3231  4489 V Biometrics/AcquisitionClient: Acquired: 0 0, shouldSend: true
12-21 00:40:55.156  3231  4489 V BiometricLogger: Authentication latency: 134
12-21 00:40:55.159  3231  4487 I MR2ServiceImpl: Updating composite discovery preference | preference: RouteDiscoveryRequest{ preferredFeatures={}, activeScan=false }, active routers: []
12-21 00:40:55.159  3231  4489 V ALSProbe: Enable ALS: 110380078
12-21 00:40:55.160  3231  4489 V Biometrics/AuthenticationClient: onAuthenticated(true), ID:1, Owner: com.android.systemui, isBP: false, listener: com.android.server.biometrics.sensors.ClientMonitorCallbackConverter@8cbb95c, requireConfirmation: false, user: 0, clientMonitor: {[239] com.android.server.biometrics.sensors.fingerprint.aidl.FingerprintAuthenticationClient, proto=3, owner=com.android.systemui, cookie=0, requestId=188, userId=0}
12-21 00:40:55.160  3231  4489 W Biometrics/AuthenticationClient: Allowing background authentication, this is allowed only for platform or test invocations
12-21 00:40:55.160  3231  4489 D BaseClientMonitor: marking operation as done: {[239] com.android.server.biometrics.sensors.fingerprint.aidl.FingerprintAuthenticationClient, proto=3, owner=com.android.systemui, cookie=0, requestId=188, userId=0}
12-21 00:40:55.160  1288  1307 I keystore2: system/security/keystore2/src/authorization.rs:112 - add_auth_token(challenge=0, userId=-1703487621089618258, authId=-1234966399769388971, authType=0x2, timestamp=97867475ms)
12-21 00:40:55.161  3231  4489 D Biometrics/AuthenticationClient: addAuthToken succeeded
12-21 00:40:55.161  3231  4489 D BiometricStateCallback: Client finished, state updated to 0, client {[239] com.android.server.biometrics.sensors.fingerprint.aidl.FingerprintAuthenticationClient, proto=3, owner=com.android.systemui, cookie=0, requestId=188, userId=0}
12-21 00:40:55.162  3231  4489 D BiometricSchedulerOperation: [Finished / destroy]: {[239] com.android.server.biometrics.sensors.fingerprint.aidl.FingerprintAuthenticationClient, proto=3, owner=com.android.systemui, cookie=0, requestId=188, userId=0}
12-21 00:40:55.162  3231  4489 D FingerprintAuthenticationClient: Lockout is implemented by the HAL
12-21 00:40:55.162  3231  4489 D BiometricScheduler: [Finishing] {[239] com.android.server.biometrics.sensors.fingerprint.aidl.FingerprintAuthenticationClient, proto=3, owner=com.android.systemui, cookie=0, requestId=188, userId=0}, success: true
12-21 00:40:55.162  3231  4489 D GestureAvailabilityTracker: Notifying gesture availability, active=true
12-21 00:40:55.162  3231  4489 D BiometricScheduler: No operations, returning to idle
12-21 00:40:55.163  1288  1307 I keystore2: system/security/keystore2/src/authorization.rs:126 - on_device_unlocked(user_id=0, password.is_some()=false)
12-21 00:40:55.166  4592  4592 D InsetsController: Setting requestedVisibleTypes to -9 (was -11)
12-21 00:40:55.170  3231  7456 I PowerGroup: Waking up power group from Dozing (groupId=0, uid=10293, reason=WAKE_REASON_BIOMETRIC, details=android.policy:BIOMETRIC)...
12-21 00:40:55.170  3231  7456 I PowerManagerService: Waking up from Dozing (uid=10293, reason=WAKE_REASON_BIOMETRIC, details=android.policy:BIOMETRIC)...
12-21 00:40:55.171  3231  3449 I DisplayPowerController[0]: Blocking screen on until initial contents have been drawn.
12-21 00:40:55.171  3231  3449 D WindowManager: Remove SleepToken: tag=Display-off, displayId=0
12-21 00:40:55.171  3231  3449 I DisplayPowerController: Window Manager Policy screenTurningOn complete
12-21 00:40:55.172  3231  4496 D BackgroundInstallControlService: Package event received: 0
12-21 00:40:55.173  3231  4496 D BackgroundInstallControlService: Package event received: 0
12-21 00:40:55.173  3231  4910 D ActivityManager: sync unfroze 5763 com.sonymobile.settings for 6
12-21 00:40:55.173  3231  3449 I DisplayBrightnessStrategySelector: Changing the DisplayBrightnessStrategy from ScreenOffBrightnessStrategy to FallbackBrightnessStrategy for display 0
12-21 00:40:55.174  3231  3449 V DisplayPowerController[0]: Brightness [0.040466253] reason changing to: 'manual', previous reason: 'screen_off'.
12-21 00:40:55.174  3231  3449 I DisplayPowerController[0]: BrightnessEvent: brt=0.040466253 (43.0%), nits= 50.17569, lux=-1.0, reason=manual, strat=FallbackBrightnessStrategy, state=ON, stateReason=DEFAULT_POLICY, policy=BRIGHT, flags=, initBrt=0.0, rcmdBrt=NaN, preBrt=NaN, preLux=0.0, wasShortTermModelActive=false, autoBrightness=true (default), unclampedBrt=0.040466253, hbmMax=0.6459397, hbmMode=off, thrmMax=1.0, rbcStrength=50, powerFactor=1.0, physDisp=内蔵スクリーン(local:147), logicalId=0, slowChange=false, rampSpeed=0.0
12-21 00:40:55.175  3231  3348 I DisplayDeviceRepository: Display device changed state: "内蔵スクリーン", ON
12-21 00:40:55.175  3231  3449 D BrightnessThermalClamper: Thermal status observer already started
12-21 00:40:55.177  3231  3344 D WindowManager: DeferredDisplayUpdater: partially applying DisplayInfo(1080 x 2340) immediately
12-21 00:40:55.178  3231  3344 I DisplayDevice: [0] Layerstack set to 0 for local:147
12-21 00:40:55.180  3231  4205 D WindowManager: Remove SleepToken: tag=keyguard, displayId=0
12-21 00:40:55.180  3231  4205 D ActivityTaskManager: Top Process State changed to PROCESS_STATE_TOP
12-21 00:40:55.180  4592  4659 V WindowManagerShell: Transition requested (#1573): android.os.BinderProxy@4b8b329 TransitionRequestInfo { type = TO_BACK, triggerTask = null, pipChange = null, remoteTransition = null, displayChange = null, flags = 262, debugId = 1573 }
12-21 00:40:55.180  3231  4205 W ActivityTaskManager: servicetracker HIDL not available
12-21 00:40:55.180  3231  4205 E ActivityTaskManager: Unable to get servicetracker HAL instance
12-21 00:40:55.181  3231  4205 W ActivityTaskManager: servicetracker HIDL not available
12-21 00:40:55.181  3231  4205 E ActivityTaskManager: Unable to get servicetracker HAL instance
12-21 00:40:55.181  3231  4205 W ActivityTaskManager: servicetracker HIDL not available
12-21 00:40:55.181  3231  4205 E ActivityTaskManager: Unable to get servicetracker HAL instance
12-21 00:40:55.181  3231  4205 W ActivityTaskManager: servicetracker HIDL not available
12-21 00:40:55.181  3231  4205 E ActivityTaskManager: Unable to get servicetracker HAL instance
12-21 00:40:55.181  3231  4205 W ActivityTaskManager: servicetracker HIDL not available
12-21 00:40:55.181  3231  4205 E ActivityTaskManager: Unable to get servicetracker HAL instance
12-21 00:40:55.182  3231  4205 W WindowManager: TaskSnapshotSurface.create: no main window in ActivityRecord{232977617 u0 com.google.android.packageinstaller/com.android.packageinstaller.PackageInstallerActivity t5957}
12-21 00:40:55.183  3231  4496 D BackgroundInstallControlService: Package event received: 0
12-21 00:40:55.183  3231  4496 D BackgroundInstallControlService: Package event received: 0
12-21 00:40:55.183  3231  4496 D BackgroundInstallControlService: Package event received: 0
12-21 00:40:55.183  3231  4496 D BackgroundInstallControlService: Package event received: 0
12-21 00:40:55.231  3231  3449 I DisplayPowerController[0]: Unblocked screen on after 61 ms
12-21 00:40:55.237  3231  4797 D CoreBackPreview: Window{c288f53 u0 com.google.android.packageinstaller/com.android.packageinstaller.PackageInstallerActivity}: Setting back callback OnBackInvokedCallbackInfo{mCallback=android.window.IOnBackInvokedCallback$Stub$Proxy@1ddd1a8, mPriority=0, mIsAnimationCallback=false, mOverrideBehavior=0}
12-21 00:40:55.258  3231  3343 V WindowManager: Sent Transition (#1573) createdAt=12-21 00:40:55.180 via request=TransitionRequestInfo { type = TO_BACK, triggerTask = null, pipChange = null, remoteTransition = null, displayChange = null, flags = 262, debugId = 1573 }
12-21 00:40:55.258  3231  3343 V WindowManager:     startWCT=WindowContainerTransaction { changes= {} hops= [] errorCallbackToken=null taskFragmentOrganizer=null }
12-21 00:40:55.258  3231  3343 V WindowManager:     info={id=1573 t=TO_BACK f=0x106 trk=0 r=[0@Point(0, 0)] c=[
12-21 00:40:55.258  3231  3343 V WindowManager:         {WCT{RemoteToken{64bf161 Task{8cdb04e #5957 type=standard A=10124:com.google.android.packageinstaller}}} m=TO_FRONT f=TRANSLUCENT p=WCT{RemoteToken{9d5dc45 DefaultTaskDisplayArea@184790708}} leash=Surface(name=Task=5957)/@0xf34b6ba sb=Rect(0, 0 - 1080, 2340) eb=Rect(0, 0 - 1080, 2340) epz=Point(1080, 2340) d=0 taskParent=-1},
12-21 00:40:55.258  3231  3343 V WindowManager:         {WCT{RemoteToken{67eb7e5 Task{2dc7c4e #5931 type=standard A=10514:tokyo.isseikuzumaki.quickdeploy}}} m=TO_FRONT f=NONE p=WCT{RemoteToken{9d5dc45 DefaultTaskDisplayArea@184790708}} leash=Surface(name=Task=5931)/@0xce36af3 sb=Rect(0, 0 - 1080, 2340) eb=Rect(0, 0 - 1080, 2340) epz=Point(1080, 2340) d=0 taskParent=-1},
12-21 00:40:55.258  3231  3343 V WindowManager:         {WCT{RemoteToken{9d5dc45 DefaultTaskDisplayArea@184790708}} m=TO_FRONT f=FLAG_IS_TASK_DISPLAY_AREA leash=Surface(name=DefaultTaskDisplayArea)/@0x8aec0b4 sb=Rect(0, 0 - 1080, 2340) eb=Rect(0, 0 - 1080, 2340) epz=Point(1080, 2340) d=0}
12-21 00:40:55.258  3231  3343 V WindowManager:     ]}
12-21 00:40:55.258  4592  5453 V WindowManagerShell: onTransitionReady(transaction=13877039464032)
12-21 00:40:55.258  4592  4659 V WindowManagerShell: onTransitionReady (#1573) android.os.BinderProxy@4b8b329: {id=1573 t=TO_BACK f=0x106 trk=0 r=[0@Point(0, 0)] c=[
12-21 00:40:55.258  4592  4659 V WindowManagerShell:         {m=TO_FRONT f=TRANSLUCENT p=WCT{android.window.IWindowContainerToken$Stub$Proxy@3d832f3} leash=Surface(name=Task=5957)/@0x9af6857 sb=Rect(0, 0 - 1080, 2340) eb=Rect(0, 0 - 1080, 2340) epz=Point(1080, 2340) d=0 taskParent=-1},
12-21 00:40:55.258  4592  4659 V WindowManagerShell:         {m=TO_FRONT f=NONE p=WCT{android.window.IWindowContainerToken$Stub$Proxy@d85ebb0} leash=Surface(name=Task=5931)/@0xbc41f44 sb=Rect(0, 0 - 1080, 2340) eb=Rect(0, 0 - 1080, 2340) epz=Point(1080, 2340) d=0 taskParent=-1},
12-21 00:40:55.258  4592  4659 V WindowManagerShell:         {m=TO_FRONT f=FLAG_IS_TASK_DISPLAY_AREA leash=Surface(name=DefaultTaskDisplayArea)/@0x6a0382d sb=Rect(0, 0 - 1080, 2340) eb=Rect(0, 0 - 1080, 2340) epz=Point(1080, 2340) d=0}
12-21 00:40:55.258  4592  4659 V WindowManagerShell:     ]}
12-21 00:40:55.258  4592  4659 V WindowManagerShell: Playing animation for (#1573) android.os.BinderProxy@4b8b329@0
12-21 00:40:55.258  4592  4659 V WindowManagerShell: start keyguard going-away transition, info = {id=1573 t=TO_BACK f=0x106 trk=0 r=[0@Point(0, 0)] c=[{m=TO_FRONT f=TRANSLUCENT p=WCT{android.window.IWindowContainerToken$Stub$Proxy@3d832f3} leash=Surface(name=Task=5957)/@0x9af6857 sb=Rect(0, 0 - 1080, 2340) eb=Rect(0, 0 - 1080, 2340) epz=Point(1080, 2340) d=0 taskParent=-1},{m=TO_FRONT f=NONE p=WCT{android.window.IWindowContainerToken$Stub$Proxy@d85ebb0} leash=Surface(name=Task=5931)/@0xbc41f44 sb=Rect(0, 0 - 1080, 2340) eb=Rect(0, 0 - 1080, 2340) epz=Point(1080, 2340) d=0 taskParent=-1},{m=TO_FRONT f=FLAG_IS_TASK_DISPLAY_AREA leash=Surface(name=DefaultTaskDisplayArea)/@0x6a0382d sb=Rect(0, 0 - 1080, 2340) eb=Rect(0, 0 - 1080, 2340) epz=Point(1080, 2340) d=0}]}
12-21 00:40:55.258  4592  4659 D KeyguardService: Starts IRemoteAnimationRunner: info={id=1573 t=TO_BACK f=0x106 trk=0 r=[0@Point(0, 0)] c=[{m=TO_FRONT f=TRANSLUCENT p=WCT{android.window.IWindowContainerToken$Stub$Proxy@3d832f3} leash=Surface(name=Task=5957)/@0x9af6857 sb=Rect(0, 0 - 1080, 2340) eb=Rect(0, 0 - 1080, 2340) epz=Point(1080, 2340) d=0 taskParent=-1},{m=TO_FRONT f=NONE p=WCT{android.window.IWindowContainerToken$Stub$Proxy@d85ebb0} leash=Surface(name=Task=5931)/@0xbc41f44 sb=Rect(0, 0 - 1080, 2340) eb=Rect(0, 0 - 1080, 2340) epz=Point(1080, 2340) d=0 taskParent=-1},{m=TO_FRONT f=FLAG_IS_TASK_DISPLAY_AREA leash=Surface(name=DefaultTaskDisplayArea)/@0x6a0382d sb=Rect(0, 0 - 1080, 2340) eb=Rect(0, 0 - 1080, 2340) epz=Point(1080, 2340) d=0}]}
12-21 00:40:55.259  4592  4659 V WindowManagerShell:  animated by com.android.wm.shell.keyguard.KeyguardTransitionHandler@36559cd
12-21 00:40:55.288  3231  3449 I DisplayBrightnessStrategySelector: Changing the DisplayBrightnessStrategy from FallbackBrightnessStrategy to AutomaticBrightnessStrategy for display 0
12-21 00:40:55.288  3231  3449 V DisplayPowerController[0]: Brightness [0.040473673] reason changing to: 'automatic', previous reason: 'manual'.
12-21 00:40:55.288  3231  3449 I DisplayPowerController[0]: BrightnessEvent: brt=0.040473673 (43.0%), nits= 50.18455, lux=262.86105, reason=automatic, strat=AutomaticBrightnessStrategy, state=ON, stateReason=DEFAULT_POLICY, policy=BRIGHT, flags=, initBrt=0.040466253, rcmdBrt=0.040473673, preBrt=NaN, preLux=NaN, wasShortTermModelActive=false, autoBrightness=true (default), unclampedBrt=0.040473673, hbmMax=0.6459397, hbmMode=off, thrmMax=1.0, rbcStrength=50, powerFactor=1.0, physDisp=内蔵スクリーン(local:147), logicalId=0, slowChange=false, rampSpeed=0.5
12-21 00:40:55.289  3231  4496 D BackgroundInstallControlService: Package event received: 0
12-21 00:40:55.293  4592  4592 D KeyguardService: Finish IRemoteAnimationRunner.
12-21 00:40:55.294  4592  4659 V WindowManagerShell: Transition animation finished (aborted=false), notifying core (#1573) android.os.BinderProxy@4b8b329@0
12-21 00:40:55.294  3231  3343 V WindowManager: Finish Transition (#1573): created at 12-21 00:40:55.180 collect-started=0.034ms request-sent=0.043ms started=3.822ms ready=3.814ms sent=78.006ms finished=114.362ms
12-21 00:40:55.294  4592  4659 V WindowManagerShell: Track 0 became idle
12-21 00:40:55.295  4592  4659 V WindowManagerShell: All active transition animations finished
12-21 00:40:55.295  3231  4797 D SystemServerTiming: getUserSwitchability-0
12-21 00:40:55.295  3231  4797 D SystemServerTiming: TM.isInCall
12-21 00:40:55.295  3231  4797 D SystemServerTiming: hasUserRestriction-DISALLOW_USER_SWITCH
12-21 00:40:55.295  3231  4797 D SystemServerTiming: getInt-ALLOW_USER_SWITCHING_WHEN_SYSTEM_USER_LOCKED
12-21 00:40:55.295  3231  4797 D SystemServerTiming: isUserUnlocked-USER_SYSTEM
12-21 00:40:55.297  3231  7155 D FingerprintProvider/default: Starting watchdog for fingerprint
12-21 00:40:55.297  3231  7155 E BiometricScheduler: Current operation is null,no need to start watchdog
12-21 00:40:55.436  3231  3449 W PowerManagerService: Screen on took 267 ms
12-21 00:40:55.437  3231  3449 I DreamManagerService: Gently waking up from dream.
12-21 00:40:55.465  1288  1307 I keystore2: system/security/keystore2/src/super_key.rs:1036 - Successfully unlocked user 0 with biometric -1234966399769388971
12-21 00:40:55.465  3231  3231 W Looper  : Slow dispatch took 303ms main app=system_server main=true group=FOREGROUND h=com.android.server.trust.TrustManagerService$4 c=null m=14
12-21 00:40:55.465  3231  3231 V ALSProbe: Finishing next consumer
12-21 00:40:55.467  3231  3231 V ALSProbe: Disable ALS: 110380078
12-21 00:40:55.468  3231  3231 W Looper  : Slow delivery took 306ms main app=system_server main=true group=FOREGROUND h=com.android.server.trust.TrustManagerService$4 c=null m=17
12-21 00:40:55.470  3231  4496 D BackgroundInstallControlService: Package event received: 0
12-21 00:40:55.475  3231  3231 W Looper  : Drained
12-21 00:40:55.483  3231  4487 I MR2ServiceImpl: Updating composite discovery preference | preference: RouteDiscoveryRequest{ preferredFeatures={}, activeScan=false }, active routers: []
12-21 00:40:55.519  3231  6685 D ActivityManager: sync unfroze 17480 com.google.android.apps.messaging for 7
12-21 00:40:55.520  3231  4496 D BackgroundInstallControlService: Package event received: 0
12-21 00:40:55.574  1288 11202 E keystore2: system/security/keystore2/src/error.rs:183 - system/security/keystore2/src/security_level.rs:328
12-21 00:40:55.574  1288 11202 E keystore2: 
12-21 00:40:55.574  1288 11202 E keystore2: Caused by:
12-21 00:40:55.574  1288 11202 E keystore2:     0: system/security/keystore2/src/enforcements.rs:599: matching auth token (challenge=0, userId=-1703487621089618258, authId=0, authType=0x1, timestamp=95896802ms) rcved=BootTime(95891702) for sids [-1703487621089618258] type Some(r#PASSWORD) is expired (1971s old > timeout=5s)
12-21 00:40:55.574  1288 11202 E keystore2:     1: Error::Km(r#KEY_USER_NOT_AUTHENTICATED)
12-21 00:40:55.610  3231  9849 I DreamManagerService: Leaving dreamland.
12-21 00:40:55.610  3231  3343 I DreamController: Stopping dream: name=ComponentInfo{com.android.systemui/com.android.systemui.doze.DozeService}, isPreviewMode=false, canDoze=true, userId=0, reason='finished self'(from 'power manager request')
12-21 00:40:55.632  4592  4659 D ShellSplitScreen: onStartedWakingUp
--------- beginning of main
12-21 00:40:55.816  6696  6696 I DisplayBooster: SensorMonitor: CombinedLightSensor: 264.096, 236.30977, 55.57248, 236.30977, 27.78624, 27.78624
12-21 00:40:55.816  2348  2348 I vendor.semc.hardware.aidldisplay: notify_ambientlight_values:values[7]=264.096008,236.309769,55.572479,236.309769,27.786240,27.786240,262.861053,
12-21 00:40:55.816  2348  2348 I vendor.semc.hardware.aidldisplay: update_peak_brightness_mode:brightnessMode=1 hbm=0 lux=262.86 start_lux=10000 stop_lux=5000 needs_boost=0 needs_deboost=1 curr_boosted=0
12-21 00:40:55.816  2348  2348 I vendor.semc.hardware.aidldisplay: update_ambientlight_values:Updata ambient value for RHD: 236.309769
12-21 00:40:55.905  2084  2115 E NetlinkEvent: NetlinkEvent::FindParam(): Parameter 'INTERFACE' not found
12-21 00:40:55.905  2084  2115 E NetlinkEvent: NetlinkEvent::FindParam(): Parameter 'STATE' not found
12-21 00:40:55.905  2084  2115 E NetlinkEvent: NetlinkEvent::FindParam(): Parameter 'TIME_NS' not found
12-21 00:40:55.905  2084  2115 E NetlinkEvent: NetlinkEvent::FindParam(): Parameter 'UID' not found
12-21 00:40:55.956  2292  5254 D vendor.qti.bluetooth@1.0-wake_lock: Release wakelock is released 
