12-21 00:41:20.289  2199  2217 I ssgtzd  : Releasing DMABuf
12-21 00:41:20.311  2199  2218 E SmcInvoke_MinkDescriptor: Handle found in qnode, clearing mem obj
12-21 00:41:20.329  2298  2298 I DMABUFHEAPS: Using DMA-BUF heap named: qcom,qseecom-ta
12-21 00:41:20.336  2298  5076 E SmcInvoke_MinkDescriptor: Invalid handle 15
12-21 00:41:20.342  2298  2298 D android.hardware.secure_element-service.qti: TimedRetryForwarder_release:79 delete me:12970367420998016112
12-21 00:41:20.342  2298  2298 I android.hardware.secure_element-service.qti: getAtr response: 000000002101000103e861a800fe010200000c0001 (21)
12-21 00:41:20.342  4870 17030 W SecureElement-Terminal-eSE1: Enable access control on logical channel for com.felicanetworks.mfc
12-21 00:41:20.342  2298  2298 I android.hardware.secure_element-service.qti: openLogicalChannel aid: *** (9) p2 
12-21 00:41:20.342  2298  2298 D GPQeSE-HAL: getAtrVendorID vendorId is : 33
12-21 00:41:20.342  2298  2298 D GPQeSE-HAL: max supported channels - 5
12-21 00:41:20.342  2298  2298 D GPTEE   : [TEE_client_api.cpp:192 TEEC_InitializeContext] No variant specified, using default: GPMTEEC
12-21 00:41:20.342  2298  2298 D GPTEE   : [TEE_client_api.cpp:208 TEEC_InitializeContext] Loading module: libGPMTEEC_vendor.so
12-21 00:41:20.346  2199  2218 I ssgtzd  : UUID Name 32552B22-89FE-42B4-8A45-A0C4E2DB0326
12-21 00:41:20.346  2199  2218 E ssgtzd  : ReadSplitBinsToBuf buffer->size()=568
12-21 00:41:20.347  2199  2218 I DMABUFHEAPS: Using DMA-BUF heap named: qcom,qseecom-ta
12-21 00:41:20.348  2199  2218 I ssgtzd  : Releasing DMABuf
12-21 00:41:20.350  5342 32602 I CCTUploader: Failed to get auth token for log sources [[PAY_SIDECAR]] because the account doesn't exist on the device.
12-21 00:41:20.350  5342 32602 I CCTUploader: Failed to get auth token for log sources [[PAY_SIDECAR]] because the account doesn't exist on the device.
12-21 00:41:20.351  5342 32602 I CCTUploader: Failed to get auth token for log sources [[PAY_SIDECAR]] because the account doesn't exist on the device.
12-21 00:41:20.352  5342 32602 I CCTUploader: Failed to get auth token for log sources [[PAY_SIDECAR]] because the account doesn't exist on the device.
12-21 00:41:20.352  5342 32602 I CCTUploader: Failed to get auth token for log sources [[PAY_SIDECAR]] because the account doesn't exist on the device.
12-21 00:41:20.353  5342 32602 I CCTUploader: Failed to get auth token for log sources [[PAY_SIDECAR]] because the account doesn't exist on the device.
12-21 00:41:20.353  5342 32602 I CCTUploader: Failed to get auth token for log sources [[PAY_SIDECAR]] because the account doesn't exist on the device.
12-21 00:41:20.353  5342 32602 I CCTUploader: Failed to get auth token for log sources [[PAY_SIDECAR]] because the account doesn't exist on the device.
12-21 00:41:20.354  5342 32602 I CCTUploader: Failed to get auth token for log sources [[PAY_SIDECAR]] because the account doesn't exist on the device.
12-21 00:41:20.354  5342 32602 I CCTUploader: Failed to get auth token for log sources [[PAY_SIDECAR]] because the account doesn't exist on the device.
12-21 00:41:20.355  5342 32602 I CCTUploader: Failed to get auth token for log sources [[PAY_SIDECAR]] because the account doesn't exist on the device.
12-21 00:41:20.356  5342 32602 I CCTUploader: Failed to get auth token for log sources [[PAY_SIDECAR]] because the account doesn't exist on the device.
12-21 00:41:20.356  5342 32602 I CCTUploader: Failed to get auth token for log sources [[PAY_SIDECAR]] because the account doesn't exist on the device.
12-21 00:41:20.356  5342 32602 I CCTUploader: Failed to get auth token for log sources [[PAY_SIDECAR]] because the account doesn't exist on the device.
12-21 00:41:20.357  5342 32602 I CCTUploader: Failed to get auth token for log sources [[PAY_SIDECAR]] because the account doesn't exist on the device.
12-21 00:41:20.357  5342 32602 I CCTUploader: Failed to get auth token for log sources [[PAY_SIDECAR]] because the account doesn't exist on the device.
12-21 00:41:20.358  5342 32602 I CCTUploader: Failed to get auth token for log sources [[PAY_SIDECAR]] because the account doesn't exist on the device.
12-21 00:41:20.358  5342 32602 I CCTUploader: Failed to get auth token for log sources [[PAY_SIDECAR]] because the account doesn't exist on the device.
12-21 00:41:20.358  5342 32602 I CCTUploader: Failed to get auth token for log sources [[PAY_SIDECAR]] because the account doesn't exist on the device.
12-21 00:41:20.359  5342 32602 I CCTUploader: Failed to get auth token for log sources [[PAY_SIDECAR]] because the account doesn't exist on the device.
12-21 00:41:20.359  5342 32602 I CCTUploader: Failed to get auth token for log sources [[PAY_SIDECAR]] because the account doesn't exist on the device.
12-21 00:41:20.379  2199  2218 E SmcInvoke_MinkDescriptor: Handle found in qnode, clearing mem obj
12-21 00:41:20.389  2298  2298 I DMABUFHEAPS: Using DMA-BUF heap named: qcom,qseecom-ta
12-21 00:41:20.411  2298  2298 I DMABUFHEAPS: Using DMA-BUF heap named: qcom,qseecom-ta
12-21 00:41:20.411  2298  5076 E SmcInvoke_MinkDescriptor: Invalid handle 15
12-21 00:41:20.423  2298  2298 I android.hardware.secure_element-service.qti: openLogicalChanneleSE channel : 1
12-21 00:41:20.423  2298  2298 I android.hardware.secure_element-service.qti: transmit data: 81cadf2000 (5)
12-21 00:41:20.423  2298  2298 D GPQeSE-HAL: getAtrVendorID vendorId is : 33
12-21 00:41:20.423  2298  2298 I DMABUFHEAPS: Using DMA-BUF heap named: qcom,qseecom-ta
12-21 00:41:20.423  2298  5077 E SmcInvoke_MinkDescriptor: Invalid handle 15
12-21 00:41:20.432  2298  2298 I android.hardware.secure_element-service.qti: transmit response: df20081c57f04163b35ee99000 (13)
12-21 00:41:20.432  2298  5076 E SmcInvoke_MinkDescriptor: Invalid handle 15
12-21 00:41:20.432  4870 17030 I SecureElement-AraController: Refresh tag unchanged. Using access rules from cache.
12-21 00:41:20.432  2298  2298 I android.hardware.secure_element-service.qti: closeChannel channel number: 1
12-21 00:41:20.432  2298  2298 D GPQeSE-HAL: getAtrVendorID vendorId is : 33
12-21 00:41:20.432  2298  2298 I DMABUFHEAPS: Using DMA-BUF heap named: qcom,qseecom-ta
12-21 00:41:20.442  2298  5076 E SmcInvoke_MinkDescriptor: Invalid handle 15
12-21 00:41:20.447  2298  2298 D android.hardware.secure_element-service.qti: TimedRetryForwarder_release:79 delete me:12970367420998016112
12-21 00:41:20.448  1293  7356 E NxpTml  : Read [hdr]EOF
12-21 00:41:20.448  2298  2298 I android.hardware.secure_element-service.qti: openLogicalChannel aid: *** (16) p2 
12-21 00:41:20.448  2298  2298 D GPQeSE-HAL: getAtrVendorID vendorId is : 33
12-21 00:41:20.448  2298  2298 D GPQeSE-HAL: max supported channels - 5
12-21 00:41:20.448  2298  2298 D GPTEE   : [TEE_client_api.cpp:192 TEEC_InitializeContext] No variant specified, using default: GPMTEEC
12-21 00:41:20.448  2298  2298 D GPTEE   : [TEE_client_api.cpp:208 TEEC_InitializeContext] Loading module: libGPMTEEC_vendor.so
12-21 00:41:20.448  1293  7356 E NxpTml  : NFCC - Error in Read.....
12-21 00:41:20.450  2199  2217 I ssgtzd  : UUID Name 32552B22-89FE-42B4-8A45-A0C4E2DB0326
12-21 00:41:20.451  2199  2217 E ssgtzd  : ReadSplitBinsToBuf buffer->size()=568
12-21 00:41:20.451  2199  2217 I DMABUFHEAPS: Using DMA-BUF heap named: qcom,qseecom-ta
12-21 00:41:20.452  2199  2217 I ssgtzd  : Releasing DMABuf
12-21 00:41:20.485  5342 32602 I CCTUploader: Failed to get auth token for log sources [[PAY_SIDECAR]] because the account doesn't exist on the device.
12-21 00:41:20.485  5342 32602 I CCTUploader: Failed to get auth token for log sources [[PAY_SIDECAR]] because the account doesn't exist on the device.
12-21 00:41:20.486  5342 32602 I CCTUploader: Failed to get auth token for log sources [[PAY_SIDECAR]] because the account doesn't exist on the device.
12-21 00:41:20.487  5342 32602 I CCTUploader: Failed to get auth token for log sources [[PAY_SIDECAR]] because the account doesn't exist on the device.
12-21 00:41:20.487  2199  2217 E SmcInvoke_MinkDescriptor: Handle found in qnode, clearing mem obj
12-21 00:41:20.487  5342 32602 I CCTUploader: Failed to get auth token for log sources [[PAY_SIDECAR]] because the account doesn't exist on the device.
12-21 00:41:20.488  5342 32602 I CCTUploader: Failed to get auth token for log sources [[PAY_SIDECAR]] because the account doesn't exist on the device.
12-21 00:41:20.502  2298  2298 I DMABUFHEAPS: Using DMA-BUF heap named: qcom,qseecom-ta
12-21 00:41:20.521  2298  2298 I DMABUFHEAPS: Using DMA-BUF heap named: qcom,qseecom-ta
12-21 00:41:20.521  2298  5077 E SmcInvoke_MinkDescriptor: Invalid handle 15
12-21 00:41:20.535  4592  4659 V WindowManagerShell: Transition requested (#1576): android.os.BinderProxy@169795f TransitionRequestInfo { type = CLOSE, triggerTask = TaskInfo{userId=0 taskId=5958 effectiveUid=10189 displayId=0 isRunning=false baseIntent=Intent { flg=0x10800000 cmp=com.android.vending/com.google.android.finsky.protectdialogs.activity.PlayProtectDialogsActivity } baseActivity=null topActivity=null origActivity=null realActivity=ComponentInfo{com.android.vending/com.google.android.finsky.protectdialogs.activity.PlayProtectDialogsActivity} numActivities=0 lastActiveTime=97866568 supportsMultiWindow=true resizeMode=1 isResizeable=true minWidth=-1 minHeight=-1 defaultMinSize=220 token=WCT{android.window.IWindowContainerToken$Stub$Proxy@b5dcfac} topActivityType=1 pictureInPictureParams=null shouldDockBigOverlays=false launchIntoPipHostTaskId=-1 lastParentTaskIdBeforePip=-1 displayCutoutSafeInsets=Rect(0, 0 - 0, 0) topActivityInfo=null launchCookies=[] positionInParent=Point(0, 0) parentTaskId=-1 isFocused=true isVisible=true isVisibleRequested=true isTopActivityNoDisplay=false isSleeping=false locusId=null displayAreaFeatureId=1 isTopActivityTransparent=false isActivityStackTransparent=true lastNonFullscreenBounds=Rect(278, 630 - 803, 1710) capturedLink=null capturedLinkTimestamp=0 requestedVisibleTypes=-9 topActivityRequestOpenInBrowserEducationTimestamp=0 appCompatTaskInfo=AppCompatTaskInfo { topActivityInSizeCompat=false eligibleForLetterboxEducation= false isLetterboxEducationEnabled= false isLetterboxDoubleTapEnabled= false eligibleForUserAspectRatioButton= false topActivityBoundsLetterboxed= false isFromLetterboxDoubleTap= false topActivityLetterboxVerticalPosition= -1 topActivityLetterboxHorizontalPosition= -1 topActivityLetterboxWidth=-1 topActivityLetterboxHeight=-1 topActivityAppBounds=Rect(0, 0 - 0, 0) isUserFullscreenOverrideEnabled=false isSystemFullscreenOverrideEnabled=false hasMinAspectRatioOverride=false topActivityLetterboxBounds=null cameraCompatTaskInfo=CameraCompatTaskInfo { freeformCameraCompatMode=undefined}} topActivityMainWindowFrame=null}, pipChange = null, remoteTransition = null, displayChange = null, flags = 0, debugId = 1576 }
12-21 00:41:20.535  3231  8113 D ActivityTrigger: ActivityTrigger activityPauseTrigger 
12-21 00:41:20.535  2426  2587 I BpBinder: onLastStrongRef automatically unlinking death recipients: 
12-21 00:41:20.536  3231  8113 I HidlServiceManagement: Trying to get transport of vendor.qti.hardware.servicetracker@1.2::IServicetracker/default without hwservicemanager
12-21 00:41:20.536  3231  8113 W ActivityTaskManager: servicetracker HIDL not available
12-21 00:41:20.536  3231  8113 E ActivityTaskManager: Unable to get servicetracker HAL instance
12-21 00:41:20.536  2298  2298 I android.hardware.secure_element-service.qti: openLogicalChanneleSE channel : 1
12-21 00:41:20.536  2298  5074 E SmcInvoke_MinkDescriptor: Invalid handle 15
12-21 00:41:20.536  4870 17030 I SecureElementService: openLogicalChannel() Success. Channel: 1
12-21 00:41:20.537  2298  2298 I android.hardware.secure_element-service.qti: transmit data: 81ca0400048000810000 (10)
12-21 00:41:20.537  2298  2298 D GPQeSE-HAL: getAtrVendorID vendorId is : 33
12-21 00:41:20.537  2298  2298 I DMABUFHEAPS: Using DMA-BUF heap named: qcom,qseecom-ta
12-21 00:41:20.541  3231  8113 I HidlServiceManagement: Trying to get transport of vendor.qti.hardware.servicetracker@1.2::IServicetracker/default without hwservicemanager
12-21 00:41:20.541  3231  8113 W ActivityTaskManager: servicetracker HIDL not available
12-21 00:41:20.541  3231  8113 E ActivityTaskManager: Unable to get servicetracker HAL instance
12-21 00:41:20.541  3231  8113 I HidlServiceManagement: Trying to get transport of vendor.qti.hardware.servicetracker@1.2::IServicetracker/default without hwservicemanager
12-21 00:41:20.541  3231  8113 W ActivityTaskManager: servicetracker HIDL not available
12-21 00:41:20.541  3231  8113 E ActivityTaskManager: Unable to get servicetracker HAL instance
12-21 00:41:20.541  3231  8113 I HidlServiceManagement: Trying to get transport of vendor.qti.hardware.servicetracker@1.2::IServicetracker/default without hwservicemanager
12-21 00:41:20.541  3231  8113 W ActivityTaskManager: servicetracker HIDL not available
12-21 00:41:20.541  3231  8113 E ActivityTaskManager: Unable to get servicetracker HAL instance
12-21 00:41:20.542  4741  4962 I DynamicDDSService: handleMessage(ACTIVITY_INVOKE{appInfo=com.google.android.packageinstaller isFullScreen=}true)
12-21 00:41:20.542  3231  8113 I HidlServiceManagement: Trying to get transport of vendor.qti.hardware.servicetracker@1.2::IServicetracker/default without hwservicemanager
12-21 00:41:20.542  3231  8113 W ActivityTaskManager: servicetracker HIDL not available
12-21 00:41:20.542  3231  8113 E ActivityTaskManager: Unable to get servicetracker HAL instance
12-21 00:41:20.543  3231  4496 D BackgroundInstallControlService: Package event received: 0
12-21 00:41:20.543  3231  7155 W AutofillManagerServiceImpl: getFillEventHistory() called by UID 10181, but service UID is 10201
12-21 00:41:20.546  4592  6691 V WindowManagerShell: onTransitionReady(transaction=13877039464349)
12-21 00:41:20.546  4592  4659 V WindowManagerShell: onTransitionReady (#1576) android.os.BinderProxy@169795f: {id=1576 t=CLOSE f=0x0 trk=0 r=[0@Point(0, 0)] c=[
12-21 00:41:20.546  4592  4659 V WindowManagerShell:         {m=CHANGE f=TRANSLUCENT|MOVE_TO_TOP leash=Surface(name=Task=5957)/@0x7400475 sb=Rect(0, 0 - 1080, 2340) eb=Rect(0, 0 - 1080, 2340) epz=Point(1080, 2340) d=0 taskParent=-1},
12-21 00:41:20.546  4592  4659 V WindowManagerShell:         {m=CLOSE f=TRANSLUCENT leash=Surface(name=Task=5958)/@0xf1bbc0a sb=Rect(0, 0 - 1080, 2340) eb=Rect(0, 0 - 1080, 2340) epz=Point(1080, 2340) d=0 taskParent=-1}
12-21 00:41:20.546  4592  4659 V WindowManagerShell:     ]}
12-21 00:41:20.546  4592  4659 V WindowManagerShell: Playing animation for (#1576) android.os.BinderProxy@169795f@0
12-21 00:41:20.546  4592  4659 V ShellRecents: RecentsTransitionHandler.startAnimation: no controller found
12-21 00:41:20.547  4592  4659 V WindowManagerShell: Transition doesn't have explicit remote, search filters for match for {id=1576 t=CLOSE f=0x0 trk=0 r=[0@Point(0, 0)] c=[{m=CHANGE f=TRANSLUCENT|MOVE_TO_TOP leash=Surface(name=Task=5957)/@0x7400475 sb=Rect(0, 0 - 1080, 2340) eb=Rect(0, 0 - 1080, 2340) epz=Point(1080, 2340) d=0 taskParent=-1},{m=CLOSE f=TRANSLUCENT leash=Surface(name=Task=5958)/@0xf1bbc0a sb=Rect(0, 0 - 1080, 2340) eb=Rect(0, 0 - 1080, 2340) epz=Point(1080, 2340) d=0 taskParent=-1}]}
12-21 00:41:20.547  4592  4659 V WindowManagerShell:  Checking filter Pair{{types=[] flags=0x0] notFlags=0x100 checks=[{atype=home independent=true modes=[OPEN,TO_FRONT] flags=NONE mustBeTask=false order=TOP topActivity=ComponentInfo{com.sonymobile.launcher/com.sonymobile.launcher.XperiaLauncher} launchCookie=null windowingMode=undefined},{atype=standard independent=true modes=[CLOSE,TO_BACK] flags=NONE mustBeTask=false order=ANY topActivity=null launchCookie=null windowingMode=undefined},{NOT atype=undefined independent=true modes=[] flags=NONE mustBeTask=true order=ANY topActivity=null launchCookie=null customAnim=true windowingMode=undefined}]} RemoteTransition { remoteTransition = android.window.IRemoteTransition$Stub$Proxy@8644143, appThread = android.app.IApplicationThread$Stub$Proxy@b6463c0, debugName = QuickstepLaunchHome }}
12-21 00:41:20.547  2319 10601 I SnapAlloc: Using graphics libs for alignment calculations
12-21 00:41:20.547  4592  4659 V WindowManagerShell:  Delegate animation for (#1576) to null
12-21 00:41:20.547  4592  4659 V WindowManagerShell: start default transition animation, info = {id=1576 t=CLOSE f=0x0 trk=0 r=[0@Point(0, 0)] c=[{m=CHANGE f=TRANSLUCENT|MOVE_TO_TOP leash=Surface(name=Task=5957)/@0x7400475 sb=Rect(0, 0 - 1080, 2340) eb=Rect(0, 0 - 1080, 2340) epz=Point(1080, 2340) d=0 taskParent=-1},{m=CLOSE f=TRANSLUCENT leash=Surface(name=Task=5958)/@0xf1bbc0a sb=Rect(0, 0 - 1080, 2340) eb=Rect(0, 0 - 1080, 2340) epz=Point(1080, 2340) d=0 taskParent=-1}]}
12-21 00:41:20.547  2426  2426 I BpBinder: onLastStrongRef automatically unlinking death recipients: 
12-21 00:41:20.548  2298  2298 I android.hardware.secure_element-service.qti: transmit response: 040081d061668002fe0f8108f14027324d27b6608410a0000006800200000003000000000000973fffffffffffffffffffffffffffffffffffffffffffffffffffffffffffffffffffffffffffffffffffffffffffffffffffffffffffffffffffffffffffffff9f7f020f0161668002fe008108014027324d27b6608410a0000006800200000003000000000001973fffffffffffffffffffffffffffffffffffffffffffffffffffffffffffffffffffffffffffffffffffffffffffffffffffffffffffffffffffffffffffffff9f7f020f019000 (214)
12-21 00:41:20.548  2298  5074 E SmcInvoke_MinkDescriptor: Invalid handle 15
12-21 00:41:20.548  2298  2298 I android.hardware.secure_element-service.qti: transmit data: 81c200000202a800 (8)
12-21 00:41:20.548  2298  2298 D GPQeSE-HAL: getAtrVendorID vendorId is : 33
12-21 00:41:20.548  2298  2298 I DMABUFHEAPS: Using DMA-BUF heap named: qcom,qseecom-ta
12-21 00:41:20.550  4592  4659 V WindowManagerShell: loadAnimation: anim=android.view.animation.AnimationSet@dc18ed6 animAttr=0x7 type=CLOSE isEntrance=false
12-21 00:41:20.551  4592  4659 V WindowManagerShell:  animated by com.android.wm.shell.transition.DefaultTransitionHandler@b5aafea
12-21 00:41:20.552  3231  3343 V WindowManager: Sent Transition (#1576) createdAt=12-21 00:41:20.534 via request=TransitionRequestInfo { type = CLOSE, triggerTask = TaskInfo{userId=0 taskId=5958 effectiveUid=10189 displayId=0 isRunning=false baseIntent=Intent { flg=0x10800000 cmp=com.android.vending/com.google.android.finsky.protectdialogs.activity.PlayProtectDialogsActivity } baseActivity=null topActivity=null origActivity=null realActivity=ComponentInfo{com.android.vending/com.google.android.finsky.protectdialogs.activity.PlayProtectDialogsActivity} numActivities=0 lastActiveTime=97866568 supportsMultiWindow=true resizeMode=1 isResizeable=true minWidth=-1 minHeight=-1 defaultMinSize=220 token=WCT{RemoteToken{25fe26b Task{4c27803 #5958 type=standard I=com.android.vending/com.google.android.finsky.protectdialogs.activity.PlayProtectDialogsActivity}}} topActivityType=1 pictureInPictureParams=null shouldDockBigOverlays=false launchIntoPipHostTaskId=-1 lastParentTaskIdBeforePip=-1 displayCutoutSafeInsets=Rect(0, 0 - 0, 0) topActivityInfo=null launchCookies=[] positionInParent=Point(0, 0) parentTaskId=-1 isFocused=true isVisible=true isVisibleRequested=true isTopActivityNoDisplay=false isSleeping=false locusId=null displayAreaFeatureId=1 isTopActivityTransparent=false isActivityStackTransparent=true lastNonFullscreenBounds=Rect(278, 630 - 803, 1710) capturedLink=null capturedLinkTimestamp=0 requestedVisibleTypes=-9 topActivityRequestOpenInBrowserEducationTimestamp=0 appCompatTaskInfo=AppCompatTaskInfo { topActivityInSizeCompat=false eligibleForLetterboxEducation= false isLetterboxEducationEnabled= false isLetterboxDoubleTapEnabled= false eligibleForUserAspectRatioButton= false topActivityBoundsLetterboxed= false isFromLetterboxDoubleTap= false topActivityLetterboxVerticalPosition= -1 topActivityLetterboxHorizontalPosition= -1 topActivityLetterboxWidth=-1 topActivityLetterboxHeight=-1 topActivityAppBounds=Rect(0, 0 - 0, 0) isUserFullscreenOverrideEnabled=false isSystemFullscreenOverrideEnabled=false hasMinAspectRatioOverride=false topActivityLetterboxBounds=null cameraCompatTaskInfo=CameraCompatTaskInfo { freeformCameraCompatMode=undefined}} topActivityMainWindowFrame=null}, pipChange = null, remoteTransition = null, displayChange = null, flags = 0, debugId = 1576 }
12-21 00:41:20.552  3231  3343 V WindowManager:     startWCT=WindowContainerTransaction { changes= {} hops= [] errorCallbackToken=null taskFragmentOrganizer=null }
12-21 00:41:20.552  3231  3343 V WindowManager:     info={id=1576 t=CLOSE f=0x0 trk=0 r=[0@Point(0, 0)] c=[
12-21 00:41:20.552  3231  3343 V WindowManager:         {WCT{RemoteToken{64bf161 Task{8cdb04e #5957 type=standard A=10124:com.google.android.packageinstaller}}} m=CHANGE f=TRANSLUCENT|MOVE_TO_TOP leash=Surface(name=Task=5957)/@0xf34b6ba sb=Rect(0, 0 - 1080, 2340) eb=Rect(0, 0 - 1080, 2340) epz=Point(1080, 2340) d=0 taskParent=-1},
12-21 00:41:20.552  3231  3343 V WindowManager:         {WCT{RemoteToken{25fe26b Task{4c27803 #5958 type=standard I=com.android.vending/com.google.android.finsky.protectdialogs.activity.PlayProtectDialogsActivity}}} m=CLOSE f=TRANSLUCENT leash=Surface(name=Task=5958)/@0xa7de729 sb=Rect(0, 0 - 1080, 2340) eb=Rect(0, 0 - 1080, 2340) epz=Point(1080, 2340) d=0 taskParent=-1}
12-21 00:41:20.552  3231  3343 V WindowManager:     ]}
12-21 00:41:20.554  3788  3788 E AbstractLogEventBuilder: The provided ProductIdOrigin 3 is not one of the process-level expected values: 1 or 2
12-21 00:41:20.554  3231  4496 D BackgroundInstallControlService: Package event received: 0
12-21 00:41:20.554  3231  4496 D BackgroundInstallControlService: Package event received: 0
12-21 00:41:20.554  3788  3788 I Finsky  : [2] Just-in-Time Protection scan metrics logged Retry count: 0, buildAndUploadSabTime: Optional[PT0S], scanTime: Optional[PT10.509978017S]
12-21 00:41:20.554  3788  3788 I Finsky  : [2] Just-in-Time Protection verdict logged: 0. Scan result: USER_RESUMED_INSTALLATION
12-21 00:41:20.554  3788  3788 E AbstractLogEventBuilder: The provided ProductIdOrigin 3 is not one of the process-level expected values: 1 or 2
12-21 00:41:20.555  3788 32493 I Finsky  : [365] VerifyApps AdvancedProtection: Verify AP install started
12-21 00:41:20.555  3788 32493 I Finsky  : [365] VerifyApps AdvancedProtection: Allowing install because there are no Advanced Protection users
12-21 00:41:20.555  3788  3818 I Finsky  : [89] VerifyApps: waiting for app installation for tokyo.isseikuzumaki.vibeterminal
12-21 00:41:20.556  3788  3788 I Finsky  : [2] VerifyApps AdvancedProtection: Reported Advanced Protection verification result: ALLOW
12-21 00:41:20.556  3231  3348 W IPCThreadState: Sending oneway calls to frozen process.
12-21 00:41:20.556  3231  3348 W IPCThreadState: Sending oneway calls to frozen process.
12-21 00:41:20.556  3231  3348 W IPCThreadState: Sending oneway calls to frozen process.
12-21 00:41:20.556  3231  3348 W IPCThreadState: Sending oneway calls to frozen process.
12-21 00:41:20.556  3231  3348 W IPCThreadState: Sending oneway calls to frozen process.
12-21 00:41:20.556  3231  3348 W IPCThreadState: Sending oneway calls to frozen process.
12-21 00:41:20.556  3231  3348 W IPCThreadState: Sending oneway calls to frozen process.
12-21 00:41:20.556  3231  3348 W IPCThreadState: Sending oneway calls to frozen process.
12-21 00:41:20.556  3231  3348 W IPCThreadState: Sending oneway calls to frozen process.
12-21 00:41:20.556  3231  3348 W IPCThreadState: Sending oneway calls to frozen process.
12-21 00:41:20.556  3231  3348 W IPCThreadState: Sending oneway calls to frozen process.
12-21 00:41:20.556  3231  3348 W IPCThreadState: Sending oneway calls to frozen process.
12-21 00:41:20.556  3231  3348 W IPCThreadState: Sending oneway calls to frozen process.
12-21 00:41:20.556  3231  3348 W IPCThreadState: Sending oneway calls to frozen process.
12-21 00:41:20.556  3231  3348 W IPCThreadState: Sending oneway calls to frozen process.
12-21 00:41:20.556  3231  3348 W IPCThreadState: Sending oneway calls to frozen process.
12-21 00:41:20.556  3231  3348 W IPCThreadState: Sending oneway calls to frozen process.
12-21 00:41:20.557  3231  3348 W IPCThreadState: Sending oneway calls to frozen process.
12-21 00:41:20.557  3231  3348 W IPCThreadState: Sending oneway calls to frozen process.
12-21 00:41:20.557  3231  3348 W IPCThreadState: Sending oneway calls to frozen process.
12-21 00:41:20.557  3231  3348 W IPCThreadState: Sending oneway calls to frozen process.
12-21 00:41:20.557  3231  3348 W IPCThreadState: Sending oneway calls to frozen process.
12-21 00:41:20.557  3231  3348 W IPCThreadState: Sending oneway calls to frozen process.
12-21 00:41:20.557  3231  3348 W IPCThreadState: Sending oneway calls to frozen process.
12-21 00:41:20.557  3231  3348 W IPCThreadState: Sending oneway calls to frozen process.
12-21 00:41:20.557  3231  3348 W IPCThreadState: Sending oneway calls to frozen process.
12-21 00:41:20.557  3231  3348 W IPCThreadState: Sending oneway calls to frozen process.
12-21 00:41:20.557  3231  3348 W IPCThreadState: Sending oneway calls to frozen process.
12-21 00:41:20.557  3231  3348 W IPCThreadState: Sending oneway calls to frozen process.
12-21 00:41:20.557  3231  3348 W IPCThreadState: Sending oneway calls to frozen process.
12-21 00:41:20.557  3231  3348 W IPCThreadState: Sending oneway calls to frozen process.
12-21 00:41:20.557  3231  3348 W IPCThreadState: Sending oneway calls to frozen process.
12-21 00:41:20.557  3231  3348 W IPCThreadState: Sending oneway calls to frozen process.
12-21 00:41:20.557  3231  3348 W IPCThreadState: Sending oneway calls to frozen process.
12-21 00:41:20.557  3231  3348 W IPCThreadState: Sending oneway calls to frozen process.
12-21 00:41:20.557  3231  3348 W IPCThreadState: Sending oneway calls to frozen process.
12-21 00:41:20.557  3788 32493 I Finsky  : [365] Installation attempt by package source uid 10514 requires logging
12-21 00:41:20.557  3231  3348 W IPCThreadState: Sending oneway calls to frozen process.
12-21 00:41:20.557  3231  3348 W IPCThreadState: Sending oneway calls to frozen process.
12-21 00:41:20.557  3231  3348 W IPCThreadState: Sending oneway calls to frozen process.
12-21 00:41:20.558  3231  3348 W IPCThreadState: Sending oneway calls to frozen process.
12-21 00:41:20.558  3231  3348 W IPCThreadState: Sending oneway calls to frozen process.
12-21 00:41:20.558  3231  3348 W IPCThreadState: Sending oneway calls to frozen process.
12-21 00:41:20.558  3231  3348 W IPCThreadState: Sending oneway calls to frozen process.
12-21 00:41:20.558  3231  3348 W IPCThreadState: Sending oneway calls to frozen process.
12-21 00:41:20.558  3231  3348 W IPCThreadState: Sending oneway calls to frozen process.
12-21 00:41:20.558  3231  3348 W IPCThreadState: Sending oneway calls to frozen process.
12-21 00:41:20.558  3231  3348 W IPCThreadState: Sending oneway calls to frozen process.
12-21 00:41:20.558  3231  3348 W IPCThreadState: Sending oneway calls to frozen process.
12-21 00:41:20.558  3231  3348 W IPCThreadState: Sending oneway calls to frozen process.
12-21 00:41:20.558  3231  3348 W IPCThreadState: Sending oneway calls to frozen process.
12-21 00:41:20.558  3231  3348 W IPCThreadState: Sending oneway calls to frozen process.
12-21 00:41:20.558  3231  3348 W IPCThreadState: Sending oneway calls to frozen process.
12-21 00:41:20.558  3231  3348 W IPCThreadState: Sending oneway calls to frozen process.
12-21 00:41:20.558  3231  3348 W IPCThreadState: Sending oneway calls to frozen process.
12-21 00:41:20.558  3231  3348 W IPCThreadState: Sending oneway calls to frozen process.
12-21 00:41:20.558  3231  3348 W IPCThreadState: Sending oneway calls to frozen process.
12-21 00:41:20.558  3231  3348 W IPCThreadState: Sending oneway calls to frozen process.
12-21 00:41:20.558  3231  3348 W IPCThreadState: Sending oneway calls to frozen process.
12-21 00:41:20.558  3231  3348 W IPCThreadState: Sending oneway calls to frozen process.
12-21 00:41:20.558  3231  3348 W IPCThreadState: Sending oneway calls to frozen process.
12-21 00:41:20.558  3231  3348 W IPCThreadState: Sending oneway calls to frozen process.
12-21 00:41:20.558  3231  3348 W IPCThreadState: Sending oneway calls to frozen process.
12-21 00:41:20.558  3231  3348 W IPCThreadState: Sending oneway calls to frozen process.
12-21 00:41:20.558  3231  3348 W IPCThreadState: Sending oneway calls to frozen process.
12-21 00:41:20.558  3231  3348 W IPCThreadState: Sending oneway calls to frozen process.
12-21 00:41:20.558  3231  3348 W IPCThreadState: Sending oneway calls to frozen process.
12-21 00:41:20.558  3231  3348 W IPCThreadState: Sending oneway calls to frozen process.
12-21 00:41:20.558  3231  3348 W IPCThreadState: Sending oneway calls to frozen process.
12-21 00:41:20.558  3231  3348 W IPCThreadState: Sending oneway calls to frozen process.
12-21 00:41:20.558  3231  3348 W IPCThreadState: Sending oneway calls to frozen process.
12-21 00:41:20.558  3231  3348 W IPCThreadState: Sending oneway calls to frozen process.
12-21 00:41:20.558  3231  3348 W IPCThreadState: Sending oneway calls to frozen process.
12-21 00:41:20.558  3231  3348 W IPCThreadState: Sending oneway calls to frozen process.
12-21 00:41:20.558  3231  3348 W IPCThreadState: Sending oneway calls to frozen process.
12-21 00:41:20.558  3231  3348 W IPCThreadState: Sending oneway calls to frozen process.
12-21 00:41:20.558  3231  3348 W IPCThreadState: Sending oneway calls to frozen process.
12-21 00:41:20.558  3231  3348 W IPCThreadState: Sending oneway calls to frozen process.
12-21 00:41:20.558  3231  3348 W IPCThreadState: Sending oneway calls to frozen process.
12-21 00:41:20.558  3231  3348 W IPCThreadState: Sending oneway calls to frozen process.
12-21 00:41:20.558  3231  3348 W IPCThreadState: Sending oneway calls to frozen process.
12-21 00:41:20.558  3231  3348 W IPCThreadState: Sending oneway calls to frozen process.
12-21 00:41:20.558  3231  3348 W IPCThreadState: Sending oneway calls to frozen process.
12-21 00:41:20.558  3231  3348 W IPCThreadState: Sending oneway calls to frozen process.
12-21 00:41:20.558  3231  3348 W IPCThreadState: Sending oneway calls to frozen process.
12-21 00:41:20.558  3231  3348 W IPCThreadState: Sending oneway calls to frozen process.
12-21 00:41:20.558  3231  3348 W IPCThreadState: Sending oneway calls to frozen process.
12-21 00:41:20.559  3231  3348 W IPCThreadState: Sending oneway calls to frozen process.
12-21 00:41:20.559  3231  3348 W IPCThreadState: Sending oneway calls to frozen process.
12-21 00:41:20.559  3231  3348 W IPCThreadState: Sending oneway calls to frozen process.
12-21 00:41:20.559  3788 32493 I Finsky  : [365] VerifyApps: Returning package verification result id=26, result=ALLOW
12-21 00:41:20.559  3231  3348 W IPCThreadState: Sending oneway calls to frozen process.
12-21 00:41:20.559  3231  3348 W IPCThreadState: Sending oneway calls to frozen process.
12-21 00:41:20.559  3231  3348 W IPCThreadState: Sending oneway calls to frozen process.
12-21 00:41:20.559  3231  3348 W IPCThreadState: Sending oneway calls to frozen process.
12-21 00:41:20.559  3231  3348 W IPCThreadState: Sending oneway calls to frozen process.
12-21 00:41:20.559  3231  3348 W IPCThreadState: Sending oneway calls to frozen process.
12-21 00:41:20.559  3231  3348 W IPCThreadState: Sending oneway calls to frozen process.
12-21 00:41:20.559  3231  3348 W IPCThreadState: Sending oneway calls to frozen process.
12-21 00:41:20.559  3231  3348 W IPCThreadState: Sending oneway calls to frozen process.
12-21 00:41:20.559  3231  3348 W IPCThreadState: Sending oneway calls to frozen process.
12-21 00:41:20.559  3231  3348 W IPCThreadState: Sending oneway calls to frozen process.
12-21 00:41:20.559  3231  3348 W IPCThreadState: Sending oneway calls to frozen process.
12-21 00:41:20.559  3231  3348 W IPCThreadState: Sending oneway calls to frozen process.
12-21 00:41:20.559  3231  3348 W IPCThreadState: Sending oneway calls to frozen process.
12-21 00:41:20.559  3231  3348 W IPCThreadState: Sending oneway calls to frozen process.
12-21 00:41:20.559  3231  3348 W IPCThreadState: Sending oneway calls to frozen process.
12-21 00:41:20.559  3231  3348 W IPCThreadState: Sending oneway calls to frozen process.
12-21 00:41:20.559  3231  3348 W IPCThreadState: Sending oneway calls to frozen process.
12-21 00:41:20.559  3231  3348 W IPCThreadState: Sending oneway calls to frozen process.
12-21 00:41:20.559  3231  3348 W IPCThreadState: Sending oneway calls to frozen process.
12-21 00:41:20.559  3231  3348 W IPCThreadState: Sending oneway calls to frozen process.
12-21 00:41:20.559  3231  3348 W IPCThreadState: Sending oneway calls to frozen process.
12-21 00:41:20.559  3231  3348 W IPCThreadState: Sending oneway calls to frozen process.
12-21 00:41:20.559  3231  3348 W IPCThreadState: Sending oneway calls to frozen process.
12-21 00:41:20.559  3231  3348 W IPCThreadState: Sending oneway calls to frozen process.
12-21 00:41:20.561  5994  6293 V OsAgent : broadcastSystemEvent - 7
12-21 00:41:20.561  3231  3773 I PackageManager: Continuing with installation of file:///data/app/vmdl1581111089.tmp
12-21 00:41:20.562  3231  4191 D InstallDependencyHelper: No missing dependency for tokyo.isseikuzumaki.vibeterminal
12-21 00:41:20.562  3788  3788 I Finsky  : [2] Memory trim requested to level 20
12-21 00:41:20.562  2298  2298 I android.hardware.secure_element-service.qti: transmit response: 02a99000 (4)
12-21 00:41:20.562  3788  3788 I Finsky  : [2] Flushing in-memory image cache
12-21 00:41:20.562  2298  2298 I android.hardware.secure_element-service.qti: transmit data: 81ca030000 (5)
12-21 00:41:20.562  2298  2298 D GPQeSE-HAL: getAtrVendorID vendorId is : 33
12-21 00:41:20.562  2298  2298 I DMABUFHEAPS: Using DMA-BUF heap named: qcom,qseecom-ta
12-21 00:41:20.562  2298  5074 E SmcInvoke_MinkDescriptor: Invalid handle 15
12-21 00:41:20.563  3788 32493 E AbstractLogEventBuilder: The provided ProductIdOrigin 3 is not one of the process-level expected values: 1 or 2
12-21 00:41:20.566  3231  3773 V Configuration: Updating configuration, locales updated from [] to [ja_JP]
12-21 00:41:20.566  3231  3773 I system_server: AssetManager2(0xb400007c46d5e018) locale list changing from [] to [ja-JP]
12-21 00:41:20.566  3788  3788 I Finsky  : [2] VerifyApps: Install-time verification complete: id=26, package_name=tokyo.isseikuzumaki.vibeterminal
12-21 00:41:20.567  2327  2327 I vendor.qti.hardware.servicetrackeraidl-service: destroyService is called for service : com.android.vending/com.google.android.finsky.verifier.impl.service.impl.PackageVerificationService
12-21 00:41:20.568  3231  3773 I PackageManager: Update package tokyo.isseikuzumaki.vibeterminal code path from /data/app/~~zZ1v-Ypyg5x1SA0t5sydRg==/tokyo.isseikuzumaki.vibeterminal-U_yF3WkCLKzacxdRTS0Gbw== to /data/app/vmdl1581111089.tmp; Retain data and using new
12-21 00:41:20.569  2298  5074 E SmcInvoke_MinkDescriptor: mem obj with id :15 not found in list
12-21 00:41:20.569  2298  2298 I android.hardware.secure_element-service.qti: transmit response: 030050a04ea0188002fe008108014027324d27b660820801188b868fbecbffa0188002fe0f8108f14027324d27b660820801188b868fbecbffa0188002000381080140f0d66d27b660820801188b868fbecbff9000 (85)
12-21 00:41:20.569  4870 17030 W SecureElement-Terminal-eSE1: Enable access control on logical channel for com.felicanetworks.mfc
12-21 00:41:20.569  2298  2298 I android.hardware.secure_element-service.qti: openLogicalChannel aid: *** (9) p2 
12-21 00:41:20.569  2298  2298 D GPQeSE-HAL: getAtrVendorID vendorId is : 33
12-21 00:41:20.569  2298  2298 D GPQeSE-HAL: max supported channels - 5
12-21 00:41:20.569  2298  2298 I DMABUFHEAPS: Using DMA-BUF heap named: qcom,qseecom-ta
12-21 00:41:20.585  2298  5074 E SmcInvoke_MinkDescriptor: mem obj with id :15 not found in list
12-21 00:41:20.585  2298  2298 I DMABUFHEAPS: Using DMA-BUF heap named: qcom,qseecom-ta
12-21 00:41:20.588  3231  3773 I AppsFilter: interaction: PackageSetting{a52210a com.android.microdroid.empty_payload/10345} -> PackageSetting{4e7984d tokyo.isseikuzumaki.vibeterminal/10018} BLOCKED
12-21 00:41:20.588  3231  3773 I AppsFilter: interaction: PackageSetting{cff5276 tokyo.isseikuzumaki.quickdeploy/10514} -> PackageSetting{4e7984d tokyo.isseikuzumaki.vibeterminal/10018} BLOCKED
12-21 00:41:20.588  3231  3773 I AppsFilter: interaction: PackageSetting{9419de7 tokyo.isseikuzumaki.unison/10528} -> PackageSetting{4e7984d tokyo.isseikuzumaki.vibeterminal/10018} BLOCKED
12-21 00:41:20.588  3231  3773 I AppsFilter: interaction: PackageSetting{de9eebb tokyo.isseikuzumaki.audioscriptplayer/10523} -> PackageSetting{4e7984d tokyo.isseikuzumaki.vibeterminal/10018} BLOCKED
12-21 00:41:20.588  3231  3773 I AppsFilter: interaction: PackageSetting{a52210a com.android.microdroid.empty_payload/10345} -> PackageSetting{fd71595 tokyo.isseikuzumaki.vibeterminal/10018} BLOCKED
12-21 00:41:20.588  3231  3773 I AppsFilter: interaction: PackageSetting{cff5276 tokyo.isseikuzumaki.quickdeploy/10514} -> PackageSetting{fd71595 tokyo.isseikuzumaki.vibeterminal/10018} BLOCKED
12-21 00:41:20.588  3231  3773 I AppsFilter: interaction: PackageSetting{9419de7 tokyo.isseikuzumaki.unison/10528} -> PackageSetting{fd71595 tokyo.isseikuzumaki.vibeterminal/10018} BLOCKED
12-21 00:41:20.588  3231  3773 I AppsFilter: interaction: PackageSetting{de9eebb tokyo.isseikuzumaki.audioscriptplayer/10523} -> PackageSetting{fd71595 tokyo.isseikuzumaki.vibeterminal/10018} BLOCKED
12-21 00:41:20.595  2298  5074 E SmcInvoke_MinkDescriptor: mem obj with id :15 not found in list
12-21 00:41:20.595  2298  2298 I android.hardware.secure_element-service.qti: openLogicalChanneleSE channel : 2
12-21 00:41:20.595  2298  2298 I android.hardware.secure_element-service.qti: transmit data: 82cadf2000 (5)
12-21 00:41:20.595  2298  2298 D GPQeSE-HAL: getAtrVendorID vendorId is : 33
12-21 00:41:20.595  2298  2298 I DMABUFHEAPS: Using DMA-BUF heap named: qcom,qseecom-ta
12-21 00:41:20.601  2298  2298 I android.hardware.secure_element-service.qti: transmit response: df20081c57f04163b35ee99000 (13)
12-21 00:41:20.601  4870 17030 I SecureElement-AraController: Refresh tag unchanged. Using access rules from cache.
12-21 00:41:20.601  2298  2298 I android.hardware.secure_element-service.qti: closeChannel channel number: 2
12-21 00:41:20.601  2298  5074 E SmcInvoke_MinkDescriptor: Invalid handle 15
12-21 00:41:20.601  2298  2298 D GPQeSE-HAL: getAtrVendorID vendorId is : 33
12-21 00:41:20.601  2298  2298 I DMABUFHEAPS: Using DMA-BUF heap named: qcom,qseecom-ta
12-21 00:41:20.608  2298  2298 D GPQeSE-HAL: Channel number 1 still open
12-21 00:41:20.608  2298  5074 E SmcInvoke_MinkDescriptor: Invalid handle 15
12-21 00:41:20.608  2298  2298 I android.hardware.secure_element-service.qti: openLogicalChannel aid: *** (16) p2 
12-21 00:41:20.608  2298  2298 D GPQeSE-HAL: getAtrVendorID vendorId is : 33
12-21 00:41:20.608  2298  2298 D GPQeSE-HAL: max supported channels - 5
12-21 00:41:20.608  2298  2298 I DMABUFHEAPS: Using DMA-BUF heap named: qcom,qseecom-ta
12-21 00:41:20.611  3231  3394 I ActivityManager: Force stopping tokyo.isseikuzumaki.vibeterminal appid=10018 user=-1: installPackageLI
12-21 00:41:20.612  3231  3773 I PackageManager: installation completed for package:tokyo.isseikuzumaki.vibeterminal. Final code path: /data/app/~~0FWWPYFFEpbfmBmAeASV5g==/tokyo.isseikuzumaki.vibeterminal-Wb-keHLIfq00BswtUz7RyQ==
12-21 00:41:20.612  3231  3773 I AppsFilter: interaction: PackageSetting{698b982 com.android.microdroid.empty_payload/10345} -> PackageSetting{88cff80 tokyo.isseikuzumaki.vibeterminal/10018} BLOCKED
12-21 00:41:20.612  3231  3773 I AppsFilter: interaction: PackageSetting{5c60d0 tokyo.isseikuzumaki.quickdeploy/10514} -> PackageSetting{88cff80 tokyo.isseikuzumaki.vibeterminal/10018} BLOCKED
12-21 00:41:20.612  3231  3773 I AppsFilter: interaction: PackageSetting{db4c8c9 tokyo.isseikuzumaki.unison/10528} -> PackageSetting{88cff80 tokyo.isseikuzumaki.vibeterminal/10018} BLOCKED
12-21 00:41:20.612  3231  3773 I AppsFilter: interaction: PackageSetting{f9cebce tokyo.isseikuzumaki.audioscriptplayer/10523} -> PackageSetting{88cff80 tokyo.isseikuzumaki.vibeterminal/10018} BLOCKED
12-21 00:41:20.619  3231  3773 I ActivityManager: Force stopping tokyo.isseikuzumaki.vibeterminal appid=10018 user=0: pkg removed
12-21 00:41:20.620  3231  3773 W IPCThreadState: Sending oneway calls to frozen process.
12-21 00:41:20.620  3231  3773 W IPCThreadState: Sending oneway calls to frozen process.
12-21 00:41:20.620  3231  3773 W IPCThreadState: Sending oneway calls to frozen process.
12-21 00:41:20.620  3231  3773 W IPCThreadState: Sending oneway calls to frozen process.
12-21 00:41:20.620  3231  3773 W IPCThreadState: Sending oneway calls to frozen process.
12-21 00:41:20.620  3231  3773 W IPCThreadState: Sending oneway calls to frozen process.
12-21 00:41:20.620  3231  3773 W IPCThreadState: Sending oneway calls to frozen process.
12-21 00:41:20.620  3231  3773 W IPCThreadState: Sending oneway calls to frozen process.
12-21 00:41:20.620  3231  3773 W IPCThreadState: Sending oneway calls to frozen process.
12-21 00:41:20.620  3231  3773 W IPCThreadState: Sending oneway calls to frozen process.
12-21 00:41:20.620  3231  3773 W IPCThreadState: Sending oneway calls to frozen process.
12-21 00:41:20.620  3231  3773 W IPCThreadState: Sending oneway calls to frozen process.
12-21 00:41:20.620  3231  3773 W IPCThreadState: Sending oneway calls to frozen process.
12-21 00:41:20.620  3231  3773 W IPCThreadState: Sending oneway calls to frozen process.
12-21 00:41:20.620  3231  3773 W IPCThreadState: Sending oneway calls to frozen process.
12-21 00:41:20.620  3231  3773 W IPCThreadState: Sending oneway calls to frozen process.
12-21 00:41:20.620  3231  3773 W IPCThreadState: Sending oneway calls to frozen process.
12-21 00:41:20.620  3231  3773 W IPCThreadState: Sending oneway calls to frozen process.
12-21 00:41:20.620  3231  3773 W IPCThreadState: Sending oneway calls to frozen process.
12-21 00:41:20.621  3231  3773 W IPCThreadState: Sending oneway calls to frozen process.
12-21 00:41:20.621  3231  3773 W IPCThreadState: Sending oneway calls to frozen process.
12-21 00:41:20.621  3231  3773 W IPCThreadState: Sending oneway calls to frozen process.
12-21 00:41:20.621  3231  3773 W IPCThreadState: Sending oneway calls to frozen process.
12-21 00:41:20.621  3231  3773 W IPCThreadState: Sending oneway calls to frozen process.
12-21 00:41:20.621  3231  3773 W IPCThreadState: Sending oneway calls to frozen process.
12-21 00:41:20.621  3231  3773 W IPCThreadState: Sending oneway calls to frozen process.
12-21 00:41:20.621  3231  3773 W IPCThreadState: Sending oneway calls to frozen process.
12-21 00:41:20.621  3231  3773 W IPCThreadState: Sending oneway calls to frozen process.
12-21 00:41:20.621  3231  3773 W IPCThreadState: Sending oneway calls to frozen process.
12-21 00:41:20.621  3231  3773 W IPCThreadState: Sending oneway calls to frozen process.
12-21 00:41:20.621  3231  3773 W IPCThreadState: Sending oneway calls to frozen process.
12-21 00:41:20.621  3231  3773 W IPCThreadState: Sending oneway calls to frozen process.
12-21 00:41:20.621  3231  3773 W IPCThreadState: Sending oneway calls to frozen process.
12-21 00:41:20.621  3231  3773 W IPCThreadState: Sending oneway calls to frozen process.
12-21 00:41:20.621  3231  3773 W IPCThreadState: Sending oneway calls to frozen process.
12-21 00:41:20.621  3231  3773 W IPCThreadState: Sending oneway calls to frozen process.
12-21 00:41:20.621  3231  3773 W IPCThreadState: Sending oneway calls to frozen process.
12-21 00:41:20.621  3231  3773 W IPCThreadState: Sending oneway calls to frozen process.
12-21 00:41:20.621  3231  3773 W IPCThreadState: Sending oneway calls to frozen process.
12-21 00:41:20.621  3231  3773 W IPCThreadState: Sending oneway calls to frozen process.
12-21 00:41:20.621  3231  3773 W IPCThreadState: Sending oneway calls to frozen process.
12-21 00:41:20.621  3231  3773 W IPCThreadState: Sending oneway calls to frozen process.
12-21 00:41:20.621  3231  3773 W IPCThreadState: Sending oneway calls to frozen process.
12-21 00:41:20.621  3231  3773 W IPCThreadState: Sending oneway calls to frozen process.
12-21 00:41:20.621  3231  3773 W IPCThreadState: Sending oneway calls to frozen process.
12-21 00:41:20.621  3231  3773 W IPCThreadState: Sending oneway calls to frozen process.
12-21 00:41:20.621  3231  3773 W IPCThreadState: Sending oneway calls to frozen process.
12-21 00:41:20.621  3231  3773 W IPCThreadState: Sending oneway calls to frozen process.
12-21 00:41:20.621  3231  3773 W IPCThreadState: Sending oneway calls to frozen process.
12-21 00:41:20.621  3231  3773 W IPCThreadState: Sending oneway calls to frozen process.
12-21 00:41:20.621  3231  3773 W IPCThreadState: Sending oneway calls to frozen process.
12-21 00:41:20.621  3231  3773 W IPCThreadState: Sending oneway calls to frozen process.
12-21 00:41:20.621  3231  3773 W IPCThreadState: Sending oneway calls to frozen process.
12-21 00:41:20.621  3231  3773 W IPCThreadState: Sending oneway calls to frozen process.
12-21 00:41:20.621  3231  3773 W IPCThreadState: Sending oneway calls to frozen process.
12-21 00:41:20.621  3231  3773 W IPCThreadState: Sending oneway calls to frozen process.
12-21 00:41:20.621  3231  3773 W IPCThreadState: Sending oneway calls to frozen process.
12-21 00:41:20.621  3231  3773 W IPCThreadState: Sending oneway calls to frozen process.
12-21 00:41:20.621  3231  3773 W IPCThreadState: Sending oneway calls to frozen process.
12-21 00:41:20.621  3231  3773 W IPCThreadState: Sending oneway calls to frozen process.
12-21 00:41:20.621  3231  3773 W IPCThreadState: Sending oneway calls to frozen process.
12-21 00:41:20.621  3231  3773 W IPCThreadState: Sending oneway calls to frozen process.
12-21 00:41:20.621  3231  3773 W IPCThreadState: Sending oneway calls to frozen process.
12-21 00:41:20.621  3231  3773 W IPCThreadState: Sending oneway calls to frozen process.
12-21 00:41:20.621  3231  3773 W IPCThreadState: Sending oneway calls to frozen process.
12-21 00:41:20.621  3231  3773 W IPCThreadState: Sending oneway calls to frozen process.
12-21 00:41:20.621  3231  3773 W IPCThreadState: Sending oneway calls to frozen process.
12-21 00:41:20.621  3231  3773 W IPCThreadState: Sending oneway calls to frozen process.
12-21 00:41:20.621  3231  3773 W IPCThreadState: Sending oneway calls to frozen process.
12-21 00:41:20.622  3231  3773 W IPCThreadState: Sending oneway calls to frozen process.
12-21 00:41:20.622  3231  3773 W IPCThreadState: Sending oneway calls to frozen process.
12-21 00:41:20.622  3231  3773 W IPCThreadState: Sending oneway calls to frozen process.
12-21 00:41:20.622  3231  3773 W IPCThreadState: Sending oneway calls to frozen process.
12-21 00:41:20.622  3231  3773 W IPCThreadState: Sending oneway calls to frozen process.
12-21 00:41:20.622  3231  3773 W IPCThreadState: Sending oneway calls to frozen process.
12-21 00:41:20.622  3231  3773 W IPCThreadState: Sending oneway calls to frozen process.
12-21 00:41:20.622  3231  3773 W IPCThreadState: Sending oneway calls to frozen process.
12-21 00:41:20.622  3231  3773 W IPCThreadState: Sending oneway calls to frozen process.
12-21 00:41:20.622  3231  3773 W IPCThreadState: Sending oneway calls to frozen process.
12-21 00:41:20.622  3231  3773 W IPCThreadState: Sending oneway calls to frozen process.
12-21 00:41:20.622  3231  3773 W IPCThreadState: Sending oneway calls to frozen process.
12-21 00:41:20.622  3231  3773 W IPCThreadState: Sending oneway calls to frozen process.
12-21 00:41:20.622  3231  3773 W IPCThreadState: Sending oneway calls to frozen process.
12-21 00:41:20.622  3231  3773 W IPCThreadState: Sending oneway calls to frozen process.
12-21 00:41:20.622  3231  3773 W IPCThreadState: Sending oneway calls to frozen process.
12-21 00:41:20.622  3231  3773 W IPCThreadState: Sending oneway calls to frozen process.
12-21 00:41:20.622  3231  3773 W IPCThreadState: Sending oneway calls to frozen process.
12-21 00:41:20.622  3231  3773 W IPCThreadState: Sending oneway calls to frozen process.
12-21 00:41:20.622  3231  3773 W IPCThreadState: Sending oneway calls to frozen process.
12-21 00:41:20.622  3231  3773 W IPCThreadState: Sending oneway calls to frozen process.
12-21 00:41:20.622  3231  3773 W IPCThreadState: Sending oneway calls to frozen process.
12-21 00:41:20.622  3231  3773 W IPCThreadState: Sending oneway calls to frozen process.
12-21 00:41:20.622  3231  3773 W IPCThreadState: Sending oneway calls to frozen process.
12-21 00:41:20.622  3231  3773 W IPCThreadState: Sending oneway calls to frozen process.
12-21 00:41:20.622  3231  3773 W IPCThreadState: Sending oneway calls to frozen process.
12-21 00:41:20.622  3231  3773 W IPCThreadState: Sending oneway calls to frozen process.
12-21 00:41:20.622  3231  3773 W IPCThreadState: Sending oneway calls to frozen process.
12-21 00:41:20.622  3231  3773 W IPCThreadState: Sending oneway calls to frozen process.
12-21 00:41:20.622  3231  3773 W IPCThreadState: Sending oneway calls to frozen process.
12-21 00:41:20.622  3231  3773 W IPCThreadState: Sending oneway calls to frozen process.
12-21 00:41:20.622  3231  3773 W IPCThreadState: Sending oneway calls to frozen process.
12-21 00:41:20.622  3231  3773 W IPCThreadState: Sending oneway calls to frozen process.
12-21 00:41:20.622  3231  3773 W IPCThreadState: Sending oneway calls to frozen process.
12-21 00:41:20.622  3231  3773 W IPCThreadState: Sending oneway calls to frozen process.
12-21 00:41:20.622  3231  3773 W IPCThreadState: Sending oneway calls to frozen process.
12-21 00:41:20.622  3231  3773 W IPCThreadState: Sending oneway calls to frozen process.
12-21 00:41:20.622  3231  3773 W IPCThreadState: Sending oneway calls to frozen process.
