12-21 00:36:22.742  3231  3348 W IPCThreadState: Sending oneway calls to frozen process.
12-21 00:36:22.742  3231  3348 W IPCThreadState: Sending oneway calls to frozen process.
12-21 00:36:22.742  3231  3348 W IPCThreadState: Sending oneway calls to frozen process.
12-21 00:36:22.742  3231  3348 W IPCThreadState: Sending oneway calls to frozen process.
12-21 00:36:22.742  3231  3348 W IPCThreadState: Sending oneway calls to frozen process.
12-21 00:36:22.742  3231  3348 W IPCThreadState: Sending oneway calls to frozen process.
12-21 00:36:22.742  3231  3348 W IPCThreadState: Sending oneway calls to frozen process.
12-21 00:36:22.742  3231  3348 W IPCThreadState: Sending oneway calls to frozen process.
12-21 00:36:22.742  3231  3348 W IPCThreadState: Sending oneway calls to frozen process.
12-21 00:36:22.742  3231  3348 W IPCThreadState: Sending oneway calls to frozen process.
12-21 00:36:22.742  3231  3348 W IPCThreadState: Sending oneway calls to frozen process.
12-21 00:36:22.742  3231  3348 W IPCThreadState: Sending oneway calls to frozen process.
12-21 00:36:22.742  3231  3348 W IPCThreadState: Sending oneway calls to frozen process.
12-21 00:36:22.742  3231  3348 W IPCThreadState: Sending oneway calls to frozen process.
12-21 00:36:22.742  3231  3348 W IPCThreadState: Sending oneway calls to frozen process.
12-21 00:36:22.742  3231  3348 W IPCThreadState: Sending oneway calls to frozen process.
12-21 00:36:22.742  3231  3348 W IPCThreadState: Sending oneway calls to frozen process.
12-21 00:36:22.742  3231  3348 W IPCThreadState: Sending oneway calls to frozen process.
12-21 00:36:22.742  3231  3348 W IPCThreadState: Sending oneway calls to frozen process.
12-21 00:36:22.742  3231  3348 W IPCThreadState: Sending oneway calls to frozen process.
12-21 00:36:22.742  3231  3348 W IPCThreadState: Sending oneway calls to frozen process.
12-21 00:36:22.742  3231  3348 W IPCThreadState: Sending oneway calls to frozen process.
12-21 00:36:22.742  3231  3348 W IPCThreadState: Sending oneway calls to frozen process.
12-21 00:36:22.742  3231  3348 W IPCThreadState: Sending oneway calls to frozen process.
12-21 00:36:22.742  3231  3348 W IPCThreadState: Sending oneway calls to frozen process.
12-21 00:36:22.742  3231  3348 W IPCThreadState: Sending oneway calls to frozen process.
12-21 00:36:22.743  3231  3348 W IPCThreadState: Sending oneway calls to frozen process.
12-21 00:36:22.743  3231  3348 W IPCThreadState: Sending oneway calls to frozen process.
12-21 00:36:22.743  3231  3348 W IPCThreadState: Sending oneway calls to frozen process.
12-21 00:36:22.743  3231  3348 W IPCThreadState: Sending oneway calls to frozen process.
12-21 00:36:22.743  3231  3348 W IPCThreadState: Sending oneway calls to frozen process.
12-21 00:36:22.743  3231  3348 W IPCThreadState: Sending oneway calls to frozen process.
12-21 00:36:22.743  3231  3348 W IPCThreadState: Sending oneway calls to frozen process.
12-21 00:36:22.743  3231  3348 W IPCThreadState: Sending oneway calls to frozen process.
12-21 00:36:22.743  3231  3348 W IPCThreadState: Sending oneway calls to frozen process.
12-21 00:36:22.743  3231  3348 W IPCThreadState: Sending oneway calls to frozen process.
12-21 00:36:22.743  3231  3348 W IPCThreadState: Sending oneway calls to frozen process.
12-21 00:36:22.743  3231  3348 W IPCThreadState: Sending oneway calls to frozen process.
12-21 00:36:22.743  5088  5119 W HWUI    : Image decoding logging dropped!
12-21 00:36:22.743  3231  3348 W IPCThreadState: Sending oneway calls to frozen process.
12-21 00:36:22.743  3231  3348 W IPCThreadState: Sending oneway calls to frozen process.
12-21 00:36:22.743  3231  3348 W IPCThreadState: Sending oneway calls to frozen process.
12-21 00:36:22.743  3231  3348 W IPCThreadState: Sending oneway calls to frozen process.
12-21 00:36:22.743  3231  3348 W IPCThreadState: Sending oneway calls to frozen process.
12-21 00:36:22.743  3231  3348 W IPCThreadState: Sending oneway calls to frozen process.
12-21 00:36:22.743  3231  3348 W IPCThreadState: Sending oneway calls to frozen process.
12-21 00:36:22.743  3231  3348 W IPCThreadState: Sending oneway calls to frozen process.
12-21 00:36:22.743  3231  3348 W IPCThreadState: Sending oneway calls to frozen process.
12-21 00:36:22.743  3231  3348 W IPCThreadState: Sending oneway calls to frozen process.
12-21 00:36:22.743  3231  3348 W IPCThreadState: Sending oneway calls to frozen process.
12-21 00:36:22.743  3231  3348 W IPCThreadState: Sending oneway calls to frozen process.
12-21 00:36:22.743  3231  3348 W IPCThreadState: Sending oneway calls to frozen process.
12-21 00:36:22.743  3231  3348 W IPCThreadState: Sending oneway calls to frozen process.
12-21 00:36:22.743  3231  3348 W IPCThreadState: Sending oneway calls to frozen process.
12-21 00:36:22.743  3231  3348 W IPCThreadState: Sending oneway calls to frozen process.
12-21 00:36:22.743  3231  3348 W IPCThreadState: Sending oneway calls to frozen process.
12-21 00:36:22.743  3231  3348 W IPCThreadState: Sending oneway calls to frozen process.
12-21 00:36:22.743  3231  3348 W IPCThreadState: Sending oneway calls to frozen process.
12-21 00:36:22.743  3231  3348 W IPCThreadState: Sending oneway calls to frozen process.
12-21 00:36:22.743  3231  3348 W IPCThreadState: Sending oneway calls to frozen process.
12-21 00:36:22.743  3231  3348 W IPCThreadState: Sending oneway calls to frozen process.
12-21 00:36:22.743  3231  3348 W IPCThreadState: Sending oneway calls to frozen process.
12-21 00:36:22.743  3231  3348 W IPCThreadState: Sending oneway calls to frozen process.
12-21 00:36:22.743  3231  3348 W IPCThreadState: Sending oneway calls to frozen process.
12-21 00:36:22.743  3231  3348 W IPCThreadState: Sending oneway calls to frozen process.
12-21 00:36:22.744  3231  3348 W IPCThreadState: Sending oneway calls to frozen process.
12-21 00:36:22.744  3231  3348 W IPCThreadState: Sending oneway calls to frozen process.
12-21 00:36:22.744  3231  3348 W IPCThreadState: Sending oneway calls to frozen process.
12-21 00:36:22.744  3231  3348 W IPCThreadState: Sending oneway calls to frozen process.
12-21 00:36:22.744  3231  3348 W IPCThreadState: Sending oneway calls to frozen process.
12-21 00:36:22.744  3231  3348 W IPCThreadState: Sending oneway calls to frozen process.
12-21 00:36:22.744  3231  3348 W IPCThreadState: Sending oneway calls to frozen process.
12-21 00:36:22.744  3231  3348 W IPCThreadState: Sending oneway calls to frozen process.
12-21 00:36:22.744  3231  3348 W IPCThreadState: Sending oneway calls to frozen process.
12-21 00:36:22.744  3231  3348 W IPCThreadState: Sending oneway calls to frozen process.
12-21 00:36:22.744  3231  3348 W IPCThreadState: Sending oneway calls to frozen process.
12-21 00:36:22.744  3231  3348 W IPCThreadState: Sending oneway calls to frozen process.
12-21 00:36:22.744  3231  3348 W IPCThreadState: Sending oneway calls to frozen process.
12-21 00:36:22.744  3231  3348 W IPCThreadState: Sending oneway calls to frozen process.
12-21 00:36:22.744  3231  3348 W IPCThreadState: Sending oneway calls to frozen process.
12-21 00:36:22.744  3231  3348 W IPCThreadState: Sending oneway calls to frozen process.
12-21 00:36:22.744  3231  3348 W IPCThreadState: Sending oneway calls to frozen process.
12-21 00:36:22.744  3231  3348 W IPCThreadState: Sending oneway calls to frozen process.
12-21 00:36:22.744  3231  3348 W IPCThreadState: Sending oneway calls to frozen process.
12-21 00:36:22.744  3231  3348 W IPCThreadState: Sending oneway calls to frozen process.
12-21 00:36:22.744  3231  3348 W IPCThreadState: Sending oneway calls to frozen process.
12-21 00:36:22.744  3231  3348 W IPCThreadState: Sending oneway calls to frozen process.
12-21 00:36:22.744  3231  3348 W IPCThreadState: Sending oneway calls to frozen process.
12-21 00:36:22.744  3231  3348 W IPCThreadState: Sending oneway calls to frozen process.
12-21 00:36:22.744  3231  3348 W IPCThreadState: Sending oneway calls to frozen process.
12-21 00:36:22.744  3231  3348 W IPCThreadState: Sending oneway calls to frozen process.
12-21 00:36:22.744  3231  3348 W IPCThreadState: Sending oneway calls to frozen process.
12-21 00:36:22.744  3231  3348 W IPCThreadState: Sending oneway calls to frozen process.
12-21 00:36:22.744  3231  3348 W IPCThreadState: Sending oneway calls to frozen process.
12-21 00:36:22.744  3231  3348 W IPCThreadState: Sending oneway calls to frozen process.
12-21 00:36:22.744  3231  3348 W IPCThreadState: Sending oneway calls to frozen process.
12-21 00:36:22.744  3231  3348 W IPCThreadState: Sending oneway calls to frozen process.
12-21 00:36:22.744  3231  3348 W IPCThreadState: Sending oneway calls to frozen process.
12-21 00:36:22.744  3231  3348 W IPCThreadState: Sending oneway calls to frozen process.
12-21 00:36:22.744  3231  3348 W IPCThreadState: Sending oneway calls to frozen process.
12-21 00:36:22.744  3231  3348 W IPCThreadState: Sending oneway calls to frozen process.
12-21 00:36:22.744  3231  3348 W IPCThreadState: Sending oneway calls to frozen process.
12-21 00:36:22.744  3231  3348 W IPCThreadState: Sending oneway calls to frozen process.
12-21 00:36:22.744  3231  3348 W IPCThreadState: Sending oneway calls to frozen process.
12-21 00:36:22.744  3231  3348 W IPCThreadState: Sending oneway calls to frozen process.
12-21 00:36:22.744  3231  3348 W IPCThreadState: Sending oneway calls to frozen process.
12-21 00:36:22.744  3231  3348 W IPCThreadState: Sending oneway calls to frozen process.
12-21 00:36:22.744  3231  3348 W IPCThreadState: Sending oneway calls to frozen process.
12-21 00:36:22.744  3231  3348 W IPCThreadState: Sending oneway calls to frozen process.
12-21 00:36:22.747  2689  2717 W JavaDumper:FW:  ramdump_framework.c(2052): crashinfo.done not created
12-21 00:36:22.747  2689  2717 I JavaDumper:JavaDumperThread: Deleted /data/system/log/jd_dropboxfiles/data_app_crash@1766244982681.txt.gz
12-21 00:36:22.748  3231  4318 I ImeTracker: com.sonymobile.launcher:17f3108e: onRequestHide at ORIGIN_SERVER reason HIDE_UNSPECIFIED_WINDOW fromUser false
12-21 00:36:22.748  5088  5088 D InsetsController: hide(ime(), fromIme=false)
12-21 00:36:22.748  5088  5088 I ImeTracker: com.sonymobile.launcher:17f3108e: onCancelled at PHASE_CLIENT_ALREADY_HIDDEN
12-21 00:36:22.749  7757  7757 I GoogleInputMethodService: GoogleInputMethodService.onFinishInput():2092 
12-21 00:36:22.749  7757  7757 I Module  : DeviceLockedStatusModuleProvider$Module.updateDeviceLockedStatus():103 repeatCheckTimes = 0, locked = false
12-21 00:36:22.749  7757  7757 I GoogleInputMethodService: GoogleInputMethodService.onStartInput():1349 onStartInput(EditorInfo{EditorInfo{packageName=com.sonymobile.launcher, inputType=0, inputTypeString=NULL, enableLearning=false, autoCorrection=false, autoComplete=false, imeOptions=0, privateImeOptions=null, actionName=UNSPECIFIED, actionLabel=null, initialSelStart=-1, initialSelEnd=-1, initialCapsMode=0, label=null, fieldId=0, fieldName=null, extras=null, hintText=null, hintLocales=[]}}, false)
12-21 00:36:22.749  7757  7757 I Module  : DeviceLockedStatusModuleProvider$Module.updateDeviceLockedStatus():103 repeatCheckTimes = 1, locked = false
12-21 00:36:22.749  7757  7757 I HardKeyTracker: HardKeyTracker.registerKeySequence():170 Register key sequence nys{labelResId=0, callback=gjm@66f7dd1, lastModifier=0, keyCodes=[57, 57], actions=[1, 0]}
12-21 00:36:22.749  7757  7757 I HardKeyTracker: HardKeyTracker.registerKeySequence():170 Register key sequence nys{labelResId=0, callback=gjm@6747036, lastModifier=0, keyCodes=[58, 58], actions=[1, 0]}
12-21 00:36:22.750  3231  4205 I ImeTracker: system_server:ac2d7718: onRequestHide at ORIGIN_SERVER reason IME_REQUESTED_CHANGED_LISTENER fromUser false
12-21 00:36:22.750  3231  4205 W PackageConfigPersister: App-specific configuration not found for packageName: com.sonymobile.launcher and userId: 0
12-21 00:36:22.751  3231  3348 I ImeTracker: system_server:ac2d7718: onCancelled at PHASE_SERVER_SHOULD_HIDE
12-21 00:36:22.751  4592  4659 D WindowManagerShell: onKeepClearAreasChanged: restricted={}, unrestricted={}
12-21 00:36:22.752  2324  2493 E PERFHAL-SSLITE: PERFHAL-SSLITE: CheckOngoingScenario() 53: SSLite is disabled on this target
12-21 00:36:22.752  2324  2493 E PERFHAL-SSLITE: PERFHAL-SSLITE: StartScenario() 75: SSLite is disabled on this target
12-21 00:36:22.759  3231  3349 I ImeTracker: system_server:7e5a1beb: onRequestShow at ORIGIN_SERVER reason CONTROLS_CHANGED fromUser false
12-21 00:36:22.762  5088  5088 I ImeTracker: system_server:7e5a1beb: onCancelled at PHASE_CLIENT_ON_CONTROLS_CHANGED
12-21 00:36:22.767  4929  5918 I MiscTAController: read() unit: 4904
12-21 00:36:22.768  4929  5918 I MiscTAController: misctaGetUnitSize() returns MT_NOTFOUND
12-21 00:36:22.768  4929  5918 I MiscTAController: read() unit: 4905
12-21 00:36:22.768  4929  5918 I MiscTAController: misctaGetUnitSize() returns MT_NOTFOUND
12-21 00:36:22.768  4929  5918 I MiscTAController: read() unit: 4915
12-21 00:36:22.769  4929  5918 I MiscTAController: misctaGetUnitSize() returns MT_NOTFOUND
12-21 00:36:22.769  4929  5918 I MiscTAController: read() unit: 2207
12-21 00:36:22.769  4929  5918 I MiscTAController: misctaGetUnitSize() size = 34
12-21 00:36:22.769  4929  5918 I MiscTAController: Miscta read success, size = 34
12-21 00:36:22.769  4929  5918 I MiscTAController: misctaReadUnit() successfully, data = [56, 55, 53, 48, 45, 48, 48, 48, 49, 95, 88, 95, 66, 111, 111, 116, 95, 83, 77, 56, 55, 53, 48, 95, 76, 65, 49, 46, 48, 95, 86, 95, 51, 50]
12-21 00:36:22.770  4929  5918 I MiscTAController: read() unit: 2207
12-21 00:36:22.770  4929  5918 I MiscTAController: misctaGetUnitSize() size = 34
12-21 00:36:22.770  4929  5918 I MiscTAController: Miscta read success, size = 34
12-21 00:36:22.770  4929  5918 I MiscTAController: misctaReadUnit() successfully, data = [56, 55, 53, 48, 45, 48, 48, 48, 49, 95, 88, 95, 66, 111, 111, 116, 95, 83, 77, 56, 55, 53, 48, 95, 76, 65, 49, 46, 48, 95, 86, 95, 51, 50]
12-21 00:36:22.884  2426  2426 E BpTransactionCompletedListener: Failed to transact (-32)
12-21 00:36:23.068  4592  4592 W Paint   : The elegant text height cannot be turned off.
12-21 00:36:23.068  4592  4592 W Paint   : The elegant text height cannot be turned off.
12-21 00:36:23.068  4592  4592 W Paint   : The elegant text height cannot be turned off.
12-21 00:36:23.069  4592  4592 W Paint   : The elegant text height cannot be turned off.
12-21 00:36:23.070  4592  4592 W Paint   : The elegant text height cannot be turned off.
12-21 00:36:23.070  4592  4592 W Paint   : The elegant text height cannot be turned off.
12-21 00:36:23.180  3231  3348 W ActivityTaskManager: Activity top resumed state loss timeout for ActivityRecord{74616216 u0 tokyo.isseikuzumaki.vibeterminal/.MainActivity t5955 f} isExiting}
12-21 00:36:23.196  2327  2327 I vendor.qti.hardware.servicetrackeraidl-service: bindService is called for service : com.google.android.gms/.chimera.PersistentDirectBootAwareApiService and for client com.google.android.gms.persistent
12-21 00:36:23.196  2327  2327 I vendor.qti.hardware.servicetrackeraidl-service: total connections for service : com.google.android.gms/.chimera.PersistentDirectBootAwareApiServiceare :30
12-21 00:36:23.196  2327  2327 I vendor.qti.hardware.servicetrackeraidl-service: total connections for client : com.google.android.gms.persistentare :6
12-21 00:36:23.199  2327  2327 I vendor.qti.hardware.servicetrackeraidl-service: bindService is called for service : com.google.android.gms/.chimera.PersistentApiService and for client com.google.android.gms.persistent
12-21 00:36:23.199  2327  2327 I vendor.qti.hardware.servicetrackeraidl-service: total connections for service : com.google.android.gms/.chimera.PersistentApiServiceare :41
12-21 00:36:23.199  2327  2327 I vendor.qti.hardware.servicetrackeraidl-service: total connections for client : com.google.android.gms.persistentare :6
12-21 00:36:23.203  2327  2327 I vendor.qti.hardware.servicetrackeraidl-service: bindService is called for service : com.google.android.gms/com.google.android.location.reporting.service.ReportingAndroidService and for client com.google.android.gms.persistent
12-21 00:36:23.203  2327  2327 I vendor.qti.hardware.servicetrackeraidl-service: total connections for service : com.google.android.gms/com.google.android.location.reporting.service.ReportingAndroidServiceare :1
12-21 00:36:23.203  2327  2327 I vendor.qti.hardware.servicetrackeraidl-service: total connections for client : com.google.android.gms.persistentare :7
12-21 00:36:23.204  2327  2327 I vendor.qti.hardware.servicetrackeraidl-service: bindService is called for service : com.google.android.gms/.chimera.GmsApiService and for client com.google.android.gms.persistent
12-21 00:36:23.204  2327  2327 I vendor.qti.hardware.servicetrackeraidl-service: total connections for service : com.google.android.gms/.chimera.GmsApiServiceare :3
12-21 00:36:23.204  2327  2327 I vendor.qti.hardware.servicetrackeraidl-service: total connections for client : com.google.android.gms.persistentare :8
12-21 00:36:23.205  7516  7516 D BoundBrokerSvc: onBind: Intent { act=com.google.android.gms.semanticlocationhistory.service.START dat=chimera-action:/... xflg=0x4 cmp=com.google.android.gms/.chimera.GmsApiService }
12-21 00:36:23.205  7516  7516 D BoundBrokerSvc: Loading bound service for intent: Intent { act=com.google.android.gms.semanticlocationhistory.service.START dat=chimera-action:/... xflg=0x4 cmp=com.google.android.gms/.chimera.GmsApiService }
12-21 00:36:23.220  7757  7757 W TooltipLifecycleManager: TooltipLifecycleManager.dismissTooltips():153 Tooltip with id undo_access_point_promotion_banner not found in tooltipManager.
12-21 00:36:23.224  3231  4910 D FileUtils: Rounded bytes from 11708682240 to 16000000000
12-21 00:36:23.225  3231  4205 I ImeTracker: system_server:a8957570: onRequestHide at ORIGIN_SERVER reason IME_REQUESTED_CHANGED_LISTENER fromUser false
12-21 00:36:23.225  3231  3348 I ImeTracker: system_server:a8957570: onCancelled at PHASE_SERVER_SHOULD_HIDE
12-21 00:36:23.238  2327  2327 I vendor.qti.hardware.servicetrackeraidl-service: destroyService is called for service : com.google.android.gms/.stats.service.DropBoxEntryAddedService
12-21 00:36:23.241  2327  2327 I vendor.qti.hardware.servicetrackeraidl-service: bindService is called for service : com.google.android.gms/.chimera.PersistentDirectBootAwareApiService and for client com.google.android.gms.persistent
12-21 00:36:23.241  2327  2327 I vendor.qti.hardware.servicetrackeraidl-service: total connections for service : com.google.android.gms/.chimera.PersistentDirectBootAwareApiServiceare :30
12-21 00:36:23.241  2327  2327 I vendor.qti.hardware.servicetrackeraidl-service: total connections for client : com.google.android.gms.persistentare :8
12-21 00:36:23.716 22467 31664 I dxzo    : (REDACTED) appOpsListener %s %s
12-21 00:36:23.716 22467 31664 I dxzo    : (REDACTED) Ignoring irrelevant audio permission changes for package %s
12-21 00:36:23.729  5088  5088 D ScalingWorkspaceRevealAnim: alpha of workspace at the end of animation: 1.0
12-21 00:36:23.730  4592  4659 V WindowManagerShell: Transition animation finished (aborted=false), notifying core (#1566) android.os.BinderProxy@203c3b9@0
12-21 00:36:23.731  3231  3343 V WindowManager: Finish Transition (#1566): created at 12-21 00:36:22.679 collect-started=0.062ms request-sent=0.096ms started=2.164ms ready=33.219ms sent=53.901ms commit=11.167ms finished=1051.879ms
12-21 00:36:23.731  3231  4205 E IPCThreadState: Binder transaction failure. id: 37938570, BR_*: 29189, error: -22 (Invalid argument)
12-21 00:36:23.731  3231  4205 W ActivityManager: pid 3231 system sent binder code 7 with flags 1 to frozen apps and got error -32
12-21 00:36:23.731  3231  4205 D ActivityManager: Too many transaction errors, throttling freezer binder callback.
12-21 00:36:23.731  3231  4205 W WindowManager: Exception thrown during dispatchAppVisibility Window{b23f27 u0 tokyo.isseikuzumaki.vibeterminal/tokyo.isseikuzumaki.vibeterminal.MainActivity EXITING}
12-21 00:36:23.731  3231  4205 W WindowManager: android.os.DeadObjectException
12-21 00:36:23.731  3231  4205 W WindowManager: 	at android.os.BinderProxy.transactNative(Native Method)
12-21 00:36:23.731  3231  4205 W WindowManager: 	at android.os.BinderProxy.transact(BinderProxy.java:592)
12-21 00:36:23.731  3231  4205 W WindowManager: 	at android.view.IWindow$Stub$Proxy.dispatchAppVisibility(IWindow.java:557)
12-21 00:36:23.731  3231  4205 W WindowManager: 	at com.android.server.wm.WindowState.sendAppVisibilityToClients(WindowState.java:3170)
12-21 00:36:23.731  3231  4205 W WindowManager: 	at com.android.server.wm.WindowContainer.sendAppVisibilityToClients(WindowContainer.java:1311)
12-21 00:36:23.731  3231  4205 W WindowManager: 	at com.android.server.wm.WindowToken.setClientVisible(WindowToken.java:389)
12-21 00:36:23.731  3231  4205 W WindowManager: 	at com.android.server.wm.ActivityRecord.setClientVisible(ActivityRecord.java:6925)
12-21 00:36:23.731  3231  4205 W WindowManager: 	at com.android.server.wm.ActivityRecord.commitVisibility(ActivityRecord.java:5645)
12-21 00:36:23.731  3231  4205 W WindowManager: 	at com.android.server.wm.Transition.finishTransition(Transition.java:1443)
12-21 00:36:23.731  3231  4205 W WindowManager: 	at com.android.server.wm.TransitionController.finishTransition(TransitionController.java:1029)
12-21 00:36:23.731  3231  4205 W WindowManager: 	at com.android.server.wm.WindowOrganizerController.finishTransition(WindowOrganizerController.java:496)
12-21 00:36:23.731  3231  4205 W WindowManager: 	at android.window.IWindowOrganizerController$Stub.onTransact(IWindowOrganizerController.java:261)
12-21 00:36:23.731  3231  4205 W WindowManager: 	at com.android.server.wm.WindowOrganizerController.onTransact(WindowOrganizerController.java:223)
12-21 00:36:23.731  3231  4205 W WindowManager: 	at android.os.Binder.execTransactInternal(Binder.java:1426)
12-21 00:36:23.731  3231  4205 W WindowManager: 	at android.os.Binder.execTransact(Binder.java:1365)
12-21 00:36:23.732  3231  4205 W Process : Unable to open /proc/30213/status
12-21 00:36:23.734  4592  4659 V WindowManagerShell: Track 0 became idle
12-21 00:36:23.734  4592  4659 V WindowManagerShell: All active transition animations finished
12-21 00:36:23.735  5088  5088 D RecentsView: onTaskRemoved: 5955, not handling task stack changes
12-21 00:36:23.735  5088  5088 D RecentsView: onTaskRemoved: 5955, not handling task stack changes
12-21 00:36:23.751  2426  2426 E BpTransactionCompletedListener: Failed to transact (-32)
12-21 00:36:23.823  2320  2540 I SDM     : DisplayBase::CommitThread: Received Idle Timeout, panel: cmd, timeout: 70000 us
12-21 00:36:23.993  2426  3202 D DisplayModeController: setDesiredMode 147 {mode={fps=30.00 Hz, modePtr={id=4, vsyncRate=30.00 Hz, peakRefreshRate=30.00 Hz}}, emitEvent=false, force=false}
12-21 00:36:23.995  2324  2493 E PERFHAL-SSLITE: PERFHAL-SSLITE: CheckOngoingScenario() 53: SSLite is disabled on this target
12-21 00:36:23.996  2324  2493 E PERFHAL-SSLITE: PERFHAL-SSLITE: StartScenario() 75: SSLite is disabled on this target
12-21 00:36:23.996  2320  2320 W SDM     : HWDeviceDRM::GetSupportedBitClkRate: Requested rate not supported: 944000000
12-21 00:36:23.996  2320  2320 I SDM     : HWDeviceDRM::UpdateMixerAttributes: Mixer WxH 1080x2340-1 for Peripheral
